###############################################################################
#
# IAR ELF Linker V7.30.4.8167/W32 for ARM                 24/May/2016  16:26:14
# Copyright 2007-2014 IAR Systems AB.
#
#    Output file  =  
#        E:\data\8711\My-RTL8711\sdk-ameba1-v3.4b_ECN_20151106\project\realtek_ameba1_va0_example\EWARM-RELEASE\UVC\Exe\application.axf
#    Map file     =  
#        E:\data\8711\My-RTL8711\sdk-ameba1-v3.4b_ECN_20151106\project\realtek_ameba1_va0_example\EWARM-RELEASE\UVC\List\application.map
#    Command line =  
#        E:\data\8711\My-RTL8711\sdk-ameba1-v3.4b_ECN_20151106\project\realtek_ameba1_va0_example\EWARM-RELEASE\UVC\Obj\aes.o
#        E:\data\8711\My-RTL8711\sdk-ameba1-v3.4b_ECN_20151106\project\realtek_ameba1_va0_example\EWARM-RELEASE\UVC\Obj\aesni.o
#        E:\data\8711\My-RTL8711\sdk-ameba1-v3.4b_ECN_20151106\project\realtek_ameba1_va0_example\EWARM-RELEASE\UVC\Obj\analogin_api.o
#        E:\data\8711\My-RTL8711\sdk-ameba1-v3.4b_ECN_20151106\project\realtek_ameba1_va0_example\EWARM-RELEASE\UVC\Obj\api_lib.o
#        E:\data\8711\My-RTL8711\sdk-ameba1-v3.4b_ECN_20151106\project\realtek_ameba1_va0_example\EWARM-RELEASE\UVC\Obj\api_msg.o
#        E:\data\8711\My-RTL8711\sdk-ameba1-v3.4b_ECN_20151106\project\realtek_ameba1_va0_example\EWARM-RELEASE\UVC\Obj\arc4.o
#        E:\data\8711\My-RTL8711\sdk-ameba1-v3.4b_ECN_20151106\project\realtek_ameba1_va0_example\EWARM-RELEASE\UVC\Obj\asn1parse.o
#        E:\data\8711\My-RTL8711\sdk-ameba1-v3.4b_ECN_20151106\project\realtek_ameba1_va0_example\EWARM-RELEASE\UVC\Obj\asn1write.o
#        E:\data\8711\My-RTL8711\sdk-ameba1-v3.4b_ECN_20151106\project\realtek_ameba1_va0_example\EWARM-RELEASE\UVC\Obj\atcmd_google.o
#        E:\data\8711\My-RTL8711\sdk-ameba1-v3.4b_ECN_20151106\project\realtek_ameba1_va0_example\EWARM-RELEASE\UVC\Obj\atcmd_sys.o
#        E:\data\8711\My-RTL8711\sdk-ameba1-v3.4b_ECN_20151106\project\realtek_ameba1_va0_example\EWARM-RELEASE\UVC\Obj\atcmd_wifi.o
#        E:\data\8711\My-RTL8711\sdk-ameba1-v3.4b_ECN_20151106\project\realtek_ameba1_va0_example\EWARM-RELEASE\UVC\Obj\autoip.o
#        E:\data\8711\My-RTL8711\sdk-ameba1-v3.4b_ECN_20151106\project\realtek_ameba1_va0_example\EWARM-RELEASE\UVC\Obj\base64.o
#        E:\data\8711\My-RTL8711\sdk-ameba1-v3.4b_ECN_20151106\project\realtek_ameba1_va0_example\EWARM-RELEASE\UVC\Obj\bignum.o
#        E:\data\8711\My-RTL8711\sdk-ameba1-v3.4b_ECN_20151106\project\realtek_ameba1_va0_example\EWARM-RELEASE\UVC\Obj\blowfish.o
#        E:\data\8711\My-RTL8711\sdk-ameba1-v3.4b_ECN_20151106\project\realtek_ameba1_va0_example\EWARM-RELEASE\UVC\Obj\camellia.o
#        E:\data\8711\My-RTL8711\sdk-ameba1-v3.4b_ECN_20151106\project\realtek_ameba1_va0_example\EWARM-RELEASE\UVC\Obj\ccm.o
#        E:\data\8711\My-RTL8711\sdk-ameba1-v3.4b_ECN_20151106\project\realtek_ameba1_va0_example\EWARM-RELEASE\UVC\Obj\certs.o
#        E:\data\8711\My-RTL8711\sdk-ameba1-v3.4b_ECN_20151106\project\realtek_ameba1_va0_example\EWARM-RELEASE\UVC\Obj\cipher.o
#        E:\data\8711\My-RTL8711\sdk-ameba1-v3.4b_ECN_20151106\project\realtek_ameba1_va0_example\EWARM-RELEASE\UVC\Obj\cipher_wrap.o
#        E:\data\8711\My-RTL8711\sdk-ameba1-v3.4b_ECN_20151106\project\realtek_ameba1_va0_example\EWARM-RELEASE\UVC\Obj\cJSON.o
#        E:\data\8711\My-RTL8711\sdk-ameba1-v3.4b_ECN_20151106\project\realtek_ameba1_va0_example\EWARM-RELEASE\UVC\Obj\cloud_link.o
#        E:\data\8711\My-RTL8711\sdk-ameba1-v3.4b_ECN_20151106\project\realtek_ameba1_va0_example\EWARM-RELEASE\UVC\Obj\cmsis_os.o
#        E:\data\8711\My-RTL8711\sdk-ameba1-v3.4b_ECN_20151106\project\realtek_ameba1_va0_example\EWARM-RELEASE\UVC\Obj\croutine.o
#        E:\data\8711\My-RTL8711\sdk-ameba1-v3.4b_ECN_20151106\project\realtek_ameba1_va0_example\EWARM-RELEASE\UVC\Obj\ctr_drbg.o
#        E:\data\8711\My-RTL8711\sdk-ameba1-v3.4b_ECN_20151106\project\realtek_ameba1_va0_example\EWARM-RELEASE\UVC\Obj\debug.o
#        E:\data\8711\My-RTL8711\sdk-ameba1-v3.4b_ECN_20151106\project\realtek_ameba1_va0_example\EWARM-RELEASE\UVC\Obj\def.o
#        E:\data\8711\My-RTL8711\sdk-ameba1-v3.4b_ECN_20151106\project\realtek_ameba1_va0_example\EWARM-RELEASE\UVC\Obj\des.o
#        E:\data\8711\My-RTL8711\sdk-ameba1-v3.4b_ECN_20151106\project\realtek_ameba1_va0_example\EWARM-RELEASE\UVC\Obj\dhcp.o
#        E:\data\8711\My-RTL8711\sdk-ameba1-v3.4b_ECN_20151106\project\realtek_ameba1_va0_example\EWARM-RELEASE\UVC\Obj\dhcps.o
#        E:\data\8711\My-RTL8711\sdk-ameba1-v3.4b_ECN_20151106\project\realtek_ameba1_va0_example\EWARM-RELEASE\UVC\Obj\dhm.o
#        E:\data\8711\My-RTL8711\sdk-ameba1-v3.4b_ECN_20151106\project\realtek_ameba1_va0_example\EWARM-RELEASE\UVC\Obj\dma_api.o
#        E:\data\8711\My-RTL8711\sdk-ameba1-v3.4b_ECN_20151106\project\realtek_ameba1_va0_example\EWARM-RELEASE\UVC\Obj\dns.o
#        E:\data\8711\My-RTL8711\sdk-ameba1-v3.4b_ECN_20151106\project\realtek_ameba1_va0_example\EWARM-RELEASE\UVC\Obj\ecdh.o
#        E:\data\8711\My-RTL8711\sdk-ameba1-v3.4b_ECN_20151106\project\realtek_ameba1_va0_example\EWARM-RELEASE\UVC\Obj\ecdsa.o
#        E:\data\8711\My-RTL8711\sdk-ameba1-v3.4b_ECN_20151106\project\realtek_ameba1_va0_example\EWARM-RELEASE\UVC\Obj\ecp.o
#        E:\data\8711\My-RTL8711\sdk-ameba1-v3.4b_ECN_20151106\project\realtek_ameba1_va0_example\EWARM-RELEASE\UVC\Obj\ecp_curves.o
#        E:\data\8711\My-RTL8711\sdk-ameba1-v3.4b_ECN_20151106\project\realtek_ameba1_va0_example\EWARM-RELEASE\UVC\Obj\efuse1_api.o
#        E:\data\8711\My-RTL8711\sdk-ameba1-v3.4b_ECN_20151106\project\realtek_ameba1_va0_example\EWARM-RELEASE\UVC\Obj\efuse2_api.o
#        E:\data\8711\My-RTL8711\sdk-ameba1-v3.4b_ECN_20151106\project\realtek_ameba1_va0_example\EWARM-RELEASE\UVC\Obj\efuse3_api.o
#        E:\data\8711\My-RTL8711\sdk-ameba1-v3.4b_ECN_20151106\project\realtek_ameba1_va0_example\EWARM-RELEASE\UVC\Obj\entropy.o
#        E:\data\8711\My-RTL8711\sdk-ameba1-v3.4b_ECN_20151106\project\realtek_ameba1_va0_example\EWARM-RELEASE\UVC\Obj\entropy_poll.o
#        E:\data\8711\My-RTL8711\sdk-ameba1-v3.4b_ECN_20151106\project\realtek_ameba1_va0_example\EWARM-RELEASE\UVC\Obj\err.o
#        E:\data\8711\My-RTL8711\sdk-ameba1-v3.4b_ECN_20151106\project\realtek_ameba1_va0_example\EWARM-RELEASE\UVC\Obj\error.o
#        E:\data\8711\My-RTL8711\sdk-ameba1-v3.4b_ECN_20151106\project\realtek_ameba1_va0_example\EWARM-RELEASE\UVC\Obj\etharp.o
#        E:\data\8711\My-RTL8711\sdk-ameba1-v3.4b_ECN_20151106\project\realtek_ameba1_va0_example\EWARM-RELEASE\UVC\Obj\ethernetif.o
#        E:\data\8711\My-RTL8711\sdk-ameba1-v3.4b_ECN_20151106\project\realtek_ameba1_va0_example\EWARM-RELEASE\UVC\Obj\event_groups.o
#        E:\data\8711\My-RTL8711\sdk-ameba1-v3.4b_ECN_20151106\project\realtek_ameba1_va0_example\EWARM-RELEASE\UVC\Obj\example_entry.o
#        E:\data\8711\My-RTL8711\sdk-ameba1-v3.4b_ECN_20151106\project\realtek_ameba1_va0_example\EWARM-RELEASE\UVC\Obj\example_google.o
#        E:\data\8711\My-RTL8711\sdk-ameba1-v3.4b_ECN_20151106\project\realtek_ameba1_va0_example\EWARM-RELEASE\UVC\Obj\example_mcast.o
#        E:\data\8711\My-RTL8711\sdk-ameba1-v3.4b_ECN_20151106\project\realtek_ameba1_va0_example\EWARM-RELEASE\UVC\Obj\example_mdns.o
#        E:\data\8711\My-RTL8711\sdk-ameba1-v3.4b_ECN_20151106\project\realtek_ameba1_va0_example\EWARM-RELEASE\UVC\Obj\example_socket_select.o
#        E:\data\8711\My-RTL8711\sdk-ameba1-v3.4b_ECN_20151106\project\realtek_ameba1_va0_example\EWARM-RELEASE\UVC\Obj\example_ssl_download.o
#        E:\data\8711\My-RTL8711\sdk-ameba1-v3.4b_ECN_20151106\project\realtek_ameba1_va0_example\EWARM-RELEASE\UVC\Obj\example_uvc.o
#        E:\data\8711\My-RTL8711\sdk-ameba1-v3.4b_ECN_20151106\project\realtek_ameba1_va0_example\EWARM-RELEASE\UVC\Obj\example_wlan_fast_connect.o
#        E:\data\8711\My-RTL8711\sdk-ameba1-v3.4b_ECN_20151106\project\realtek_ameba1_va0_example\EWARM-RELEASE\UVC\Obj\example_xml.o
#        E:\data\8711\My-RTL8711\sdk-ameba1-v3.4b_ECN_20151106\project\realtek_ameba1_va0_example\EWARM-RELEASE\UVC\Obj\flash_api.o
#        E:\data\8711\My-RTL8711\sdk-ameba1-v3.4b_ECN_20151106\project\realtek_ameba1_va0_example\EWARM-RELEASE\UVC\Obj\freertos_pmu.o
#        E:\data\8711\My-RTL8711\sdk-ameba1-v3.4b_ECN_20151106\project\realtek_ameba1_va0_example\EWARM-RELEASE\UVC\Obj\freertos_service.o
#        E:\data\8711\My-RTL8711\sdk-ameba1-v3.4b_ECN_20151106\project\realtek_ameba1_va0_example\EWARM-RELEASE\UVC\Obj\gcm.o
#        E:\data\8711\My-RTL8711\sdk-ameba1-v3.4b_ECN_20151106\project\realtek_ameba1_va0_example\EWARM-RELEASE\UVC\Obj\gpio_api.o
#        E:\data\8711\My-RTL8711\sdk-ameba1-v3.4b_ECN_20151106\project\realtek_ameba1_va0_example\EWARM-RELEASE\UVC\Obj\gpio_irq_api.o
#        E:\data\8711\My-RTL8711\sdk-ameba1-v3.4b_ECN_20151106\project\realtek_ameba1_va0_example\EWARM-RELEASE\UVC\Obj\hal_32k.o
#        E:\data\8711\My-RTL8711\sdk-ameba1-v3.4b_ECN_20151106\project\realtek_ameba1_va0_example\EWARM-RELEASE\UVC\Obj\hal_adc.o
#        E:\data\8711\My-RTL8711\sdk-ameba1-v3.4b_ECN_20151106\project\realtek_ameba1_va0_example\EWARM-RELEASE\UVC\Obj\hal_gdma.o
#        E:\data\8711\My-RTL8711\sdk-ameba1-v3.4b_ECN_20151106\project\realtek_ameba1_va0_example\EWARM-RELEASE\UVC\Obj\hal_gpio.o
#        E:\data\8711\My-RTL8711\sdk-ameba1-v3.4b_ECN_20151106\project\realtek_ameba1_va0_example\EWARM-RELEASE\UVC\Obj\hal_i2c.o
#        E:\data\8711\My-RTL8711\sdk-ameba1-v3.4b_ECN_20151106\project\realtek_ameba1_va0_example\EWARM-RELEASE\UVC\Obj\hal_i2s.o
#        E:\data\8711\My-RTL8711\sdk-ameba1-v3.4b_ECN_20151106\project\realtek_ameba1_va0_example\EWARM-RELEASE\UVC\Obj\hal_mii.o
#        E:\data\8711\My-RTL8711\sdk-ameba1-v3.4b_ECN_20151106\project\realtek_ameba1_va0_example\EWARM-RELEASE\UVC\Obj\hal_nfc.o
#        E:\data\8711\My-RTL8711\sdk-ameba1-v3.4b_ECN_20151106\project\realtek_ameba1_va0_example\EWARM-RELEASE\UVC\Obj\hal_pcm.o
#        E:\data\8711\My-RTL8711\sdk-ameba1-v3.4b_ECN_20151106\project\realtek_ameba1_va0_example\EWARM-RELEASE\UVC\Obj\hal_pwm.o
#        E:\data\8711\My-RTL8711\sdk-ameba1-v3.4b_ECN_20151106\project\realtek_ameba1_va0_example\EWARM-RELEASE\UVC\Obj\hal_sdr_controller.o
#        E:\data\8711\My-RTL8711\sdk-ameba1-v3.4b_ECN_20151106\project\realtek_ameba1_va0_example\EWARM-RELEASE\UVC\Obj\hal_soc_ps_monitor.o
#        E:\data\8711\My-RTL8711\sdk-ameba1-v3.4b_ECN_20151106\project\realtek_ameba1_va0_example\EWARM-RELEASE\UVC\Obj\hal_ssi.o
#        E:\data\8711\My-RTL8711\sdk-ameba1-v3.4b_ECN_20151106\project\realtek_ameba1_va0_example\EWARM-RELEASE\UVC\Obj\hal_timer.o
#        E:\data\8711\My-RTL8711\sdk-ameba1-v3.4b_ECN_20151106\project\realtek_ameba1_va0_example\EWARM-RELEASE\UVC\Obj\hal_uart.o
#        E:\data\8711\My-RTL8711\sdk-ameba1-v3.4b_ECN_20151106\project\realtek_ameba1_va0_example\EWARM-RELEASE\UVC\Obj\havege.o
#        E:\data\8711\My-RTL8711\sdk-ameba1-v3.4b_ECN_20151106\project\realtek_ameba1_va0_example\EWARM-RELEASE\UVC\Obj\heap_5.o
#        E:\data\8711\My-RTL8711\sdk-ameba1-v3.4b_ECN_20151106\project\realtek_ameba1_va0_example\EWARM-RELEASE\UVC\Obj\hmac_drbg.o
#        E:\data\8711\My-RTL8711\sdk-ameba1-v3.4b_ECN_20151106\project\realtek_ameba1_va0_example\EWARM-RELEASE\UVC\Obj\i2c_api.o
#        E:\data\8711\My-RTL8711\sdk-ameba1-v3.4b_ECN_20151106\project\realtek_ameba1_va0_example\EWARM-RELEASE\UVC\Obj\i2s_api.o
#        E:\data\8711\My-RTL8711\sdk-ameba1-v3.4b_ECN_20151106\project\realtek_ameba1_va0_example\EWARM-RELEASE\UVC\Obj\icmp.o
#        E:\data\8711\My-RTL8711\sdk-ameba1-v3.4b_ECN_20151106\project\realtek_ameba1_va0_example\EWARM-RELEASE\UVC\Obj\igmp.o
#        E:\data\8711\My-RTL8711\sdk-ameba1-v3.4b_ECN_20151106\project\realtek_ameba1_va0_example\EWARM-RELEASE\UVC\Obj\inet.o
#        E:\data\8711\My-RTL8711\sdk-ameba1-v3.4b_ECN_20151106\project\realtek_ameba1_va0_example\EWARM-RELEASE\UVC\Obj\inet_chksum.o
#        E:\data\8711\My-RTL8711\sdk-ameba1-v3.4b_ECN_20151106\project\realtek_ameba1_va0_example\EWARM-RELEASE\UVC\Obj\init.o
#        E:\data\8711\My-RTL8711\sdk-ameba1-v3.4b_ECN_20151106\project\realtek_ameba1_va0_example\EWARM-RELEASE\UVC\Obj\ip.o
#        E:\data\8711\My-RTL8711\sdk-ameba1-v3.4b_ECN_20151106\project\realtek_ameba1_va0_example\EWARM-RELEASE\UVC\Obj\ip_addr.o
#        E:\data\8711\My-RTL8711\sdk-ameba1-v3.4b_ECN_20151106\project\realtek_ameba1_va0_example\EWARM-RELEASE\UVC\Obj\ip_frag.o
#        E:\data\8711\My-RTL8711\sdk-ameba1-v3.4b_ECN_20151106\component\soc\realtek\8195a\misc\bsp\lib\common\IAR\lib_mdns.a
#        E:\data\8711\My-RTL8711\sdk-ameba1-v3.4b_ECN_20151106\component\soc\realtek\8195a\misc\bsp\lib\common\IAR\lib_platform.a
#        E:\data\8711\My-RTL8711\sdk-ameba1-v3.4b_ECN_20151106\component\soc\realtek\8195a\misc\bsp\lib\common\IAR\lib_rtlstd.a
#        E:\data\8711\My-RTL8711\sdk-ameba1-v3.4b_ECN_20151106\component\soc\realtek\8195a\misc\bsp\lib\common\IAR\lib_usb.a
#        E:\data\8711\My-RTL8711\sdk-ameba1-v3.4b_ECN_20151106\component\soc\realtek\8195a\misc\bsp\lib\common\IAR\lib_uvc.a
#        E:\data\8711\My-RTL8711\sdk-ameba1-v3.4b_ECN_20151106\component\soc\realtek\8195a\misc\bsp\lib\common\IAR\lib_wlan.a
#        E:\data\8711\My-RTL8711\sdk-ameba1-v3.4b_ECN_20151106\component\soc\realtek\8195a\misc\bsp\lib\common\IAR\lib_wps.a
#        E:\data\8711\My-RTL8711\sdk-ameba1-v3.4b_ECN_20151106\project\realtek_ameba1_va0_example\EWARM-RELEASE\UVC\Obj\list.o
#        E:\data\8711\My-RTL8711\sdk-ameba1-v3.4b_ECN_20151106\project\realtek_ameba1_va0_example\EWARM-RELEASE\UVC\Obj\log_service.o
#        E:\data\8711\My-RTL8711\sdk-ameba1-v3.4b_ECN_20151106\project\realtek_ameba1_va0_example\EWARM-RELEASE\UVC\Obj\low_level_io.o
#        E:\data\8711\My-RTL8711\sdk-ameba1-v3.4b_ECN_20151106\project\realtek_ameba1_va0_example\EWARM-RELEASE\UVC\Obj\lwip_intf.o
#        E:\data\8711\My-RTL8711\sdk-ameba1-v3.4b_ECN_20151106\project\realtek_ameba1_va0_example\EWARM-RELEASE\UVC\Obj\lwip_netconf.o
#        E:\data\8711\My-RTL8711\sdk-ameba1-v3.4b_ECN_20151106\project\realtek_ameba1_va0_example\EWARM-RELEASE\UVC\Obj\lwip_timers.o
#        E:\data\8711\My-RTL8711\sdk-ameba1-v3.4b_ECN_20151106\project\realtek_ameba1_va0_example\EWARM-RELEASE\UVC\Obj\mailbox.o
#        E:\data\8711\My-RTL8711\sdk-ameba1-v3.4b_ECN_20151106\project\realtek_ameba1_va0_example\EWARM-RELEASE\UVC\Obj\main.o
#        E:\data\8711\My-RTL8711\sdk-ameba1-v3.4b_ECN_20151106\project\realtek_ameba1_va0_example\EWARM-RELEASE\UVC\Obj\md.o
#        E:\data\8711\My-RTL8711\sdk-ameba1-v3.4b_ECN_20151106\project\realtek_ameba1_va0_example\EWARM-RELEASE\UVC\Obj\md2.o
#        E:\data\8711\My-RTL8711\sdk-ameba1-v3.4b_ECN_20151106\project\realtek_ameba1_va0_example\EWARM-RELEASE\UVC\Obj\md4.o
#        E:\data\8711\My-RTL8711\sdk-ameba1-v3.4b_ECN_20151106\project\realtek_ameba1_va0_example\EWARM-RELEASE\UVC\Obj\md5.o
#        E:\data\8711\My-RTL8711\sdk-ameba1-v3.4b_ECN_20151106\project\realtek_ameba1_va0_example\EWARM-RELEASE\UVC\Obj\md_wrap.o
#        E:\data\8711\My-RTL8711\sdk-ameba1-v3.4b_ECN_20151106\project\realtek_ameba1_va0_example\EWARM-RELEASE\UVC\Obj\mDNSPlatform.o
#        E:\data\8711\My-RTL8711\sdk-ameba1-v3.4b_ECN_20151106\project\realtek_ameba1_va0_example\EWARM-RELEASE\UVC\Obj\mem.o
#        E:\data\8711\My-RTL8711\sdk-ameba1-v3.4b_ECN_20151106\project\realtek_ameba1_va0_example\EWARM-RELEASE\UVC\Obj\memory_buffer_alloc.o
#        E:\data\8711\My-RTL8711\sdk-ameba1-v3.4b_ECN_20151106\project\realtek_ameba1_va0_example\EWARM-RELEASE\UVC\Obj\memp.o
#        E:\data\8711\My-RTL8711\sdk-ameba1-v3.4b_ECN_20151106\project\realtek_ameba1_va0_example\EWARM-RELEASE\UVC\Obj\net.o
#        E:\data\8711\My-RTL8711\sdk-ameba1-v3.4b_ECN_20151106\project\realtek_ameba1_va0_example\EWARM-RELEASE\UVC\Obj\netbuf.o
#        E:\data\8711\My-RTL8711\sdk-ameba1-v3.4b_ECN_20151106\project\realtek_ameba1_va0_example\EWARM-RELEASE\UVC\Obj\netdb.o
#        E:\data\8711\My-RTL8711\sdk-ameba1-v3.4b_ECN_20151106\project\realtek_ameba1_va0_example\EWARM-RELEASE\UVC\Obj\netif.o
#        E:\data\8711\My-RTL8711\sdk-ameba1-v3.4b_ECN_20151106\project\realtek_ameba1_va0_example\EWARM-RELEASE\UVC\Obj\netifapi.o
#        E:\data\8711\My-RTL8711\sdk-ameba1-v3.4b_ECN_20151106\project\realtek_ameba1_va0_example\EWARM-RELEASE\UVC\Obj\nfc_api.o
#        E:\data\8711\My-RTL8711\sdk-ameba1-v3.4b_ECN_20151106\project\realtek_ameba1_va0_example\EWARM-RELEASE\UVC\Obj\oid.o
#        E:\data\8711\My-RTL8711\sdk-ameba1-v3.4b_ECN_20151106\project\realtek_ameba1_va0_example\EWARM-RELEASE\UVC\Obj\osdep_api.o
#        E:\data\8711\My-RTL8711\sdk-ameba1-v3.4b_ECN_20151106\project\realtek_ameba1_va0_example\EWARM-RELEASE\UVC\Obj\osdep_service.o
#        E:\data\8711\My-RTL8711\sdk-ameba1-v3.4b_ECN_20151106\project\realtek_ameba1_va0_example\EWARM-RELEASE\UVC\Obj\padlock.o
#        E:\data\8711\My-RTL8711\sdk-ameba1-v3.4b_ECN_20151106\project\realtek_ameba1_va0_example\EWARM-RELEASE\UVC\Obj\pbkdf2.o
#        E:\data\8711\My-RTL8711\sdk-ameba1-v3.4b_ECN_20151106\project\realtek_ameba1_va0_example\EWARM-RELEASE\UVC\Obj\pbuf.o
#        E:\data\8711\My-RTL8711\sdk-ameba1-v3.4b_ECN_20151106\project\realtek_ameba1_va0_example\EWARM-RELEASE\UVC\Obj\pem.o
#        E:\data\8711\My-RTL8711\sdk-ameba1-v3.4b_ECN_20151106\project\realtek_ameba1_va0_example\EWARM-RELEASE\UVC\Obj\ping_test.o
#        E:\data\8711\My-RTL8711\sdk-ameba1-v3.4b_ECN_20151106\project\realtek_ameba1_va0_example\EWARM-RELEASE\UVC\Obj\pinmap.o
#        E:\data\8711\My-RTL8711\sdk-ameba1-v3.4b_ECN_20151106\project\realtek_ameba1_va0_example\EWARM-RELEASE\UVC\Obj\pinmap_common.o
#        E:\data\8711\My-RTL8711\sdk-ameba1-v3.4b_ECN_20151106\project\realtek_ameba1_va0_example\EWARM-RELEASE\UVC\Obj\pk.o
#        E:\data\8711\My-RTL8711\sdk-ameba1-v3.4b_ECN_20151106\project\realtek_ameba1_va0_example\EWARM-RELEASE\UVC\Obj\pk_wrap.o
#        E:\data\8711\My-RTL8711\sdk-ameba1-v3.4b_ECN_20151106\project\realtek_ameba1_va0_example\EWARM-RELEASE\UVC\Obj\pkcs11.o
#        E:\data\8711\My-RTL8711\sdk-ameba1-v3.4b_ECN_20151106\project\realtek_ameba1_va0_example\EWARM-RELEASE\UVC\Obj\pkcs12.o
#        E:\data\8711\My-RTL8711\sdk-ameba1-v3.4b_ECN_20151106\project\realtek_ameba1_va0_example\EWARM-RELEASE\UVC\Obj\pkcs5.o
#        E:\data\8711\My-RTL8711\sdk-ameba1-v3.4b_ECN_20151106\project\realtek_ameba1_va0_example\EWARM-RELEASE\UVC\Obj\pkparse.o
#        E:\data\8711\My-RTL8711\sdk-ameba1-v3.4b_ECN_20151106\project\realtek_ameba1_va0_example\EWARM-RELEASE\UVC\Obj\pkwrite.o
#        E:\data\8711\My-RTL8711\sdk-ameba1-v3.4b_ECN_20151106\project\realtek_ameba1_va0_example\EWARM-RELEASE\UVC\Obj\platform.o
#        E:\data\8711\My-RTL8711\sdk-ameba1-v3.4b_ECN_20151106\project\realtek_ameba1_va0_example\EWARM-RELEASE\UVC\Obj\port.o
#        E:\data\8711\My-RTL8711\sdk-ameba1-v3.4b_ECN_20151106\project\realtek_ameba1_va0_example\EWARM-RELEASE\UVC\Obj\port_api.o
#        E:\data\8711\My-RTL8711\sdk-ameba1-v3.4b_ECN_20151106\project\realtek_ameba1_va0_example\EWARM-RELEASE\UVC\Obj\portasm.o
#        E:\data\8711\My-RTL8711\sdk-ameba1-v3.4b_ECN_20151106\project\realtek_ameba1_va0_example\EWARM-RELEASE\UVC\Obj\pwmout_api.o
#        E:\data\8711\My-RTL8711\sdk-ameba1-v3.4b_ECN_20151106\project\realtek_ameba1_va0_example\EWARM-RELEASE\UVC\Obj\queue.o
#        E:\data\8711\My-RTL8711\sdk-ameba1-v3.4b_ECN_20151106\project\realtek_ameba1_va0_example\EWARM-RELEASE\UVC\Obj\raw.o
#        E:\data\8711\My-RTL8711\sdk-ameba1-v3.4b_ECN_20151106\project\realtek_ameba1_va0_example\EWARM-RELEASE\UVC\Obj\ripemd160.o
#        E:\data\8711\My-RTL8711\sdk-ameba1-v3.4b_ECN_20151106\component\soc\realtek\8195a\misc\bsp\lib\va0\rom.a
#        E:\data\8711\My-RTL8711\sdk-ameba1-v3.4b_ECN_20151106\project\realtek_ameba1_va0_example\EWARM-RELEASE\UVC\Obj\rom_ssl_ram_map.o
#        E:\data\8711\My-RTL8711\sdk-ameba1-v3.4b_ECN_20151106\project\realtek_ameba1_va0_example\EWARM-RELEASE\UVC\Obj\rsa.o
#        E:\data\8711\My-RTL8711\sdk-ameba1-v3.4b_ECN_20151106\project\realtek_ameba1_va0_example\EWARM-RELEASE\UVC\Obj\rtc_api.o
#        E:\data\8711\My-RTL8711\sdk-ameba1-v3.4b_ECN_20151106\project\realtek_ameba1_va0_example\EWARM-RELEASE\UVC\Obj\rtl8195a_adc.o
#        E:\data\8711\My-RTL8711\sdk-ameba1-v3.4b_ECN_20151106\project\realtek_ameba1_va0_example\EWARM-RELEASE\UVC\Obj\rtl8195a_gdma.o
#        E:\data\8711\My-RTL8711\sdk-ameba1-v3.4b_ECN_20151106\project\realtek_ameba1_va0_example\EWARM-RELEASE\UVC\Obj\rtl8195a_gpio.o
#        E:\data\8711\My-RTL8711\sdk-ameba1-v3.4b_ECN_20151106\project\realtek_ameba1_va0_example\EWARM-RELEASE\UVC\Obj\rtl8195a_i2c.o
#        E:\data\8711\My-RTL8711\sdk-ameba1-v3.4b_ECN_20151106\project\realtek_ameba1_va0_example\EWARM-RELEASE\UVC\Obj\rtl8195a_i2s.o
#        E:\data\8711\My-RTL8711\sdk-ameba1-v3.4b_ECN_20151106\project\realtek_ameba1_va0_example\EWARM-RELEASE\UVC\Obj\rtl8195a_it.o
#        E:\data\8711\My-RTL8711\sdk-ameba1-v3.4b_ECN_20151106\project\realtek_ameba1_va0_example\EWARM-RELEASE\UVC\Obj\rtl8195a_nfc.o
#        E:\data\8711\My-RTL8711\sdk-ameba1-v3.4b_ECN_20151106\project\realtek_ameba1_va0_example\EWARM-RELEASE\UVC\Obj\rtl8195a_pwm.o
#        E:\data\8711\My-RTL8711\sdk-ameba1-v3.4b_ECN_20151106\project\realtek_ameba1_va0_example\EWARM-RELEASE\UVC\Obj\rtl8195a_ssi.o
#        E:\data\8711\My-RTL8711\sdk-ameba1-v3.4b_ECN_20151106\project\realtek_ameba1_va0_example\EWARM-RELEASE\UVC\Obj\rtl8195a_timer.o
#        E:\data\8711\My-RTL8711\sdk-ameba1-v3.4b_ECN_20151106\project\realtek_ameba1_va0_example\EWARM-RELEASE\UVC\Obj\rtl8195a_uart.o
#        E:\data\8711\My-RTL8711\sdk-ameba1-v3.4b_ECN_20151106\project\realtek_ameba1_va0_example\EWARM-RELEASE\UVC\Obj\rtl_consol.o
#        E:\data\8711\My-RTL8711\sdk-ameba1-v3.4b_ECN_20151106\project\realtek_ameba1_va0_example\EWARM-RELEASE\UVC\Obj\serial_api.o
#        E:\data\8711\My-RTL8711\sdk-ameba1-v3.4b_ECN_20151106\project\realtek_ameba1_va0_example\EWARM-RELEASE\UVC\Obj\sha1.o
#        E:\data\8711\My-RTL8711\sdk-ameba1-v3.4b_ECN_20151106\project\realtek_ameba1_va0_example\EWARM-RELEASE\UVC\Obj\sha256.o
#        E:\data\8711\My-RTL8711\sdk-ameba1-v3.4b_ECN_20151106\project\realtek_ameba1_va0_example\EWARM-RELEASE\UVC\Obj\sha512.o
#        E:\data\8711\My-RTL8711\sdk-ameba1-v3.4b_ECN_20151106\project\realtek_ameba1_va0_example\EWARM-RELEASE\UVC\Obj\shtc1.o
#        E:\data\8711\My-RTL8711\sdk-ameba1-v3.4b_ECN_20151106\project\realtek_ameba1_va0_example\EWARM-RELEASE\UVC\Obj\sleep.o
#        E:\data\8711\My-RTL8711\sdk-ameba1-v3.4b_ECN_20151106\project\realtek_ameba1_va0_example\EWARM-RELEASE\UVC\Obj\sockets.o
#        E:\data\8711\My-RTL8711\sdk-ameba1-v3.4b_ECN_20151106\project\realtek_ameba1_va0_example\EWARM-RELEASE\UVC\Obj\spi_api.o
#        E:\data\8711\My-RTL8711\sdk-ameba1-v3.4b_ECN_20151106\project\realtek_ameba1_va0_example\EWARM-RELEASE\UVC\Obj\ssl_cache.o
#        E:\data\8711\My-RTL8711\sdk-ameba1-v3.4b_ECN_20151106\project\realtek_ameba1_va0_example\EWARM-RELEASE\UVC\Obj\ssl_ciphersuites.o
#        E:\data\8711\My-RTL8711\sdk-ameba1-v3.4b_ECN_20151106\project\realtek_ameba1_va0_example\EWARM-RELEASE\UVC\Obj\ssl_cli.o
#        E:\data\8711\My-RTL8711\sdk-ameba1-v3.4b_ECN_20151106\project\realtek_ameba1_va0_example\EWARM-RELEASE\UVC\Obj\ssl_client.o
#        E:\data\8711\My-RTL8711\sdk-ameba1-v3.4b_ECN_20151106\project\realtek_ameba1_va0_example\EWARM-RELEASE\UVC\Obj\ssl_ram_map.o
#        E:\data\8711\My-RTL8711\sdk-ameba1-v3.4b_ECN_20151106\project\realtek_ameba1_va0_example\EWARM-RELEASE\UVC\Obj\ssl_srv.o
#        E:\data\8711\My-RTL8711\sdk-ameba1-v3.4b_ECN_20151106\project\realtek_ameba1_va0_example\EWARM-RELEASE\UVC\Obj\ssl_tls.o
#        E:\data\8711\My-RTL8711\sdk-ameba1-v3.4b_ECN_20151106\project\realtek_ameba1_va0_example\EWARM-RELEASE\UVC\Obj\stats.o
#        E:\data\8711\My-RTL8711\sdk-ameba1-v3.4b_ECN_20151106\project\realtek_ameba1_va0_example\EWARM-RELEASE\UVC\Obj\stdlib_patch.o
#        E:\data\8711\My-RTL8711\sdk-ameba1-v3.4b_ECN_20151106\project\realtek_ameba1_va0_example\EWARM-RELEASE\UVC\Obj\sys.o
#        E:\data\8711\My-RTL8711\sdk-ameba1-v3.4b_ECN_20151106\project\realtek_ameba1_va0_example\EWARM-RELEASE\UVC\Obj\sys_api.o
#        E:\data\8711\My-RTL8711\sdk-ameba1-v3.4b_ECN_20151106\project\realtek_ameba1_va0_example\EWARM-RELEASE\UVC\Obj\sys_arch.o
#        E:\data\8711\My-RTL8711\sdk-ameba1-v3.4b_ECN_20151106\project\realtek_ameba1_va0_example\EWARM-RELEASE\UVC\Obj\system_8195a.o
#        E:\data\8711\My-RTL8711\sdk-ameba1-v3.4b_ECN_20151106\project\realtek_ameba1_va0_example\EWARM-RELEASE\UVC\Obj\tasks.o
#        E:\data\8711\My-RTL8711\sdk-ameba1-v3.4b_ECN_20151106\project\realtek_ameba1_va0_example\EWARM-RELEASE\UVC\Obj\tcm_heap.o
#        E:\data\8711\My-RTL8711\sdk-ameba1-v3.4b_ECN_20151106\project\realtek_ameba1_va0_example\EWARM-RELEASE\UVC\Obj\tcp.o
#        E:\data\8711\My-RTL8711\sdk-ameba1-v3.4b_ECN_20151106\project\realtek_ameba1_va0_example\EWARM-RELEASE\UVC\Obj\tcp_in.o
#        E:\data\8711\My-RTL8711\sdk-ameba1-v3.4b_ECN_20151106\project\realtek_ameba1_va0_example\EWARM-RELEASE\UVC\Obj\tcp_out.o
#        E:\data\8711\My-RTL8711\sdk-ameba1-v3.4b_ECN_20151106\project\realtek_ameba1_va0_example\EWARM-RELEASE\UVC\Obj\tcpip.o
#        E:\data\8711\My-RTL8711\sdk-ameba1-v3.4b_ECN_20151106\project\realtek_ameba1_va0_example\EWARM-RELEASE\UVC\Obj\tcptest.o
#        E:\data\8711\My-RTL8711\sdk-ameba1-v3.4b_ECN_20151106\project\realtek_ameba1_va0_example\EWARM-RELEASE\UVC\Obj\threading.o
#        E:\data\8711\My-RTL8711\sdk-ameba1-v3.4b_ECN_20151106\project\realtek_ameba1_va0_example\EWARM-RELEASE\UVC\Obj\timer_api.o
#        E:\data\8711\My-RTL8711\sdk-ameba1-v3.4b_ECN_20151106\project\realtek_ameba1_va0_example\EWARM-RELEASE\UVC\Obj\timers.o
#        E:\data\8711\My-RTL8711\sdk-ameba1-v3.4b_ECN_20151106\project\realtek_ameba1_va0_example\EWARM-RELEASE\UVC\Obj\timing.o
#        E:\data\8711\My-RTL8711\sdk-ameba1-v3.4b_ECN_20151106\project\realtek_ameba1_va0_example\EWARM-RELEASE\UVC\Obj\uart_adapter.o
#        E:\data\8711\My-RTL8711\sdk-ameba1-v3.4b_ECN_20151106\project\realtek_ameba1_va0_example\EWARM-RELEASE\UVC\Obj\uart_socket.o
#        E:\data\8711\My-RTL8711\sdk-ameba1-v3.4b_ECN_20151106\project\realtek_ameba1_va0_example\EWARM-RELEASE\UVC\Obj\udp.o
#        E:\data\8711\My-RTL8711\sdk-ameba1-v3.4b_ECN_20151106\project\realtek_ameba1_va0_example\EWARM-RELEASE\UVC\Obj\update.o
#        E:\data\8711\My-RTL8711\sdk-ameba1-v3.4b_ECN_20151106\project\realtek_ameba1_va0_example\EWARM-RELEASE\UVC\Obj\us_ticker.o
#        E:\data\8711\My-RTL8711\sdk-ameba1-v3.4b_ECN_20151106\project\realtek_ameba1_va0_example\EWARM-RELEASE\UVC\Obj\us_ticker_api.o
#        E:\data\8711\My-RTL8711\sdk-ameba1-v3.4b_ECN_20151106\project\realtek_ameba1_va0_example\EWARM-RELEASE\UVC\Obj\version.o
#        E:\data\8711\My-RTL8711\sdk-ameba1-v3.4b_ECN_20151106\project\realtek_ameba1_va0_example\EWARM-RELEASE\UVC\Obj\version_features.o
#        E:\data\8711\My-RTL8711\sdk-ameba1-v3.4b_ECN_20151106\project\realtek_ameba1_va0_example\EWARM-RELEASE\UVC\Obj\wait_api.o
#        E:\data\8711\My-RTL8711\sdk-ameba1-v3.4b_ECN_20151106\project\realtek_ameba1_va0_example\EWARM-RELEASE\UVC\Obj\wdt_api.o
#        E:\data\8711\My-RTL8711\sdk-ameba1-v3.4b_ECN_20151106\project\realtek_ameba1_va0_example\EWARM-RELEASE\UVC\Obj\webserver.o
#        E:\data\8711\My-RTL8711\sdk-ameba1-v3.4b_ECN_20151106\project\realtek_ameba1_va0_example\EWARM-RELEASE\UVC\Obj\wifi_conf.o
#        E:\data\8711\My-RTL8711\sdk-ameba1-v3.4b_ECN_20151106\project\realtek_ameba1_va0_example\EWARM-RELEASE\UVC\Obj\wifi_ind.o
#        E:\data\8711\My-RTL8711\sdk-ameba1-v3.4b_ECN_20151106\project\realtek_ameba1_va0_example\EWARM-RELEASE\UVC\Obj\wifi_interactive_mode.o
#        E:\data\8711\My-RTL8711\sdk-ameba1-v3.4b_ECN_20151106\project\realtek_ameba1_va0_example\EWARM-RELEASE\UVC\Obj\wifi_promisc.o
#        E:\data\8711\My-RTL8711\sdk-ameba1-v3.4b_ECN_20151106\project\realtek_ameba1_va0_example\EWARM-RELEASE\UVC\Obj\wifi_simple_config.o
#        E:\data\8711\My-RTL8711\sdk-ameba1-v3.4b_ECN_20151106\project\realtek_ameba1_va0_example\EWARM-RELEASE\UVC\Obj\wifi_skbuf.o
#        E:\data\8711\My-RTL8711\sdk-ameba1-v3.4b_ECN_20151106\project\realtek_ameba1_va0_example\EWARM-RELEASE\UVC\Obj\wifi_util.o
#        E:\data\8711\My-RTL8711\sdk-ameba1-v3.4b_ECN_20151106\project\realtek_ameba1_va0_example\EWARM-RELEASE\UVC\Obj\wifi_wps_config.o
#        E:\data\8711\My-RTL8711\sdk-ameba1-v3.4b_ECN_20151106\project\realtek_ameba1_va0_example\EWARM-RELEASE\UVC\Obj\wigadget.o
#        E:\data\8711\My-RTL8711\sdk-ameba1-v3.4b_ECN_20151106\project\realtek_ameba1_va0_example\EWARM-RELEASE\UVC\Obj\wlan_network.o
#        E:\data\8711\My-RTL8711\sdk-ameba1-v3.4b_ECN_20151106\project\realtek_ameba1_va0_example\EWARM-RELEASE\UVC\Obj\x509.o
#        E:\data\8711\My-RTL8711\sdk-ameba1-v3.4b_ECN_20151106\project\realtek_ameba1_va0_example\EWARM-RELEASE\UVC\Obj\x509_create.o
#        E:\data\8711\My-RTL8711\sdk-ameba1-v3.4b_ECN_20151106\project\realtek_ameba1_va0_example\EWARM-RELEASE\UVC\Obj\x509_crl.o
#        E:\data\8711\My-RTL8711\sdk-ameba1-v3.4b_ECN_20151106\project\realtek_ameba1_va0_example\EWARM-RELEASE\UVC\Obj\x509_crt.o
#        E:\data\8711\My-RTL8711\sdk-ameba1-v3.4b_ECN_20151106\project\realtek_ameba1_va0_example\EWARM-RELEASE\UVC\Obj\x509_csr.o
#        E:\data\8711\My-RTL8711\sdk-ameba1-v3.4b_ECN_20151106\project\realtek_ameba1_va0_example\EWARM-RELEASE\UVC\Obj\x509write_crt.o
#        E:\data\8711\My-RTL8711\sdk-ameba1-v3.4b_ECN_20151106\project\realtek_ameba1_va0_example\EWARM-RELEASE\UVC\Obj\x509write_csr.o
#        E:\data\8711\My-RTL8711\sdk-ameba1-v3.4b_ECN_20151106\project\realtek_ameba1_va0_example\EWARM-RELEASE\UVC\Obj\xml.o
#        E:\data\8711\My-RTL8711\sdk-ameba1-v3.4b_ECN_20151106\project\realtek_ameba1_va0_example\EWARM-RELEASE\UVC\Obj\xtea.o
#        -o
#        E:\data\8711\My-RTL8711\sdk-ameba1-v3.4b_ECN_20151106\project\realtek_ameba1_va0_example\EWARM-RELEASE\UVC\Exe\application.axf
#        --redirect _Printf=_PrintfTiny --redirect _Scanf=_ScanfSmallNoMb
#        --keep bootloader --keep gImage2EntryFun0 --keep RAM_IMG2_VALID_PATTEN
#        --image_input=E:\data\8711\My-RTL8711\sdk-ameba1-v3.4b_ECN_20151106\project\realtek_ameba1_va0_example\EWARM-RELEASE\..\..\..\component\soc\realtek\8195a\misc\bsp\image\ram_1.r.bin,bootloader,LOADER,4
#        --map
#        E:\data\8711\My-RTL8711\sdk-ameba1-v3.4b_ECN_20151106\project\realtek_ameba1_va0_example\EWARM-RELEASE\UVC\List\application.map
#        --log veneers --log_file
#        E:\data\8711\My-RTL8711\sdk-ameba1-v3.4b_ECN_20151106\project\realtek_ameba1_va0_example\EWARM-RELEASE\UVC\List\application.log
#        --config
#        E:\data\8711\My-RTL8711\sdk-ameba1-v3.4b_ECN_20151106\project\realtek_ameba1_va0_example\EWARM-RELEASE\image2.icf
#        --diag_suppress Lt009,Lp005,Lp006 --entry Reset_Handler
#        --no_exceptions --no_vfe
#
###############################################################################

*******************************************************************************
*** MESSAGES
***

Error[Lp011]: section placement failed
          unable to complete "place at" directives with a total estimated
                    minimum size of 0x6c780 bytes in <[0x10006000-0x1006ffff]>
                    (total space 0x6a000).
Error[Lp015]: section placement failure: overcommitted content in
          [0x10006000-0x1006ffff]


*******************************************************************************
*** RUNTIME MODEL ATTRIBUTES
***

CppFlavor       = *
__Heap_Handler  = DLMalloc
__SystemLibrary = DLib


*******************************************************************************
*** PLACEMENT SUMMARY
***

"A1":  place at start of [0x00000000-0x000fffff] { ro, section .rom };
"A2":  place at start of [0x10000000-0x10005fff] {
          rw, block .vector_table, block .user_vector_table,
          block .user_data_table, block .rom.bss, block IMAGE1 };
"A3":  place at start of [0x10006000-0x1006ffff] {
          rw, block IMAGE2, block .ram.bss };
"A4":  place at end of [0x10006000-0x1006ffff] { rw, block .bf_data };
"A5":  place at start of [0x30000000-0x301fffff] { rw, block SDRAM };
"A6":  place at start of [0x1fff0000-0x1fffffff] { rw, overlay TCM_overlay };

  Section                 Kind        Address     Size  Object
  -------                 ----        -------     ----  ------
"A1":                                          0x43828
  .rom                    ro code  0x00000000  0x43828  rom.o [12]
                                 - 0x00043828  0x43828

"A2":                                           0x4294
  .vector_table                    0x10000000    0x100  <Block>
    .ram_dedecated_vector_table
                          rw data  0x10000000    0x100  rom.o [12]
  .user_vector_table               0x10000100    0x100  <Block>
    .ram_user_define_irq_table
                          rw data  0x10000100    0x100  rom.o [12]
  .user_data_table                 0x10000200    0x100  <Block>
    .ram_user_define_data_table
                          rw data  0x10000200    0x100  rom.o [12]
  .rom.bss                         0x10000300    0x8c8  <Block>
    .hal.ram.bss          rw data  0x10000300     0x58  rom.o [12]
    .timer2_7_vector_table.data
                          rw data  0x10000358     0x18  rom.o [12]
    .infra.ram.bss        rw data  0x10000370     0x14  rom.o [12]
    .mon.ram.bss          zero     0x10000384    0x324  rtl_consol.o [2]
    .mon.ram.bss          zero     0x100006a8      0x4  rtl_consol.o [2]
    .mon.ram.bss          zero     0x100006ac     0x28  rtl_consol.o [2]
    .wlan_ram_map         rw data  0x100006d4      0x8  rom_wlan_ram_map.o [12]
    .wlan_ram_map         rw data  0x100006e0     0x80  rom.o [12]
    .libc.ram.bss         rw data  0x10000760    0x468  rom.o [12]
  IMAGE1                           0x10000bc8   0x36cc  <Block>
    LOADER                const    0x10000bc8   0x36cc  ram_1.r.bin [1]
                                 - 0x10004294   0x4294

"A3":                                          0x51324
  IMAGE2                           0x10006000  0x43854  <Block>
    .image2.start.table1           0x10006000      0x4  <Block>
      .image2.ram.data    rw data  0x10006000      0x4  startup.o [6]
    .image2.start.table2           0x10006004     0x34  <Block>
      .image2.validate.rodata
                          const    0x10006004     0x14  startup.o [6]
      .custom.validate.rodata
                          const    0x10006018     0x20  update.o [2]
    .ram_image2.text               0x10006038  0x4079c  <Block>
      Veneer              ro code  0x10006038      0x8  - Linker created -
      Veneer              ro code  0x10006040      0x8  - Linker created -
      Veneer              ro code  0x10006048      0x8  - Linker created -
      .infra.ram.start    ro code  0x10006050    0x12c  startup.o [6]
      .rodata             const    0x1000617c     0x60  atcmd_sys.o [2]
      .rodata             const    0x100061dc     0xc8  atcmd_wifi.o [2]
      .rodata             const    0x100062a4    0x124  freertos_service.o [2]
      .rodata             const    0x100063c8      0x8  ip_addr.o [2]
      .rodata             const    0x100063d0     0x10  log_service.o [2]
      .rodata             const    0x100063e0     0xf8  webserver.o [2]
      .rodata             const    0x100064d8      0x4  rtsp_api.o [9]
      .rodata             const    0x100064dc     0xa4  rtw_mlme_ext.o [10]
      .rodata             const    0x10006580     0x10  lxbus_hci_intf.o [10]
      .rodata             const    0x10006590   0x116c  rom_rtw_message.o [10]
      .rodata             const    0x100076fc      0x8  rtw_wlan_util.o [10]
      .rodata             const    0x10007704    0x10c  uvc_driver.o [9]
      .rodata             const    0x10007810     0x18  uvc_v4l2.o [9]
      .rodata             const    0x10007828     0x30  phydm_PowerTracking.o [10]
      .rodata             const    0x10007858     0x86  HalHWImg8195A_RF.o [10]
      .rodata             const    0x100078de      0x0  zero_init3.o [13]
      CPP_INIT                     0x100078de      0x0  <Block>
        SHT$$PREINIT_ARRAY
                                   0x100078de      0x0  <Block>
        SHT$$INIT_ARRAY            0x100078de      0x0  <Block>
      Veneer              ro code  0x100078e0      0x8  - Linker created -
      Veneer              ro code  0x100078e8      0x8  - Linker created -
      Veneer              ro code  0x100078f0      0x8  - Linker created -
      Veneer              ro code  0x100078f8      0x8  - Linker created -
      Veneer              ro code  0x10007900      0x8  - Linker created -
      Veneer              ro code  0x10007908      0x8  - Linker created -
      .mon.ram.text       ro code  0x10007910    0x1c8  rtl_consol.o [2]
      Veneer              ro code  0x10007ad8      0x8  - Linker created -
      Veneer              ro code  0x10007ae0      0x8  - Linker created -
      Veneer              ro code  0x10007ae8      0x8  - Linker created -
      .hal.flash.text     ro code  0x10007af0    0xe78  hal_spi_flash_ram.o [6]
      Veneer              ro code  0x10008968      0x8  - Linker created -
      Veneer              ro code  0x10008970      0x8  - Linker created -
      .hal.gpio.text      ro code  0x10008978     0x78  hal_gpio.o [2]
      .text               ro code  0x100089f0    0x124  main.o [2]
      .text               ro code  0x10008b14    0x134  analogin_api.o [2]
      Veneer              ro code  0x10008c48      0x8  - Linker created -
      Veneer              ro code  0x10008c50      0x8  - Linker created -
      Veneer              ro code  0x10008c58      0x8  - Linker created -
      Veneer              ro code  0x10008c60      0x8  - Linker created -
      Veneer              ro code  0x10008c68      0x8  - Linker created -
      Veneer              ro code  0x10008c70      0x8  - Linker created -
      .text               ro code  0x10008c78    0x898  hal_adc.o [2]
      Veneer              ro code  0x10009510      0x8  - Linker created -
      Veneer              ro code  0x10009518      0x8  - Linker created -
      Veneer              ro code  0x10009520      0x8  - Linker created -
      .text               ro code  0x10009528    0xb14  hal_soc_ps_monitor.o [2]
      Veneer              ro code  0x1000a03c      0x8  - Linker created -
      Veneer              ro code  0x1000a044      0x8  - Linker created -
      .text               ro code  0x1000a04c    0x1f0  gpio_api.o [2]
      .text               ro code  0x1000a23c      0x2  pinmap.o [2]
      .text               ro code  0x1000a23e      0x6  rtl8195a_recv.o [10]
      .text               ro code  0x1000a244     0x38  hal_pinmux.o [6]
      .text               ro code  0x1000a27c    0x552  api_lib.o [2]
      .text               ro code  0x1000a7ce     0x1e  xsscin.o [4]
      .text               ro code  0x1000a7ec    0xd40  api_msg.o [2]
      .text               ro code  0x1000b52c    0x22c  tcpip.o [2]
      .text               ro code  0x1000b758    0x216  sys_arch.o [2]
      .text               ro code  0x1000b96e     0x22  zero_init3.o [13]
      .text               ro code  0x1000b990     0xe0  memp.o [2]
      .text               ro code  0x1000ba70    0x4d6  pbuf.o [2]
      .text               ro code  0x1000bf46     0xb2  netbuf.o [2]
      .text               ro code  0x1000bff8    0xc64  tcp.o [2]
      .text               ro code  0x1000cc5c    0x19c  raw.o [2]
      .text               ro code  0x1000cdf8    0x4cc  udp.o [2]
      .text               ro code  0x1000d2c4    0xbb2  tcp_out.o [2]
      .text               ro code  0x1000de78    0x26c  lwip_timers.o [2]
      .text               ro code  0x1000e0e4    0x7b4  etharp.o [2]
      .text               ro code  0x1000e898    0x3c6  ip.o [2]
      .text               ro code  0x1000ec5e     0x2e  init.o [2]
      .text               ro code  0x1000ec8c    0x4fe  queue.o [2]
      .text               ro code  0x1000f18c    0x914  tasks.o [2]
      .text               ro code  0x1000faa0    0x210  port.o [2]
      .text               ro code  0x1000fcb0    0x294  mem.o [2]
      Veneer              ro code  0x1000ff44      0x8  - Linker created -
      Veneer              ro code  0x1000ff4c      0x8  - Linker created -
      Veneer              ro code  0x1000ff54      0x8  - Linker created -
      Veneer              ro code  0x1000ff5c      0x8  - Linker created -
      Veneer              ro code  0x1000ff64      0x8  - Linker created -
      Veneer              ro code  0x1000ff6c      0x8  - Linker created -
      Veneer              ro code  0x1000ff74      0x8  - Linker created -
      Veneer              ro code  0x1000ff7c      0x8  - Linker created -
      Veneer              ro code  0x1000ff84      0x8  - Linker created -
      Veneer              ro code  0x1000ff8c      0x8  - Linker created -
      Veneer              ro code  0x1000ff94      0x8  - Linker created -
      Veneer              ro code  0x1000ff9c      0x8  - Linker created -
      Veneer              ro code  0x1000ffa4      0x8  - Linker created -
      Veneer              ro code  0x1000ffac      0x8  - Linker created -
      Veneer              ro code  0x1000ffb4      0x8  - Linker created -
      Veneer              ro code  0x1000ffbc      0x8  - Linker created -
      .text               ro code  0x1000ffc4    0x148  ram_libc.o [7]
      .text               ro code  0x1001010c    0x1f8  ip_addr.o [2]
      .text               ro code  0x10010304     0x26  def.o [2]
      .text               ro code  0x1001032a    0x144  inet_chksum.o [2]
      .text               ro code  0x10010470    0x1bc  icmp.o [2]
      .text               ro code  0x1001062c    0x5b4  ip_frag.o [2]
      .text               ro code  0x10010be0    0xe8c  dhcp.o [2]
      .text               ro code  0x10011a6c    0x316  autoip.o [2]
      .text               ro code  0x10011d84    0x438  igmp.o [2]
      .text               ro code  0x100121bc    0x3c0  dns.o [2]
      .text               ro code  0x1001257c      0x6  ABImemclr.o [13]
      .text               ro code  0x10012584   0x1124  tcp_in.o [2]
      .text               ro code  0x100136a8    0x166  netif.o [2]
      .text               ro code  0x10013810    0xf44  sockets.o [2]
      .text               ro code  0x10014754     0x90  list.o [2]
      .text               ro code  0x100147e4    0x1dc  heap_5.o [2]
      .text               ro code  0x100149c0    0x368  timers.o [2]
      .text               ro code  0x10014d28     0xc8  freertos_pmu.o [2]
      Veneer              ro code  0x10014df0      0x8  - Linker created -
      .text               ro code  0x10014df8    0x104  ram_libgloss_retarget.o [7]
      .text               ro code  0x10014efc     0xe0  rand.o [4]
      .text               ro code  0x10014fdc     0x66  ABImemset.o [13]
      .text               ro code  0x10015044     0x30  us_ticker.o [2]
      .text               ro code  0x10015074    0x3c8  sys_api.o [2]
      .text               ro code  0x1001543c     0x18  sleep.o [2]
      .text               ro code  0x10015454      0x2  xtls.o [4]
      .text               ro code  0x10015458    0x31c  flash_api.o [2]
      .text               ro code  0x10015774     0xb8  osdep_api.o [2]
      .text               ro code  0x1001582c     0xf8  hal_log_uart.o [6]
      .text               ro code  0x10015924     0x76  ABImemcpy_unaligned.o [13]
      Veneer              ro code  0x1001599c      0x8  - Linker created -
      Veneer              ro code  0x100159a4      0x8  - Linker created -
      Veneer              ro code  0x100159ac      0x8  - Linker created -
      Veneer              ro code  0x100159b4      0x8  - Linker created -
      .text               ro code  0x100159bc    0xfd0  atcmd_sys.o [2]
      .text               ro code  0x1001698c      0x6  ABImemclr4.o [13]
      .text               ro code  0x10016994    0x40c  log_service.o [2]
      .text               ro code  0x10016da0     0x32  ABImemset48.o [13]
      .text               ro code  0x10016dd4    0xda4  wifi_util.o [2]
      .text               ro code  0x10017b78   0x19e4  atcmd_wifi.o [2]
      .text               ro code  0x1001955c    0xc08  rtk_wlan_if.o [10]
      .text               ro code  0x1001a164     0xdc  wifi_ind.o [2]
      .text               ro code  0x1001a240     0x24  sscanf.o [4]
      .text               ro code  0x1001a264   0x1534  webserver.o [2]
      .text               ro code  0x1001b798    0x73a  dhcps.o [2]
      .text               ro code  0x1001bed4   0x1710  wifi_conf.o [2]
      .text               ro code  0x1001d5e4    0x350  lwip_netconf.o [2]
      .text               ro code  0x1001d934    0x238  ping_test.o [2]
      .text               ro code  0x1001db6c    0x530  wifi_promisc.o [2]
      .text               ro code  0x1001e09c    0xc0c  wifi_simple_config.o [2]
      .text               ro code  0x1001eca8    0x838  update.o [2]
      .text               ro code  0x1001f4e0    0x5dc  osdep_service.o [2]
      .text               ro code  0x1001fabc    0x624  freertos_service.o [2]
      .text               ro code  0x100200e0    0x354  freertos_skbuff.o [10]
      .text               ro code  0x10020434    0xa84  freertos_intfs.o [10]
      .text               ro code  0x10020eb8    0x2a4  lwip_intf.o [2]
      .text               ro code  0x1002115c    0x514  xscanfsmall_nomb.o [4]
      Veneer              ro code  0x10021670      0x8  - Linker created -
      Veneer              ro code  0x10021678      0x8  - Linker created -
      Veneer              ro code  0x10021680      0x8  - Linker created -
      Veneer              ro code  0x10021688      0x8  - Linker created -
      Veneer              ro code  0x10021690      0x8  - Linker created -
      Veneer              ro code  0x10021698      0x8  - Linker created -
      .text               ro code  0x100216a0    0x8a0  rtw_promisc.o [10]
      Veneer              ro code  0x10021f40      0x8  - Linker created -
      Veneer              ro code  0x10021f48      0x8  - Linker created -
      Veneer              ro code  0x10021f50      0x8  - Linker created -
      Veneer              ro code  0x10021f58      0x8  - Linker created -
      Veneer              ro code  0x10021f60      0x8  - Linker created -
      .text               ro code  0x10021f68    0xc34  wifi_simple_config_parser.o [10]
      .text               ro code  0x10022b9c     0x1a  cmsis_os.o [2]
      .text               ro code  0x10022bb8    0x168  tcm_heap.o [2]
      Veneer              ro code  0x10022d20      0x8  - Linker created -
      .text               ro code  0x10022d28   0x272c  freertos_ioctl.o [10]
      .text               ro code  0x10025454    0xf50  rtw_cmd.o [10]
      .text               ro code  0x100263a4     0x60  netdev.o [10]
      .text               ro code  0x10026404    0x3d8  hal_intf.o [10]
      .text               ro code  0x100267dc    0xa88  lxbus_halinit.o [10]
      .text               ro code  0x10027264    0x370  rtw_intfs.o [10]
      Veneer              ro code  0x100275d4      0x8  - Linker created -
      Veneer              ro code  0x100275dc      0x8  - Linker created -
      Veneer              ro code  0x100275e4      0x8  - Linker created -
      Veneer              ro code  0x100275ec      0x8  - Linker created -
      Veneer              ro code  0x100275f4      0x8  - Linker created -
      Veneer              ro code  0x100275fc      0x8  - Linker created -
      .text               ro code  0x10027604   0x159c  rtw_ap.o [10]
      Veneer              ro code  0x10028ba0      0x8  - Linker created -
      Veneer              ro code  0x10028ba8      0x8  - Linker created -
      Veneer              ro code  0x10028bb0      0x8  - Linker created -
      .text               ro code  0x10028bb8   0x4704  rtw_mlme_ext.o [10]
      .text               ro code  0x1002d2bc   0x14a4  rtw_mlme.o [10]
      .text               ro code  0x1002e760    0x1f2  rtw_ieee80211.o [10]
      .text               ro code  0x1002e954     0x38  hci_intfs.o [10]
      .text               ro code  0x1002e98c    0x710  rtw_pwrctrl.o [10]
      .text               ro code  0x1002f09c    0x174  ethernetif.o [2]
      .text               ro code  0x1002f210     0x16  strchr.o [13]
      .text               ro code  0x1002f226     0x86  xstol.o [4]
      .text               ro code  0x1002f2ac    0x19c  xstoul.o [4]
      Veneer              ro code  0x1002f448      0x8  - Linker created -
      .text               ro code  0x1002f450   0x11b8  rtw_recv.o [10]
      .text               ro code  0x10030608    0x55a  rtw_ioctl_set.o [10]
      Veneer              ro code  0x10030b64      0x8  - Linker created -
      Veneer              ro code  0x10030b6c      0x8  - Linker created -
      Veneer              ro code  0x10030b74      0x8  - Linker created -
      Veneer              ro code  0x10030b7c      0x8  - Linker created -
      Veneer              ro code  0x10030b84      0x8  - Linker created -
      Veneer              ro code  0x10030b8c      0x8  - Linker created -
      Veneer              ro code  0x10030b94      0x8  - Linker created -
      .text               ro code  0x10030b9c   0x19cc  rtw_psk.o [10]
      .text               ro code  0x10032568     0x54  rtw_io.o [10]
      .text               ro code  0x100325bc    0x5ec  rtw_sta_mgt.o [10]
      .text               ro code  0x10032ba8    0xf64  rtw_wlan_util.o [10]
      .text               ro code  0x10033b0c    0xb0c  hal_com.o [10]
      .text               ro code  0x10034618    0xce0  hal_com_phycfg.o [10]
      Veneer              ro code  0x100352f8      0x8  - Linker created -
      Veneer              ro code  0x10035300      0x8  - Linker created -
      .text               ro code  0x10035308    0x67c  rtw_efuse.o [10]
      .text               ro code  0x10035984    0x204  HalHWImg8195A_BB.o [10]
      .text               ro code  0x10035b88    0xf38  lxbus_ops.o [10]
      .text               ro code  0x10036ac0   0x1af4  rtl8195a_pmu_task.o [10]
      Veneer              ro code  0x100385b4      0x8  - Linker created -
      .text               ro code  0x100385bc   0x231c  rtl8195a_hal_init.o [10]
      Veneer              ro code  0x1003a8d8      0x8  - Linker created -
      Veneer              ro code  0x1003a8e0      0x8  - Linker created -
      Veneer              ro code  0x1003a8e8      0x8  - Linker created -
      .text               ro code  0x1003a8f0    0x9a8  rtl8195a_phycfg.o [10]
      .text               ro code  0x1003b298    0x502  rtl8195a_dm.o [10]
      Veneer              ro code  0x1003b79c      0x8  - Linker created -
      .text               ro code  0x1003b7a4   0x14a0  HalPhyRf_8195A.o [10]
      .text               ro code  0x1003cc44     0xdc  HalPwrSeqCmd.o [10]
      .text               ro code  0x1003cd20     0x18  wlan_ram_map.o [10]
      .text               ro code  0x1003cd38    0x3a4  PhyDM_Adaptivity.o [10]
      Veneer              ro code  0x1003d0dc      0x8  - Linker created -
      Veneer              ro code  0x1003d0e4      0x8  - Linker created -
      Veneer              ro code  0x1003d0ec      0x8  - Linker created -
      .text               ro code  0x1003d0f4   0x1638  rtw_xmit.o [10]
      Veneer              ro code  0x1003e72c      0x8  - Linker created -
      Veneer              ro code  0x1003e734      0x8  - Linker created -
      Veneer              ro code  0x1003e73c      0x8  - Linker created -
      Veneer              ro code  0x1003e744      0x8  - Linker created -
      Veneer              ro code  0x1003e74c      0x8  - Linker created -
      Veneer              ro code  0x1003e754      0x8  - Linker created -
      .text               ro code  0x1003e75c    0x30c  rtw_security.o [10]
      .text               ro code  0x1003ea68     0xfa  freertos_xmit.o [10]
      .text               ro code  0x1003eb64      0xc  errno.o [4]
      .text               ro code  0x1003eb70     0x58  memchr.o [13]
      .text               ro code  0x1003ebc8    0x1f4  freertos_recv.o [10]
      .text               ro code  0x1003edbc     0xda  phydm_RegConfig8195A.o [10]
      .text               ro code  0x1003ee98    0x8f4  rtl8195a_xmit.o [10]
      .text               ro code  0x1003f78c    0x2ba  rtl8195a_rxdesc.o [10]
      Veneer              ro code  0x1003fa48      0x8  - Linker created -
      Veneer              ro code  0x1003fa50      0x8  - Linker created -
      .text               ro code  0x1003fa58    0x46c  rtl8195a_timer.o [2]
      .text               ro code  0x1003fec4    0x776  Hal8195ARateAdaptive.o [10]
      .text               ro code  0x1004063c    0x548  rtl8195a_cmd.o [10]
      .text               ro code  0x10040b84    0x390  phydm_RaInfo.o [10]
      Veneer              ro code  0x10040f14      0x8  - Linker created -
      .text               ro code  0x10040f1c    0x4b6  phydm_DIG.o [10]
      .text               ro code  0x100413d4    0x3e0  phydm.o [10]
      Veneer              ro code  0x100417b4      0x8  - Linker created -
      Veneer              ro code  0x100417bc      0x8  - Linker created -
      .text               ro code  0x100417c4    0x408  phydm_HWConfig.o [10]
      .text               ro code  0x10041bcc    0x172  rtl8195a_rf6052.o [10]
      .text               ro code  0x10041d3e     0x58  phydm_interface.o [10]
      .text               ro code  0x10041d98    0x464  HalPhyRf.o [10]
      .text               ro code  0x100421fc    0x17a  rtl8195a_pmu_cmd.o [10]
      Veneer              ro code  0x10042378      0x8  - Linker created -
      Veneer              ro code  0x10042380      0x8  - Linker created -
      Veneer              ro code  0x10042388      0x8  - Linker created -
      .text               ro code  0x10042390     0x7c  phydm_CfoTracking.o [10]
      .text               ro code  0x1004240c    0x228  phydm_PowerTracking.o [10]
      .text               ro code  0x10042634     0x14  phydm_debug.o [10]
      .text               ro code  0x10042648     0x1e  U64Shr.o [13]
      .text               ro code  0x10042668    0x21c  HalHWImg8195A_RF.o [10]
      .text               ro code  0x10042884    0x150  HalHWImg8195A_MAC.o [10]
      Veneer              ro code  0x100429d4      0x8  - Linker created -
      Veneer              ro code  0x100429dc      0x8  - Linker created -
      Veneer              ro code  0x100429e4      0x8  - Linker created -
      Veneer              ro code  0x100429ec      0x8  - Linker created -
      Veneer              ro code  0x100429f4      0x8  - Linker created -
      Veneer              ro code  0x100429fc      0x8  - Linker created -
      Veneer              ro code  0x10042a04      0x8  - Linker created -
      Veneer              ro code  0x10042a0c      0x8  - Linker created -
      .text               ro code  0x10042a14    0xca0  example_uvc.o [2]
      Veneer              ro code  0x100436b4      0x8  - Linker created -
      Veneer              ro code  0x100436bc      0x8  - Linker created -
      .text               ro code  0x100436c4    0xd14  rtsp_api.o [9]
      .text               ro code  0x100443d8    0x2a4  sdp.o [9]
      .text               ro code  0x1004467c    0x1d8  example_wlan_fast_connect.o [2]
      .text               ro code  0x10044854     0xa4  hal_32k.o [2]
      .text               ro code  0x100448f8     0x68  hal_gdma.o [2]
      .text               ro code  0x10044960     0x3c  hal_timer.o [2]
      .text               ro code  0x1004499c    0x308  rtl8195a_adc.o [2]
      Veneer              ro code  0x10044ca4      0x8  - Linker created -
      .text               ro code  0x10044cac    0x388  rtl8195a_gdma.o [2]
      Veneer              ro code  0x10045034      0x8  - Linker created -
      Veneer              ro code  0x1004503c      0x8  - Linker created -
      .text               ro code  0x10045044     0x94  rtl_consol.o [2]
      .text               ro code  0x100450d8     0x6c  strncpy_unaligned.o [13]
      .text               ro code  0x10045144     0x18  system_8195a.o [2]
      .text               ro code  0x1004515c    0x554  tcptest.o [2]
      .text               ro code  0x100456b0     0xdc  wlan_network.o [2]
      Veneer              ro code  0x1004578c      0x8  - Linker created -
      Veneer              ro code  0x10045794      0x8  - Linker created -
      .text               ro code  0x1004579c    0x1f8  startup.o [6]
      Veneer              ro code  0x10045994      0x8  - Linker created -
      .text               ro code  0x1004599c     0x24  hal_crypto.o [6]
      .text               ro code  0x100459c0     0x78  freertos_isr.o [10]
      .text               ro code  0x10045a38     0x10  hal_common.o [6]
      .text               ro code  0x10045a48     0x24  app_start.o [6]
      .text               ro code  0x10045a6c    0x124  lxbus_hci_intf.o [10]
      .text               ro code  0x10045b90     0x58  lxbus_intf.o [10]
      .text               ro code  0x10045be8     0x36  strlen.o [13]
      .text               ro code  0x10045c20     0x24  printf.o [4]
      .text               ro code  0x10045c44    0x150  xprintftiny.o [4]
      .text               ro code  0x10045d94     0x22  I64Shl.o [13]
      .text.RtlMemcpy     ro code  0x10045db8      0x4  rtl_utility.o [12]
      .text               ro code  0x10045dbc     0x28  data_init.o [13]
      .text               ro code  0x10045de4      0x8  example_entry.o [2]
      .text               ro code  0x10045dec     0x2a  low_level_io.o [2]
      .text               ro code  0x10045e16      0x4  rtl8195a_led.o [10]
      .text               ro code  0x10045e1a     0x16  xprout.o [4]
      .text               ro code  0x10045e30     0x28  putchar.o [4]
      CODE                ro code  0x10045e58     0x94  portasm.o [2]
      .otg.rom.text       ro code  0x10045eec     0x18  dwc_os.o [8]
      .otg.rom.text       ro code  0x10045f04    0x840  dwc_common_os.o [8]
      __DLIB_PERTHREAD    rw data  0x10046744     0x8c  rand.o [4]
      __DLIB_PERTHREAD    rw data  0x100467d0      0x4  errno.o [4]
    .ram.data                      0x100467d4   0x3080  <Block>
      .data.log_init               0x100467d4      0xc  <Block>
        .data.log_init    rw data  0x100467d4      0x4  atcmd_sys.o [2]
        .data.log_init    rw data  0x100467d8      0x4  atcmd_wifi.o [2]
        .data.log_init    rw data  0x100467dc      0x4  log_service.o [2]
      .data               rw data  0x100467e0      0x8  atcmd_sys.o [2]
      .data               rw data  0x100467e8     0xc0  atcmd_sys.o [2]
      .data               rw data  0x100468a8    0x190  atcmd_wifi.o [2]
      .data               rw data  0x10046a38     0x78  dhcps.o [2]
      .data               rw data  0x10046ab0      0x4  freertos_pmu.o [2]
      .data               rw data  0x10046ab4      0xc  freertos_pmu.o [2]
      .data               rw data  0x10046ac0      0x4  freertos_service.o [2]
      .data               rw data  0x10046ac4     0x20  log_service.o [2]
      .data               rw data  0x10046ae4      0x4  main.o [2]
      .data               rw data  0x10046ae8      0x4  port.o [2]
      .data               rw data  0x10046aec      0x4  system_8195a.o [2]
      .data               rw data  0x10046af0     0x9c  tasks.o [2]
      .data               rw data  0x10046b8c     0x20  tcp.o [2]
      .data               rw data  0x10046bac     0x34  tcptest.o [2]
      .data               rw data  0x10046be0      0x8  udp.o [2]
      .data               rw data  0x10046be8      0xc  wifi_conf.o [2]
      .data               rw data  0x10046bf4      0x4  rtsp_api.o [9]
      .data               rw data  0x10046bf8      0x4  rtsp_api.o [9]
      .data               rw data  0x10046bfc      0x4  rtsp_api.o [9]
      .data               rw data  0x10046c00      0x8  rtw_psk.o [10]
      .data               rw data  0x10046c08     0xd4  wifi_simple_config_parser.o [10]
      .data               rw data  0x10046cdc      0x8  wifi_simple_config_parser.o [10]
      .data               rw data  0x10046ce4     0xa8  rtw_mlme_ext.o [10]
      .data               rw data  0x10046d8c     0x38  freertos_ioctl.o [10]
      .data               rw data  0x10046dc4    0x1b0  rom_rtw_message.o [10]
      .data               rw data  0x10046f74      0x8  rtw_xmit.o [10]
      .data               rw data  0x10046f7c     0x40  Hal8195ARateAdaptive.o [10]
      .data               rw data  0x10046fbc     0x40  Hal8195ARateAdaptive.o [10]
      .data               rw data  0x10046ffc     0x14  Hal8195ARateAdaptive.o [10]
      .data               rw data  0x10047010    0x210  HalHWImg8195A_BB.o [10]
      .data               rw data  0x10047220    0x678  HalHWImg8195A_BB.o [10]
      .data               rw data  0x10047898     0x90  HalHWImg8195A_BB.o [10]
      .data               rw data  0x10047928     0xa0  Hal8195APwrSeq.o [10]
      .data               rw data  0x100479c8     0xa0  Hal8195APwrSeq.o [10]
      .data               rw data  0x10047a68    0x308  HalHWImg8195A_MAC.o [10]
      .data               rw data  0x10047d70    0x5c8  HalHWImg8195A_RF.o [10]
      .data               rw data  0x10048338     0x80  HalHWImg8195A_RF.o [10]
      .data               rw data  0x100483b8     0x80  HalHWImg8195A_RF.o [10]
      .data               rw data  0x10048438     0x80  HalHWImg8195A_RF.o [10]
      .data               rw data  0x100484b8   0x1260  HalHWImg8195A_RF.o [10]
      .data               rw data  0x10049718     0x40  HalHWImg8195A_RF.o [10]
      .data               rw data  0x10049758      0x2  tcp.o [2]
      .ram.otg.data.a     zero     0x1004975c     0x90  dwc_otg_common.o [8]
      .iar.init_table     const    0x100497ec     0x68  - Linker created -
  .ram.bss                         0x10049860   0xdad0  <Block>
    .bss                  zero     0x10049860    0x500  hal_crypto.o [6]
    .bss                  zero     0x10049d60    0x340  rtw_mlme_ext.o [10]
    .bss                  zero     0x1004a0a0     0x38  atcmd_wifi.o [2]
    .bss                  zero     0x1004a0d8     0x78  atcmd_wifi.o [2]
    .bss                  zero     0x1004a150      0x4  atcmd_wifi.o [2]
    .bss                  zero     0x1004a154     0x34  dhcp.o [2]
    .bss                  zero     0x1004a188      0x4  dhcp.o [2]
    .bss                  zero     0x1004a18c    0x214  dns.o [2]
    .bss                  zero     0x1004a3a0    0x460  dns.o [2]
    .bss                  zero     0x1004a800     0xc8  etharp.o [2]
    .bss                  zero     0x1004a8c8      0x4  ethernetif.o [2]
    .bss                  zero     0x1004a8cc     0x24  example_uvc.o [2]
    .bss                  zero     0x1004a8f0      0x4  example_wlan_fast_connect.o [2]
    .bss                  zero     0x1004a8f4      0xc  hal_adc.o [2]
    .bss                  zero     0x1004a900     0x2c  hal_adc.o [2]
    .bss                  zero     0x1004a92c    0x290  hal_soc_ps_monitor.o [2]
    .bss                  zero     0x1004abbc     0x3c  heap_5.o [2]
    .bss                  zero     0x1004abf8      0xc  igmp.o [2]
    .bss                  zero     0x1004ac04     0x10  ip.o [2]
    .bss                  zero     0x1004ac14     0x10  ip_addr.o [2]
    .bss                  zero     0x1004ac24      0x8  ip_frag.o [2]
    .bss                  zero     0x1004ac2c    0x100  log_service.o [2]
    .bss                  zero     0x1004ad2c     0x70  log_service.o [2]
    .bss                  zero     0x1004ad9c     0x78  lwip_netconf.o [2]
    .bss                  zero     0x1004ae14      0x4  lwip_timers.o [2]
    .bss                  zero     0x1004ae18      0x4  lwip_timers.o [2]
    .bss                  zero     0x1004ae1c      0xc  netif.o [2]
    .bss                  zero     0x1004ae28      0x4  osdep_service.o [2]
    .bss                  zero     0x1004ae2c     0x28  ping_test.o [2]
    .bss                  zero     0x1004ae54      0xc  port.o [2]
    .bss                  zero     0x1004ae60      0x4  raw.o [2]
    .bss                  zero     0x1004ae64     0x18  rtl8195a_timer.o [2]
    .bss                  zero     0x1004ae7c     0x60  sockets.o [2]
    .bss                  zero     0x1004aedc      0x8  sockets.o [2]
    .bss                  zero     0x1004aee4     0x34  sys_arch.o [2]
    .bss                  zero     0x1004af18     0xdc  tasks.o [2]
    .bss                  zero     0x1004aff4      0xc  tcm_heap.o [2]
    .bss                  zero     0x1004b000     0x34  tcp_in.o [2]
    .bss                  zero     0x1004b034      0xc  tcpip.o [2]
    .bss                  zero     0x1004b040     0x34  timers.o [2]
    .bss                  zero     0x1004b074      0x4  timers.o [2]
    .bss                  zero     0x1004b078      0x4  update.o [2]
    .bss                  zero     0x1004b07c     0x6c  webserver.o [2]
    .bss                  zero     0x1004b0e8    0xe20  webserver.o [2]
    .bss                  zero     0x1004bf08     0x24  wifi_conf.o [2]
    .bss                  zero     0x1004bf2c      0x8  wifi_conf.o [2]
    .bss                  zero     0x1004bf34     0x18  wifi_conf.o [2]
    .bss                  zero     0x1004bf4c    0x150  wifi_ind.o [2]
    .bss                  zero     0x1004c09c      0x8  wifi_promisc.o [2]
    .bss                  zero     0x1004c0a4     0x78  wifi_promisc.o [2]
    .bss                  zero     0x1004c11c     0x44  wifi_simple_config.o [2]
    .bss                  zero     0x1004c160      0x8  startup.o [6]
    .bss                  zero     0x1004c168      0x4  ram_libc.o [7]
    .bss                  zero     0x1004c16c     0x40  rtk_wlan_if.o [10]
    .bss                  zero     0x1004c1ac      0x4  rtsp_api.o [9]
    .bss                  zero     0x1004c1b0      0x4  rtsp_api.o [9]
    .bss                  zero     0x1004c1b4      0x4  freertos_intfs.o [10]
    .bss                  zero     0x1004c1b8      0xc  freertos_intfs.o [10]
    .bss                  zero     0x1004c1c4     0x14  freertos_intfs.o [10]
    .bss                  zero     0x1004c1d8    0x11c  rtw_psk.o [10]
    .bss                  zero     0x1004c2f4     0x44  rtw_psk.o [10]
    .bss                  zero     0x1004c338      0x4  freertos_skbuff.o [10]
    .bss                  zero     0x1004c33c    0x1b8  freertos_skbuff.o [10]
    .bss                  zero     0x1004c4f4     0x18  freertos_skbuff.o [10]
    .bss                  zero     0x1004c50c      0x4  freertos_isr.o [10]
    .bss                  zero     0x1004c510      0x8  rtw_promisc.o [10]
    .bss                  zero     0x1004c518      0x4  rtw_mlme.o [10]
    .bss                  zero     0x1004c51c      0x4  wifi_simple_config_parser.o [10]
    .bss                  zero     0x1004c520      0x4  ram_libgloss_retarget.o [7]
    .bss                  zero     0x1004c524      0x4  rtl8195a_pmu_task.o [10]
    .bss                  zero     0x1004c528      0xc  mjpeg.o [9]
    .bss                  zero     0x1004c534     0x18  usb.o [8]
    .bss                  zero     0x1004c54c     0x34  usb.o [8]
    .bss                  zero     0x1004c580    0x4f8  usb.o [8]
    .bss                  zero     0x1004ca78      0x4  usb.o [8]
    .bss                  zero     0x1004ca7c      0x4  usb.o [8]
    .bss                  zero     0x1004ca80      0x8  usb.o [8]
    .bss                  zero     0x1004ca88      0x4  v4l2_driver.o [9]
    .bss                  zero     0x1004ca8c      0x4  v4l2_driver.o [9]
    .bss                  zero     0x1004ca90     0x24  uvc_video.o [9]
    .bss                  zero     0x1004cab4   0x20e0  lxbus_ops.o [10]
    .bss                  zero     0x1004eb94     0x38  dwc_otg_driver.o [8]
    .bss                  zero     0x1004ebcc      0x4  uvc_driver.o [9]
    .bss                  zero     0x1004ebd0    0x400  v4l2-dev.o [9]
    .bss                  zero     0x1004efd0     0x84  v4l2-dev.o [9]
    .bss                  zero     0x1004f054     0x40  v4l2-fh.o [9]
    .bss                  zero     0x1004f094      0x2  ip.o [2]
    .bss                  zero     0x1004f096      0x2  rtsp_api.o [9]
    .bss                  zero     0x1004f098      0x1  etharp.o [2]
    .bss                  zero     0x1004f099      0x1  main.o [2]
    .bss                  zero     0x1004f09a      0x1  pbuf.o [2]
    .bss                  zero     0x1004f09b      0x1  tcp.o [2]
    .bss                  zero     0x1004f09c      0x1  wifi_promisc.o [2]
    .bss                  zero     0x1004f09d      0x1  rtl8195a_pmu_task.o [10]
    .bss                  zero     0x1004f09e      0x1  rtw_mlme_ext.o [10]
    .bss                  zero     0x1004f09f      0x1  lxbus_ops.o [10]
    .hal.flash.data       zero     0x1004f0a0     0x90  hal_spi_flash_ram.o [6]
    .hal.gpio.data        zero     0x1004f130    0x12c  hal_gpio.o [2]
    .bdsram.data          zero     0x1004f25c   0x80c0  wifi_skbuf.o [2]
    .bdsram.data          zero     0x1005731c      0x8  freertos_skbuff.o [10]
                                 - 0x10057324  0x51324

"A4":                                          0x1b800
  .bf_data                         0x10054800  0x1b800  <Block>
    .bfsram.data          zero     0x10054800  0x1b800  heap_5.o [2]
                                 - 0x10070000  0x1b800

"A6":                                           0xf338
  TCM_overlay                      0x1fff0000   0xf338  <Overlay>
    part 1:
      .bss                zero     0x1fff0000   0x1424  mem.o [2]
      .bss                zero     0x1fff1424   0x3f10  memp.o [2]
      .tcm.heap           zero     0x1fff5334   0xa000  tcm_heap.o [2]
      .heap                        0x1ffff334      0x4  <Block>
        .heap.stdlib      zero     0x1ffff334      0x1  ram_libgloss_retarget.o [7]
    part 2:
      IMAGE1_DBG                   0x1fff0000   0x24d4  <Block>
        .ram.start.table           0x1fff0000     0x14  <Block>
          .start.ram.data.a
                          rw data  0x1fff0000      0x4  startup.o [6]
          .start.ram.data.b
                          rw data  0x1fff0004      0x4  startup.o [6]
          .start.ram.data.c
                          rw data  0x1fff0008      0x4  startup.o [6]
          .start.ram.data.d
                          rw data  0x1fff000c      0x4  startup.o [6]
          .start.ram.data.e
                          rw data  0x1fff0010      0x4  startup.o [6]
        .ram_image1.data           0x1fff0014   0x14d0  <Block>
          .image1.validate.rodata
                          const    0x1fff0014      0x8  startup.o [6]
          .cutb.ram.data  rw data  0x1fff001c     0x10  hal_sdr_controller.o [2]
          .cutb.ram.data  rw data  0x1fff002c     0x1c  hal_sdr_controller.o [2]
          .cutb.ram.data  rw data  0x1fff0048     0x34  hal_sdr_controller.o [2]
          .cutb.ram.data  rw data  0x1fff007c     0x14  hal_sdr_controller.o [2]
          .cutb.ram.data  rw data  0x1fff0090      0x4  hal_sdr_controller.o [2]
          .cutb.ram.data  zero     0x1fff0094   0x1000  hal_sdr_controller.o [2]
          .hal.ram.data   rw data  0x1fff1098    0x430  rom.o [12]
          .hal.ram.data   rw data  0x1fff14c8      0xc  hal_sdr_controller.o [2]
          .hal.ram.data   zero     0x1fff14d4     0x10  startup.o [6]
        .ram_image1.bss            0x1fff14e4      0x0  <Block>
        .ram_image1.text           0x1fff14e4    0xff0  <Block>
          Veneer          ro code  0x1fff14e4      0x8  - Linker created -
          Veneer          ro code  0x1fff14ec      0x8  - Linker created -
          Veneer          ro code  0x1fff14f4      0x8  - Linker created -
          Veneer          ro code  0x1fff14fc      0x8  - Linker created -
          Veneer          ro code  0x1fff1504      0x8  - Linker created -
          Veneer          ro code  0x1fff150c      0x8  - Linker created -
          Veneer          ro code  0x1fff1514      0x8  - Linker created -
          Veneer          ro code  0x1fff151c      0x8  - Linker created -
          Veneer          ro code  0x1fff1524      0x8  - Linker created -
          Veneer          ro code  0x1fff152c      0x8  - Linker created -
          Veneer          ro code  0x1fff1534      0x8  - Linker created -
          Veneer          ro code  0x1fff153c      0x8  - Linker created -
          Veneer          ro code  0x1fff1544      0x8  - Linker created -
          Veneer          ro code  0x1fff154c      0x8  - Linker created -
          Veneer          ro code  0x1fff1554      0x8  - Linker created -
          Veneer          ro code  0x1fff155c      0x8  - Linker created -
          Veneer          ro code  0x1fff1564      0x8  - Linker created -
          Veneer          ro code  0x1fff156c      0x8  - Linker created -
          Veneer          ro code  0x1fff1574      0x8  - Linker created -
          Veneer          ro code  0x1fff157c      0x8  - Linker created -
          Veneer          ro code  0x1fff1584      0x8  - Linker created -
          Veneer          ro code  0x1fff158c      0x8  - Linker created -
          Veneer          ro code  0x1fff1594      0x8  - Linker created -
          .hal.ram.text   ro code  0x1fff159c    0x700  startup.o [6]
          Veneer          ro code  0x1fff1c9c      0x8  - Linker created -
          .hal.sdrc.text  ro code  0x1fff1ca4    0x830  hal_sdr_controller.o [2]
                                 - 0x1ffff338   0xf338

"A5":                                          0xdbbac
  SDRAM                            0x30000000  0xdbbac  <Block>
    .sdram.text           ro code  0x30000000    0x214  uvc_intf.o [9]
    Veneer                ro code  0x30000214      0x8  - Linker created -
    Veneer                ro code  0x3000021c      0x8  - Linker created -
    Veneer                ro code  0x30000224      0x8  - Linker created -
    Veneer                ro code  0x3000022c      0x8  - Linker created -
    Veneer                ro code  0x30000234      0x8  - Linker created -
    Veneer                ro code  0x3000023c      0x8  - Linker created -
    Veneer                ro code  0x30000244      0x8  - Linker created -
    Veneer                ro code  0x3000024c      0x8  - Linker created -
    Veneer                ro code  0x30000254      0x8  - Linker created -
    Veneer                ro code  0x3000025c      0x8  - Linker created -
    Veneer                ro code  0x30000264      0x8  - Linker created -
    Veneer                ro code  0x3000026c      0x8  - Linker created -
    Veneer                ro code  0x30000274      0x8  - Linker created -
    Veneer                ro code  0x3000027c      0x8  - Linker created -
    Veneer                ro code  0x30000284      0x8  - Linker created -
    Veneer                ro code  0x3000028c      0x8  - Linker created -
    Veneer                ro code  0x30000294      0x8  - Linker created -
    Veneer                ro code  0x3000029c      0x8  - Linker created -
    Veneer                ro code  0x300002a4      0x8  - Linker created -
    Veneer                ro code  0x300002ac      0x8  - Linker created -
    Veneer                ro code  0x300002b4      0x8  - Linker created -
    Veneer                ro code  0x300002bc      0x8  - Linker created -
    Veneer                ro code  0x300002c4      0x8  - Linker created -
    Veneer                ro code  0x300002cc      0x8  - Linker created -
    Veneer                ro code  0x300002d4      0x8  - Linker created -
    Veneer                ro code  0x300002dc      0x8  - Linker created -
    .sdram.text           ro code  0x300002e4   0x351c  usb.o [8]
    Veneer                ro code  0x30003800      0x8  - Linker created -
    Veneer                ro code  0x30003808      0x8  - Linker created -
    Veneer                ro code  0x30003810      0x8  - Linker created -
    Veneer                ro code  0x30003818      0x8  - Linker created -
    Veneer                ro code  0x30003820      0x8  - Linker created -
    Veneer                ro code  0x30003828      0x8  - Linker created -
    Veneer                ro code  0x30003830      0x8  - Linker created -
    Veneer                ro code  0x30003838      0x8  - Linker created -
    Veneer                ro code  0x30003840      0x8  - Linker created -
    Veneer                ro code  0x30003848      0x8  - Linker created -
    Veneer                ro code  0x30003850      0x8  - Linker created -
    Veneer                ro code  0x30003858      0x8  - Linker created -
    .sdram.text           ro code  0x30003860   0x13c8  uvc_video.o [9]
    Veneer                ro code  0x30004c28      0x8  - Linker created -
    Veneer                ro code  0x30004c30      0x8  - Linker created -
    Veneer                ro code  0x30004c38      0x8  - Linker created -
    Veneer                ro code  0x30004c40      0x8  - Linker created -
    Veneer                ro code  0x30004c48      0x8  - Linker created -
    .sdram.text           ro code  0x30004c50    0x604  v4l2_driver.o [9]
    .sdram.text           ro code  0x30005254     0x34  avcodec.o [9]
    Veneer                ro code  0x30005288      0x8  - Linker created -
    Veneer                ro code  0x30005290      0x8  - Linker created -
    Veneer                ro code  0x30005298      0x8  - Linker created -
    Veneer                ro code  0x300052a0      0x8  - Linker created -
    Veneer                ro code  0x300052a8      0x8  - Linker created -
    Veneer                ro code  0x300052b0      0x8  - Linker created -
    Veneer                ro code  0x300052b8      0x8  - Linker created -
    Veneer                ro code  0x300052c0      0x8  - Linker created -
    Veneer                ro code  0x300052c8      0x8  - Linker created -
    Veneer                ro code  0x300052d0      0x8  - Linker created -
    Veneer                ro code  0x300052d8      0x8  - Linker created -
    Veneer                ro code  0x300052e0      0x8  - Linker created -
    Veneer                ro code  0x300052e8      0x8  - Linker created -
    Veneer                ro code  0x300052f0      0x8  - Linker created -
    Veneer                ro code  0x300052f8      0x8  - Linker created -
    Veneer                ro code  0x30005300      0x8  - Linker created -
    Veneer                ro code  0x30005308      0x8  - Linker created -
    Veneer                ro code  0x30005310      0x8  - Linker created -
    Veneer                ro code  0x30005318      0x8  - Linker created -
    Veneer                ro code  0x30005320      0x8  - Linker created -
    Veneer                ro code  0x30005328      0x8  - Linker created -
    Veneer                ro code  0x30005330      0x8  - Linker created -
    Veneer                ro code  0x30005338      0x8  - Linker created -
    .sdram.text           ro code  0x30005340    0x618  dwc_otg_common.o [8]
    Veneer                ro code  0x30005958      0x8  - Linker created -
    Veneer                ro code  0x30005960      0x8  - Linker created -
    Veneer                ro code  0x30005968      0x8  - Linker created -
    Veneer                ro code  0x30005970      0x8  - Linker created -
    Veneer                ro code  0x30005978      0x8  - Linker created -
    Veneer                ro code  0x30005980      0x8  - Linker created -
    Veneer                ro code  0x30005988      0x8  - Linker created -
    .sdram.text           ro code  0x30005990    0x3d0  dwc_otg_driver.o [8]
    Veneer                ro code  0x30005d60      0x8  - Linker created -
    Veneer                ro code  0x30005d68      0x8  - Linker created -
    Veneer                ro code  0x30005d70      0x8  - Linker created -
[...]
uvc_task_init           0x100431c9     0x64  Code  Gb  example_uvc.o [2]
uvc_test_bit            0x300114e1     0x12  Code  Lc  uvc_ctrl.o [9]
uvc_thru_en             0x1004caa4      0x4  Data  Gb  uvc_video.o [9]
uvc_timeout_param       0x30017268      0x4  Data  Gb  uvc_driver.o [9]
uvc_to_codec_id         0x30004eaf      0xa  Code  Gb  v4l2_driver.o [9]
uvc_to_rtp_pt           0x30004ea3      0xc  Code  Gb  v4l2_driver.o [9]
uvc_trace_param         0x30017264      0x4  Data  Gb  uvc_driver.o [9]
uvc_try_frame_interval  0x300161cf     0x4c  Code  Lc  uvc_v4l2.o [9]
uvc_uninit_video        0x300044a3     0x42  Code  Lc  uvc_video.o [9]
uvc_v4l2_do_ioctl       0x300165e5    0x65e  Code  Gb  uvc_v4l2.o [9]
uvc_v4l2_get_format     0x300163a5     0x6e  Code  Lc  uvc_v4l2.o [9]
uvc_v4l2_ioctl          0x30016cad      0x2  Code  Gb  uvc_v4l2.o [9]
uvc_v4l2_mmap           0x30016caf     0x20  Code  Gb  uvc_v4l2.o [9]
uvc_v4l2_open           0x3001654d     0x48  Code  Gb  uvc_v4l2.o [9]
uvc_v4l2_release        0x30016595     0x48  Code  Gb  uvc_v4l2.o [9]
uvc_v4l2_set_streamparm
                        0x30016413     0xba  Code  Lc  uvc_v4l2.o [9]
uvc_v4l2_try_format     0x3001621b    0x18a  Code  Lc  uvc_v4l2.o [9]
uvc_video_clock_cleanup
                        0x30003e99     0x14  Code  Lc  uvc_video.o [9]
uvc_video_clock_reset   0x30003e85     0x14  Code  Lc  uvc_video.o [9]
uvc_video_complete      0x300043e1     0x2e  Code  Lc  uvc_video.o [9]
uvc_video_decode_bulk   0x3000402b     0xa4  Code  Lc  uvc_video.o [9]
uvc_video_decode_end    0x30003f39     0x14  Code  Lc  uvc_video.o [9]
uvc_video_decode_isoc   0x30003f4d     0xde  Code  Lc  uvc_video.o [9]
uvc_video_decode_start  0x30003ead     0x8c  Code  Lc  uvc_video.o [9]
uvc_video_enable        0x30004893     0x80  Code  Gb  uvc_video.o [9]
uvc_video_encode_bulk   0x300040d9     0xce  Code  Lc  uvc_video.o [9]
uvc_video_init          0x30004779     0xe8  Code  Gb  uvc_video.o [9]
uvc_wait_finish         0x300084a9      0x8  Code  Lc  uvc_queue.o [9]
uvc_wait_prepare        0x300084a1      0x8  Code  Lc  uvc_queue.o [9]
uvc_xu_ctrl_query       0x30011c23    0x174  Code  Gb  uvc_ctrl.o [9]
uxCriticalNesting       0x10046ae8      0x4  Data  Lc  port.o [2]
uxCurrentNumberOfTasks  0x10046b3c      0x4  Data  Lc  tasks.o [2]
uxListRemove            0x100147c1     0x24  Code  Gb  list.o [2]
uxPendedTicks           0x10046b4c      0x4  Data  Lc  tasks.o [2]
uxQueueMessagesWaiting  0x1000efeb     0x12  Code  Gb  queue.o [2]
uxSchedulerSuspended    0x10046b60      0x4  Data  Lc  tasks.o [2]
uxTaskNumber            0x10046b58      0x4  Data  Lc  tasks.o [2]
uxTasksDeleted          0x10046b24      0x4  Data  Lc  tasks.o [2]
uxTopReadyPriority      0x10046b44      0x4  Data  Lc  tasks.o [2]
v4l2_device_put         0x3001254b     0x2c  Code  Gb  v4l2-device.o [9]
v4l2_device_register    0x300124fd     0x4e  Code  Gb  v4l2-device.o [9]
v4l2_device_release     0x30010f31     0x5e  Code  Lc  v4l2-dev.o [9]
v4l2_fh_add             0x3001705b     0x2e  Code  Gb  v4l2-fh.o [9]
v4l2_fh_del             0x30017089     0x2e  Code  Gb  v4l2-fh.o [9]
v4l2_fh_exit            0x300170c1      0xa  Code  Gb  v4l2-fh.o [9]
v4l2_fh_init            0x30017011     0x4a  Code  Gb  v4l2-fh.o [9]
v4l2_prio_change        0x30010faf     0x50  Code  Gb  v4l2-dev.o [9]
v4l2_prio_check         0x3001105f     0x16  Code  Gb  v4l2-dev.o [9]
v4l2_prio_close         0x30011003     0x26  Code  Gb  v4l2-dev.o [9]
v4l2_prio_init          0x30010fa7      0x8  Code  Gb  v4l2-dev.o [9]
v4l2_prio_max           0x30011029     0x36  Code  Gb  v4l2-dev.o [9]
v4l2_prio_open          0x30010fff      0x4  Code  Gb  v4l2-dev.o [9]
v4l2_probe              0x30004ebf    0x11e  Code  Gb  v4l2_driver.o [9]
vApplicationIdleHook    0x1000fc55      0x2  Code  Gb  port.o [2]
vApplicationStackOverflowHook
                        0x1000fc57     0x12  Code  Gb  port.o [2]
vBasicWEBServer         0x1001abff     0x88  Code  Gb  webserver.o [2]
vListInitialise         0x10014755     0x1a  Code  Gb  list.o [2]
vListInitialiseItem     0x1001476f      0x6  Code  Gb  list.o [2]
vListInsert             0x1001478d     0x34  Code  Gb  list.o [2]
vListInsertEnd          0x10014775     0x18  Code  Gb  list.o [2]
vPortClearInterruptMask
                        0x10045ea5           Code  Gb  portasm.o [2]
vPortDefineHeapRegions  0x1001494b     0x68  Code  Gb  heap_5.o [2]
vPortEnterCritical      0x1000fafd     0x18  Code  Gb  port.o [2]
vPortExitCritical       0x1000fb15     0x12  Code  Gb  port.o [2]
vPortFree               0x100148d9     0x1c  Code  Gb  heap_5.o [2]
vPortSVCHandler         0x10045eab           Code  Gb  portasm.o [2]
vPortSetExtFree         0x100148cf      0xa  Code  Gb  heap_5.o [2]
vPortSetupTimerInterrupt
                        0x1000fc15     0x26  Code  Wk  port.o [2]
vPortStartFirstTask     0x10045ecb           Code  Gb  portasm.o [2]
vPortSuppressTicksAndSleep
                        0x1000fb47     0xce  Code  Wk  port.o [2]
vPortYield              0x1000faeb     0x12  Code  Gb  port.o [2]
vProcessConnection      0x1001aa6f    0x190  Code  Lc  webserver.o [2]
vQueueDelete            0x1000effd     0x18  Code  Gb  queue.o [2]
vQueueWaitForMessageRestricted
                        0x1000f14d     0x3e  Code  Gb  queue.o [2]
vTaskDelay              0x1000f2e5     0x4c  Code  Gb  tasks.o [2]
vTaskDelete             0x1000f25d     0x88  Code  Gb  tasks.o [2]
vTaskMissedYield        0x1000f797      0x8  Code  Gb  tasks.o [2]
vTaskPlaceOnEventList   0x1000f659     0x4e  Code  Gb  tasks.o [2]
vTaskPlaceOnEventListRestricted
                        0x1000f6a7     0x38  Code  Gb  tasks.o [2]
vTaskPriorityInherit    0x1000f985     0x7a  Code  Gb  tasks.o [2]
vTaskPrioritySet        0x1000f331     0xb2  Code  Gb  tasks.o [2]
vTaskSetTimeOutState    0x1000f73d      0xe  Code  Gb  tasks.o [2]
vTaskStartScheduler     0x1000f3e3     0x48  Code  Gb  tasks.o [2]
vTaskStepTick           0x1000f517      0xc  Code  Gb  tasks.o [2]
vTaskSuspendAll         0x1000f42b      0xc  Code  Gb  tasks.o [2]
vTaskSwitchContext      0x1000f5dd     0x7c  Code  Gb  tasks.o [2]
vWFSSVCHandler          0x10009815      0x2  Code  Gb  hal_soc_ps_monitor.o [2]
validate_recv_ctrl_frame
                        0x1002fdc3    0x158  Code  Gb  rtw_recv.o [10]
validate_recv_data_frame
                        0x1002ff59    0x1f8  Code  Gb  rtw_recv.o [10]
validate_recv_frame     0x10030167     0xc2  Code  Gb  rtw_recv.o [10]
validate_recv_mgnt_frame
                        0x1002ff1b     0x3e  Code  Gb  rtw_recv.o [10]
vb2_buffer_done         0x300148d1     0x58  Code  Gb  videobuf2-core.o [9]
vb2_dqbuf               0x30014c11     0x9e  Code  Gb  videobuf2-core.o [9]
vb2_get_plane_payload   0x3000834f     0x16  Code  Lc  uvc_queue.o [9]
vb2_mmap                0x30014dff     0x4e  Code  Gb  videobuf2-core.o [9]
vb2_plane_size          0x30008365     0x16  Code  Lc  uvc_queue.o [9]
vb2_qbuf                0x30014b93      0xa  Code  Gb  videobuf2-core.o [9]
vb2_querybuf            0x300146ef     0x4c  Code  Gb  videobuf2-core.o [9]
vb2_queue_init          0x30014e4d     0x4e  Code  Gb  videobuf2-core.o [9]
vb2_queue_or_prepare_buf
                        0x30014a9b     0xac  Code  Lc  videobuf2-core.o [9]
vb2_queue_release       0x30014eb7     0x14  Code  Gb  videobuf2-core.o [9]
vb2_reqbufs             0x30014881     0x1c  Code  Gb  videobuf2-core.o [9]
vb2_set_plane_payload   0x3000833d     0x12  Code  Lc  uvc_queue.o [9]
vb2_streamoff           0x30014db3     0x4c  Code  Gb  videobuf2-core.o [9]
vb2_streamon            0x30014d15     0x98  Code  Gb  videobuf2-core.o [9]
video_devdata           0x30010f8f      0x6  Code  Gb  v4l2-dev.o [9]
video_device            0x1004ebd0    0x400  Data  Lc  v4l2-dev.o [9]
video_device_alloc      0x30010f27      0x6  Code  Gb  v4l2-dev.o [9]
video_device_release    0x30010f2d      0x4  Code  Gb  v4l2-dev.o [9]
video_unregister_device
                        0x30011207     0x36  Code  Gb  v4l2-dev.o [9]
videodev_lock           0x1004efd0      0x4  Data  Lc  v4l2-dev.o [9]
w_conn_id_status_change
                        0x3000e605     0x90  Code  Gb  dwc_otg_cil_intr.o [8]
w_wakeup_detected       0x3000e6f7     0x2e  Code  Gb  dwc_otg_cil_intr.o [8]
wait_complete_queue_sema
                        0x1004cab0      0x4  Data  Gb  uvc_video.o [9]
wakelock                0x10046ab0      0x4  Data  Lc  freertos_pmu.o [2]
wakeup_event            0x10046ab4      0x4  Data  Lc  freertos_pmu.o [2]
wakeup_sta_to_xmit      0x1003e369    0x1c4  Code  Gb  rtw_xmit.o [10]
web_atoi                0x1001a4ad     0x48  Code  Gb  webserver.o [2]
webs_sema               0x1004b0f4      0x4  Data  Gb  webserver.o [2]
webs_task               0x1004b0f0      0x4  Data  Gb  webserver.o [2]
webs_terminate          0x1004b0e8      0x1  Data  Gb  webserver.o [2]
wep_80211_decrypt       0x000142f5     0x92  Code  Gb  rom.o [12]
wep_80211_encrypt       0x00014295     0x60  Code  Gb  rom.o [12]
wext_enable_powersave   0x100171ef     0x6e  Code  Gb  wifi_util.o [2]
wext_get_channel        0x100174fd     0x3e  Code  Gb  wifi_util.o [2]
wext_get_enc_ext        0x100170eb     0x7a  Code  Gb  wifi_util.o [2]
wext_get_mode           0x10017369     0x3c  Code  Gb  wifi_util.o [2]
wext_get_passphrase     0x100171b1     0x3e  Code  Gb  wifi_util.o [2]
wext_get_rssi           0x100173f1     0x3e  Code  Gb  wifi_util.o [2]
wext_get_scan           0x10017585     0x2e  Code  Gb  wifi_util.o [2]
wext_get_ssid           0x10016df1     0x5a  Code  Gb  wifi_util.o [2]
wext_private_command    0x100175b3     0xae  Code  Gb  wifi_util.o [2]
wext_set_ap_ssid        0x100173a5     0x4c  Code  Gb  wifi_util.o [2]
wext_set_auth_param     0x10016f87     0x40  Code  Gb  wifi_util.o [2]
wext_set_autoreconnect  0x100177c7     0x68  Code  Gb  wifi_util.o [2]
wext_set_bssid          0x10016ee9     0x5e  Code  Gb  wifi_util.o [2]
wext_set_channel        0x100174bb     0x42  Code  Gb  wifi_util.o [2]
wext_set_key_ext        0x10016fc7    0x124  Code  Gb  wifi_util.o [2]
wext_set_lps_dtim       0x100172d1     0x60  Code  Gb  wifi_util.o [2]
wext_set_mode           0x10017331     0x38  Code  Gb  wifi_util.o [2]
wext_set_passphrase     0x10017165     0x4c  Code  Gb  wifi_util.o [2]
wext_set_pscan_channel  0x1001742f     0x8c  Code  Gb  wifi_util.o [2]
wext_set_scan           0x1001753b     0x4a  Code  Gb  wifi_util.o [2]
wext_set_ssid           0x10016e81     0x4c  Code  Gb  wifi_util.o [2]
wext_set_tdma_param     0x1001725d     0x74  Code  Gb  wifi_util.o [2]
wext_wlan_indicate      0x10017661    0x166  Code  Gb  wifi_util.o [2]
wifi                    0x1004a0a0     0x38  Data  Lc  atcmd_wifi.o [2]
wifi_add_packet_filter  0x1001d2b5      0x4  Code  Gb  wifi_conf.o [2]
wifi_ap_sta_assoc_hdl   0x1001cae3      0x2  Code  Lc  wifi_conf.o [2]
wifi_ap_sta_disassoc_hdl
                        0x1001cae5      0x2  Code  Lc  wifi_conf.o [2]
wifi_autoreconnect_hdl  0x1001d221     0x32  Code  Gb  wifi_conf.o [2]
wifi_autoreconnect_thread
                        0x1001d1b5     0x6c  Code  Lc  wifi_conf.o [2]
wifi_config_autoreconnect
                        0x1001d253     0x1a  Code  Gb  wifi_conf.o [2]
wifi_connect            0x1001c419    0x276  Code  Gb  wifi_conf.o [2]
wifi_connect_bssid      0x1001c6e1    0x1b2  Code  Gb  wifi_conf.o [2]
wifi_connect_bssid_local
                        0x1001c009    0x168  Code  Lc  wifi_conf.o [2]
wifi_connect_local      0x1001bed5    0x134  Code  Lc  wifi_conf.o [2]
wifi_connected_hdl      0x1001c1b7     0x34  Code  Lc  wifi_conf.o [2]
wifi_disable_packet_filter
                        0x1001d2bd      0x4  Code  Gb  wifi_conf.o [2]
wifi_disconn_hdl        0x1001c201     0x72  Code  Lc  wifi_conf.o [2]
wifi_disconnect         0x1001c8b1     0x2a  Code  Gb  wifi_conf.o [2]
wifi_enable_packet_filter
                        0x1001d2b9      0x4  Code  Gb  wifi_conf.o [2]
wifi_enter_promisc_mode
                        0x1001d055     0x4c  Code  Gb  wifi_conf.o [2]
wifi_get_associated_client_list
                        0x1001c915     0x3e  Code  Gb  wifi_conf.o [2]
wifi_get_rssi           0x1001c96d      0xa  Code  Gb  wifi_conf.o [2]
wifi_get_setting        0x1001ceb9     0xc4  Code  Gb  wifi_conf.o [2]
wifi_handshake_done_hdl
                        0x1001c1eb     0x16  Code  Lc  wifi_conf.o [2]
wifi_indication         0x1001a1b3      0x2  Code  Gb  wifi_ind.o [2]
wifi_init_packet_filter
                        0x1001d2b1      0x4  Code  Gb  wifi_conf.o [2]
wifi_is_connected_to_ap
                        0x1001caed      0x4  Code  Gb  wifi_conf.o [2]
wifi_mac_hash           0x100325bd     0x2a  Code  Lc  rtw_sta_mgt.o [10]
wifi_mode               0x1004bf2c      0x4  Data  Lc  wifi_conf.o [2]
wifi_no_network_hdl     0x1001c1a7     0x10  Code  Lc  wifi_conf.o [2]
wifi_off                0x1001ca3d     0x7c  Code  Gb  wifi_conf.o [2]
wifi_on                 0x1001c983     0xae  Code  Gb  wifi_conf.o [2]
wifi_reg_event_handler  0x1001a1b5     0x44  Code  Gb  wifi_ind.o [2]
wifi_remove_packet_filter
                        0x1001d2c1      0x4  Code  Gb  wifi_conf.o [2]
wifi_restart_ap         0x1001d0a1    0x114  Code  Gb  wifi_conf.o [2]
wifi_rx_beacon_hdl      0x1001c1a5      0x2  Code  Gb  wifi_conf.o [2]
wifi_scan               0x1001cd67     0x64  Code  Gb  wifi_conf.o [2]
wifi_scan_done_hdl      0x1001ccff     0x68  Code  Lc  wifi_conf.o [2]
wifi_scan_each_report_hdl
                        0x1001cbe1    0x11e  Code  Lc  wifi_conf.o [2]
wifi_scan_networks      0x1001cded     0xac  Code  Gb  wifi_conf.o [2]
wifi_set_autoreconnect  0x1001d26d      0xc  Code  Gb  wifi_conf.o [2]
wifi_set_channel        0x1001c977      0xc  Code  Gb  wifi_conf.o [2]
wifi_set_lps_dtim       0x1001cad9      0xa  Code  Gb  wifi_conf.o [2]
wifi_set_power_mode     0x1001cab9      0xc  Code  Gb  wifi_conf.o [2]
wifi_set_promisc        0x1001d051      0x4  Code  Gb  wifi_conf.o [2]
wifi_set_pscan_chan     0x1001cea1     0x18  Code  Gb  wifi_conf.o [2]
wifi_set_tdma_param     0x1001cac5     0x14  Code  Gb  wifi_conf.o [2]
wifi_setting            0x1004b07c     0x6c  Data  Gb  webserver.o [2]
wifi_show_setting       0x1001cf89     0xbe  Code  Gb  wifi_conf.o [2]
wifi_start_ap           0x1001caf1     0xe4  Code  Gb  wifi_conf.o [2]
wifi_unreg_event_handler
                        0x1001a1f9     0x36  Code  Gb  wifi_ind.o [2]
wifirate2_ratetbl_inx   0x100336f1     0x60  Code  Gb  rtw_wlan_util.o [10]
wireless_send_event     0x10022d33      0xa  Code  Gb  freertos_ioctl.o [10]
wlan_init_done_callback
                        0x100446dd     0xd2  Code  Gb  example_wlan_fast_connect.o [2]
wlan_network            0x100456e1     0x3a  Code  Gb  wlan_network.o [2]
wlan_wrtie_reconnect_data_to_flash
                        0x1004467d     0x60  Code  Gb  example_wlan_fast_connect.o [2]
wlancmds                0x100261ac    0x1f8  Data  Gb  rtw_cmd.o [10]
wlanevents              0x1002d1f4     0xc0  Data  Lc  rtw_mlme_ext.o [10]
wlanhdr_to_ethhdr       0x10030231    0x138  Code  Gb  rtw_recv.o [10]
wpa_global_PSK          0x1004c2a4     0x50  Data  Gb  rtw_psk.o [10]
wpa_set_encryption      0x10022ef7    0x176  Code  Lc  freertos_ioctl.o [10]
wps_oui                 0x00035440      0x4  Data  Lc  rom.o [12]
wrapper_skbbuf_list     0x1004c4f4      0x8  Data  Lc  freertos_skbuff.o [10]
write_cam               0x10032ffd     0x6a  Code  Gb  rtw_wlan_util.o [10]
xActiveTimerList1       0x1004b04c     0x14  Data  Lc  timers.o [2]
xActiveTimerList2       0x1004b060     0x14  Data  Lc  timers.o [2]
xBlockAllocatedBit      0x1004abe8      0x4  Data  Lc  heap_5.o [2]
xDelayedTaskList1       0x10046b64     0x14  Data  Lc  tasks.o [2]
xDelayedTaskList2       0x10046b78     0x14  Data  Lc  tasks.o [2]
xFreeBytesRemaining     0x1004abe0      0x4  Data  Lc  heap_5.o [2]
xHeapRegions            0x1004abbc     0x18  Data  Gb  heap_5.o [2]
xMaximumPossibleSuppressedTicks
                        0x1004ae58      0x4  Data  Lc  port.o [2]
xMinimumEverFreeBytesRemaining
                        0x1004abe4      0x4  Data  Lc  heap_5.o [2]
xNextTaskUnblockTime    0x10046b5c      0x4  Data  Lc  tasks.o [2]
xNumOfOverflows         0x10046b54      0x4  Data  Lc  tasks.o [2]
xPendingReadyList       0x10046af0     0x14  Data  Lc  tasks.o [2]
xPortGetFreeHeapSize    0x100148f5      0x6  Code  Gb  heap_5.o [2]
xPortPendSVHandler      0x10045e59           Code  Gb  portasm.o [2]
xPortStartScheduler     0x1000fac5     0x26  Code  Gb  port.o [2]
xPortSysTickHandler     0x1000fb27     0x20  Code  Gb  port.o [2]
xQueueCreateCountingSemaphore
                        0x1000ed7d     0x14  Code  Gb  queue.o [2]
xQueueCreateMutex       0x1000ed35     0x48  Code  Gb  queue.o [2]
xQueueGenericCreate     0x1000ecf5     0x40  Code  Gb  queue.o [2]
xQueueGenericReceive    0x1000eedd    0x10e  Code  Gb  queue.o [2]
xQueueGenericReset      0x1000ec8d     0x68  Code  Gb  queue.o [2]
xQueueGenericSend       0x1000ed91     0xda  Code  Gb  queue.o [2]
xQueueGenericSendFromISR
                        0x1000ee6b     0x72  Code  Gb  queue.o [2]
xSchedulerRunning       0x10046b48      0x4  Data  Lc  tasks.o [2]
xStart                  0x1004abd4      0x8  Data  Lc  heap_5.o [2]
xSuspendedTaskList      0x10046b28     0x14  Data  Lc  tasks.o [2]
xTaskCheckForTimeOut    0x1000f74b     0x4c  Code  Gb  tasks.o [2]
xTaskGenericCreate      0x1000f18d     0xd0  Code  Gb  tasks.o [2]
xTaskGetSchedulerState  0x1000f96b     0x1a  Code  Gb  tasks.o [2]
xTaskGetTickCount       0x1000f4f5     0x14  Code  Gb  tasks.o [2]
xTaskIncrementTick      0x1000f523     0xba  Code  Gb  tasks.o [2]
xTaskPriorityDisinherit
                        0x1000f9ff     0x6a  Code  Gb  tasks.o [2]
xTaskRemoveFromEventList
                        0x1000f6df     0x5e  Code  Gb  tasks.o [2]
xTaskResumeAll          0x1000f45d     0x98  Code  Gb  tasks.o [2]
xTasksWaitingTermination
                        0x10046b04     0x14  Data  Lc  tasks.o [2]
xTickCount              0x10046b40      0x4  Data  Lc  tasks.o [2]
xTimerCreate            0x100149f9     0x4c  Code  Gb  timers.o [2]
xTimerCreateTimerTask   0x100149c1     0x38  Code  Gb  timers.o [2]
xTimerGenericCommand    0x10014a45     0x52  Code  Gb  timers.o [2]
xTimerIsTimerActive     0x10014cfd     0x1c  Code  Gb  timers.o [2]
xTimerQueue             0x1004b048      0x4  Data  Lc  timers.o [2]
xYieldPending           0x10046b50      0x4  Data  Lc  tasks.o [2]
xmit_delivery_enabled_frames
                        0x1003e53f    0x102  Code  Gb  rtw_xmit.o [10]
xmitframe_addmic        0x1003d757    0x182  Code  Gb  rtw_xmit.o [10]
xmitframe_enqueue_for_sleeping_sta
                        0x1003e0cf    0x154  Code  Gb  rtw_xmit.o [10]
xmitframe_swencrypt     0x1003d8df     0x30  Code  Gb  rtw_xmit.o [10]
xnetif                  0x1004ad9c     0x78  Data  Gb  lwip_netconf.o [2]
z1                      0x10000374      0x4  Data  Lc  rom.o [12]
z2                      0x10000378      0x4  Data  Lc  rom.o [12]
z3                      0x1000037c      0x4  Data  Lc  rom.o [12]
z4                      0x10000380      0x4  Data  Lc  rom.o [12]
zero_bssid              0x10021f38      0x8  Data  Gb  rtw_promisc.o [10]
zeroes                  0x0003ec14     0x10  Data  Lc  rom.o [12]


[1] = E:\data\8711\My-RTL8711\sdk-ameba1-v3.4b_ECN_20151106\project\realtek_ameba1_va0_example\EWARM-RELEASE\..\..\..\component\soc\realtek\8195a\misc\bsp\image
[2] = E:\data\8711\My-RTL8711\sdk-ameba1-v3.4b_ECN_20151106\project\realtek_ameba1_va0_example\EWARM-RELEASE\UVC\Obj
[3] = command line
[4] = dl7M_tln.a
[5] = lib_mdns.a
[6] = lib_platform.a
[7] = lib_rtlstd.a
[8] = lib_usb.a
[9] = lib_uvc.a
[10] = lib_wlan.a
[11] = m7M_tl.a
[12] = rom.a
[13] = rt7M_tl.a

    352 372 bytes of readonly  code memory
    276 520 bytes of readwrite code memory
     20 256 bytes of readonly  data memory
  1 051 900 bytes of readwrite data memory

Errors: 2
Warnings: none
