###############################################################################
#
# IAR ELF Linker V7.30.4.8167/W32 for ARM                 10/Aug/2016  19:08:11
# Copyright 2007-2014 IAR Systems AB.
#
#    Output file  =  
#        F:\sdk-ameba1-v3.4b_ECN_2016.08.01\project\realtek_ameba1_va0_example\EWARM-RELEASE\Debug\Exe\application.axf
#    Map file     =  
#        F:\sdk-ameba1-v3.4b_ECN_2016.08.01\project\realtek_ameba1_va0_example\EWARM-RELEASE\Debug\List\application.map
#    Command line =  
#        F:\sdk-ameba1-v3.4b_ECN_2016.08.01\project\realtek_ameba1_va0_example\EWARM-RELEASE\Debug\Obj\aes.o
#        F:\sdk-ameba1-v3.4b_ECN_2016.08.01\project\realtek_ameba1_va0_example\EWARM-RELEASE\Debug\Obj\aesni.o
#        F:\sdk-ameba1-v3.4b_ECN_2016.08.01\project\realtek_ameba1_va0_example\EWARM-RELEASE\Debug\Obj\analogin_api.o
#        F:\sdk-ameba1-v3.4b_ECN_2016.08.01\project\realtek_ameba1_va0_example\EWARM-RELEASE\Debug\Obj\api_lib.o
#        F:\sdk-ameba1-v3.4b_ECN_2016.08.01\project\realtek_ameba1_va0_example\EWARM-RELEASE\Debug\Obj\api_msg.o
#        F:\sdk-ameba1-v3.4b_ECN_2016.08.01\project\realtek_ameba1_va0_example\EWARM-RELEASE\Debug\Obj\arc4.o
#        F:\sdk-ameba1-v3.4b_ECN_2016.08.01\project\realtek_ameba1_va0_example\EWARM-RELEASE\Debug\Obj\asn1parse.o
#        F:\sdk-ameba1-v3.4b_ECN_2016.08.01\project\realtek_ameba1_va0_example\EWARM-RELEASE\Debug\Obj\asn1write.o
#        F:\sdk-ameba1-v3.4b_ECN_2016.08.01\project\realtek_ameba1_va0_example\EWARM-RELEASE\Debug\Obj\atcmd_google.o
#        F:\sdk-ameba1-v3.4b_ECN_2016.08.01\project\realtek_ameba1_va0_example\EWARM-RELEASE\Debug\Obj\atcmd_sys.o
#        F:\sdk-ameba1-v3.4b_ECN_2016.08.01\project\realtek_ameba1_va0_example\EWARM-RELEASE\Debug\Obj\atcmd_wifi.o
#        F:\sdk-ameba1-v3.4b_ECN_2016.08.01\project\realtek_ameba1_va0_example\EWARM-RELEASE\Debug\Obj\autoip.o
#        F:\sdk-ameba1-v3.4b_ECN_2016.08.01\project\realtek_ameba1_va0_example\EWARM-RELEASE\Debug\Obj\base64.o
#        F:\sdk-ameba1-v3.4b_ECN_2016.08.01\project\realtek_ameba1_va0_example\EWARM-RELEASE\Debug\Obj\bignum.o
#        F:\sdk-ameba1-v3.4b_ECN_2016.08.01\project\realtek_ameba1_va0_example\EWARM-RELEASE\Debug\Obj\blowfish.o
#        F:\sdk-ameba1-v3.4b_ECN_2016.08.01\project\realtek_ameba1_va0_example\EWARM-RELEASE\Debug\Obj\camellia.o
#        F:\sdk-ameba1-v3.4b_ECN_2016.08.01\project\realtek_ameba1_va0_example\EWARM-RELEASE\Debug\Obj\ccm.o
#        F:\sdk-ameba1-v3.4b_ECN_2016.08.01\project\realtek_ameba1_va0_example\EWARM-RELEASE\Debug\Obj\certs.o
#        F:\sdk-ameba1-v3.4b_ECN_2016.08.01\project\realtek_ameba1_va0_example\EWARM-RELEASE\Debug\Obj\cipher.o
#        F:\sdk-ameba1-v3.4b_ECN_2016.08.01\project\realtek_ameba1_va0_example\EWARM-RELEASE\Debug\Obj\cipher_wrap.o
#        F:\sdk-ameba1-v3.4b_ECN_2016.08.01\project\realtek_ameba1_va0_example\EWARM-RELEASE\Debug\Obj\cJSON.o
#        F:\sdk-ameba1-v3.4b_ECN_2016.08.01\project\realtek_ameba1_va0_example\EWARM-RELEASE\Debug\Obj\cloud_link.o
#        F:\sdk-ameba1-v3.4b_ECN_2016.08.01\project\realtek_ameba1_va0_example\EWARM-RELEASE\Debug\Obj\cmsis_os.o
#        F:\sdk-ameba1-v3.4b_ECN_2016.08.01\project\realtek_ameba1_va0_example\EWARM-RELEASE\Debug\Obj\croutine.o
#        F:\sdk-ameba1-v3.4b_ECN_2016.08.01\project\realtek_ameba1_va0_example\EWARM-RELEASE\Debug\Obj\ctr_drbg.o
#        F:\sdk-ameba1-v3.4b_ECN_2016.08.01\project\realtek_ameba1_va0_example\EWARM-RELEASE\Debug\Obj\debug.o
#        F:\sdk-ameba1-v3.4b_ECN_2016.08.01\project\realtek_ameba1_va0_example\EWARM-RELEASE\Debug\Obj\def.o
#        F:\sdk-ameba1-v3.4b_ECN_2016.08.01\project\realtek_ameba1_va0_example\EWARM-RELEASE\Debug\Obj\des.o
#        F:\sdk-ameba1-v3.4b_ECN_2016.08.01\project\realtek_ameba1_va0_example\EWARM-RELEASE\Debug\Obj\dhcp.o
#        F:\sdk-ameba1-v3.4b_ECN_2016.08.01\project\realtek_ameba1_va0_example\EWARM-RELEASE\Debug\Obj\dhcps.o
#        F:\sdk-ameba1-v3.4b_ECN_2016.08.01\project\realtek_ameba1_va0_example\EWARM-RELEASE\Debug\Obj\dhm.o
#        F:\sdk-ameba1-v3.4b_ECN_2016.08.01\project\realtek_ameba1_va0_example\EWARM-RELEASE\Debug\Obj\dma_api.o
#        F:\sdk-ameba1-v3.4b_ECN_2016.08.01\project\realtek_ameba1_va0_example\EWARM-RELEASE\Debug\Obj\dns.o
#        F:\sdk-ameba1-v3.4b_ECN_2016.08.01\project\realtek_ameba1_va0_example\EWARM-RELEASE\Debug\Obj\ecdh.o
#        F:\sdk-ameba1-v3.4b_ECN_2016.08.01\project\realtek_ameba1_va0_example\EWARM-RELEASE\Debug\Obj\ecdsa.o
#        F:\sdk-ameba1-v3.4b_ECN_2016.08.01\project\realtek_ameba1_va0_example\EWARM-RELEASE\Debug\Obj\ecp.o
#        F:\sdk-ameba1-v3.4b_ECN_2016.08.01\project\realtek_ameba1_va0_example\EWARM-RELEASE\Debug\Obj\ecp_curves.o
#        F:\sdk-ameba1-v3.4b_ECN_2016.08.01\project\realtek_ameba1_va0_example\EWARM-RELEASE\Debug\Obj\EEPROM.o
#        F:\sdk-ameba1-v3.4b_ECN_2016.08.01\project\realtek_ameba1_va0_example\EWARM-RELEASE\Debug\Obj\EEPROM_I2C.o
#        F:\sdk-ameba1-v3.4b_ECN_2016.08.01\project\realtek_ameba1_va0_example\EWARM-RELEASE\Debug\Obj\efuse1_api.o
#        F:\sdk-ameba1-v3.4b_ECN_2016.08.01\project\realtek_ameba1_va0_example\EWARM-RELEASE\Debug\Obj\efuse2_api.o
#        F:\sdk-ameba1-v3.4b_ECN_2016.08.01\project\realtek_ameba1_va0_example\EWARM-RELEASE\Debug\Obj\efuse3_api.o
#        F:\sdk-ameba1-v3.4b_ECN_2016.08.01\project\realtek_ameba1_va0_example\EWARM-RELEASE\Debug\Obj\entropy.o
#        F:\sdk-ameba1-v3.4b_ECN_2016.08.01\project\realtek_ameba1_va0_example\EWARM-RELEASE\Debug\Obj\entropy_poll.o
#        F:\sdk-ameba1-v3.4b_ECN_2016.08.01\project\realtek_ameba1_va0_example\EWARM-RELEASE\Debug\Obj\err.o
#        F:\sdk-ameba1-v3.4b_ECN_2016.08.01\project\realtek_ameba1_va0_example\EWARM-RELEASE\Debug\Obj\error.o
#        F:\sdk-ameba1-v3.4b_ECN_2016.08.01\project\realtek_ameba1_va0_example\EWARM-RELEASE\Debug\Obj\etharp.o
#        F:\sdk-ameba1-v3.4b_ECN_2016.08.01\project\realtek_ameba1_va0_example\EWARM-RELEASE\Debug\Obj\ethernetif.o
#        F:\sdk-ameba1-v3.4b_ECN_2016.08.01\project\realtek_ameba1_va0_example\EWARM-RELEASE\Debug\Obj\event_groups.o
#        F:\sdk-ameba1-v3.4b_ECN_2016.08.01\project\realtek_ameba1_va0_example\EWARM-RELEASE\Debug\Obj\example_entry.o
#        F:\sdk-ameba1-v3.4b_ECN_2016.08.01\project\realtek_ameba1_va0_example\EWARM-RELEASE\Debug\Obj\example_google.o
#        F:\sdk-ameba1-v3.4b_ECN_2016.08.01\project\realtek_ameba1_va0_example\EWARM-RELEASE\Debug\Obj\example_mcast.o
#        F:\sdk-ameba1-v3.4b_ECN_2016.08.01\project\realtek_ameba1_va0_example\EWARM-RELEASE\Debug\Obj\example_mdns.o
#        F:\sdk-ameba1-v3.4b_ECN_2016.08.01\project\realtek_ameba1_va0_example\EWARM-RELEASE\Debug\Obj\example_socket_select.o
#        F:\sdk-ameba1-v3.4b_ECN_2016.08.01\project\realtek_ameba1_va0_example\EWARM-RELEASE\Debug\Obj\example_ssl_download.o
#        F:\sdk-ameba1-v3.4b_ECN_2016.08.01\project\realtek_ameba1_va0_example\EWARM-RELEASE\Debug\Obj\example_wlan_fast_connect.o
#        F:\sdk-ameba1-v3.4b_ECN_2016.08.01\project\realtek_ameba1_va0_example\EWARM-RELEASE\Debug\Obj\example_xml.o
#        F:\sdk-ameba1-v3.4b_ECN_2016.08.01\project\realtek_ameba1_va0_example\EWARM-RELEASE\Debug\Obj\flash_api.o
#        F:\sdk-ameba1-v3.4b_ECN_2016.08.01\project\realtek_ameba1_va0_example\EWARM-RELEASE\Debug\Obj\freertos_pmu.o
#        F:\sdk-ameba1-v3.4b_ECN_2016.08.01\project\realtek_ameba1_va0_example\EWARM-RELEASE\Debug\Obj\freertos_service.o
#        F:\sdk-ameba1-v3.4b_ECN_2016.08.01\project\realtek_ameba1_va0_example\EWARM-RELEASE\Debug\Obj\gcm.o
#        F:\sdk-ameba1-v3.4b_ECN_2016.08.01\project\realtek_ameba1_va0_example\EWARM-RELEASE\Debug\Obj\gpio_api.o
#        F:\sdk-ameba1-v3.4b_ECN_2016.08.01\project\realtek_ameba1_va0_example\EWARM-RELEASE\Debug\Obj\gpio_irq_api.o
#        F:\sdk-ameba1-v3.4b_ECN_2016.08.01\project\realtek_ameba1_va0_example\EWARM-RELEASE\Debug\Obj\hal_32k.o
#        F:\sdk-ameba1-v3.4b_ECN_2016.08.01\project\realtek_ameba1_va0_example\EWARM-RELEASE\Debug\Obj\hal_adc.o
#        F:\sdk-ameba1-v3.4b_ECN_2016.08.01\project\realtek_ameba1_va0_example\EWARM-RELEASE\Debug\Obj\hal_gdma.o
#        F:\sdk-ameba1-v3.4b_ECN_2016.08.01\project\realtek_ameba1_va0_example\EWARM-RELEASE\Debug\Obj\hal_gpio.o
#        F:\sdk-ameba1-v3.4b_ECN_2016.08.01\project\realtek_ameba1_va0_example\EWARM-RELEASE\Debug\Obj\hal_i2c.o
#        F:\sdk-ameba1-v3.4b_ECN_2016.08.01\project\realtek_ameba1_va0_example\EWARM-RELEASE\Debug\Obj\hal_i2s.o
#        F:\sdk-ameba1-v3.4b_ECN_2016.08.01\project\realtek_ameba1_va0_example\EWARM-RELEASE\Debug\Obj\hal_mii.o
#        F:\sdk-ameba1-v3.4b_ECN_2016.08.01\project\realtek_ameba1_va0_example\EWARM-RELEASE\Debug\Obj\hal_nfc.o
#        F:\sdk-ameba1-v3.4b_ECN_2016.08.01\project\realtek_ameba1_va0_example\EWARM-RELEASE\Debug\Obj\hal_pcm.o
#        F:\sdk-ameba1-v3.4b_ECN_2016.08.01\project\realtek_ameba1_va0_example\EWARM-RELEASE\Debug\Obj\hal_pwm.o
#        F:\sdk-ameba1-v3.4b_ECN_2016.08.01\project\realtek_ameba1_va0_example\EWARM-RELEASE\Debug\Obj\hal_sdr_controller.o
#        F:\sdk-ameba1-v3.4b_ECN_2016.08.01\project\realtek_ameba1_va0_example\EWARM-RELEASE\Debug\Obj\hal_soc_ps_monitor.o
#        F:\sdk-ameba1-v3.4b_ECN_2016.08.01\project\realtek_ameba1_va0_example\EWARM-RELEASE\Debug\Obj\hal_ssi.o
#        F:\sdk-ameba1-v3.4b_ECN_2016.08.01\project\realtek_ameba1_va0_example\EWARM-RELEASE\Debug\Obj\hal_timer.o
#        F:\sdk-ameba1-v3.4b_ECN_2016.08.01\project\realtek_ameba1_va0_example\EWARM-RELEASE\Debug\Obj\hal_uart.o
#        F:\sdk-ameba1-v3.4b_ECN_2016.08.01\project\realtek_ameba1_va0_example\EWARM-RELEASE\Debug\Obj\havege.o
#        F:\sdk-ameba1-v3.4b_ECN_2016.08.01\project\realtek_ameba1_va0_example\EWARM-RELEASE\Debug\Obj\heap_5.o
#        F:\sdk-ameba1-v3.4b_ECN_2016.08.01\project\realtek_ameba1_va0_example\EWARM-RELEASE\Debug\Obj\hmac_drbg.o
#        F:\sdk-ameba1-v3.4b_ECN_2016.08.01\project\realtek_ameba1_va0_example\EWARM-RELEASE\Debug\Obj\i2c-bl5372.o
#        F:\sdk-ameba1-v3.4b_ECN_2016.08.01\project\realtek_ameba1_va0_example\EWARM-RELEASE\Debug\Obj\i2c_api.o
#        F:\sdk-ameba1-v3.4b_ECN_2016.08.01\project\realtek_ameba1_va0_example\EWARM-RELEASE\Debug\Obj\i2s_api.o
#        F:\sdk-ameba1-v3.4b_ECN_2016.08.01\project\realtek_ameba1_va0_example\EWARM-RELEASE\Debug\Obj\icmp.o
#        F:\sdk-ameba1-v3.4b_ECN_2016.08.01\project\realtek_ameba1_va0_example\EWARM-RELEASE\Debug\Obj\igmp.o
#        F:\sdk-ameba1-v3.4b_ECN_2016.08.01\project\realtek_ameba1_va0_example\EWARM-RELEASE\Debug\Obj\IIC.o
#        F:\sdk-ameba1-v3.4b_ECN_2016.08.01\project\realtek_ameba1_va0_example\EWARM-RELEASE\Debug\Obj\inet.o
#        F:\sdk-ameba1-v3.4b_ECN_2016.08.01\project\realtek_ameba1_va0_example\EWARM-RELEASE\Debug\Obj\inet_chksum.o
#        F:\sdk-ameba1-v3.4b_ECN_2016.08.01\project\realtek_ameba1_va0_example\EWARM-RELEASE\Debug\Obj\init.o
#        F:\sdk-ameba1-v3.4b_ECN_2016.08.01\project\realtek_ameba1_va0_example\EWARM-RELEASE\Debug\Obj\ip.o
#        F:\sdk-ameba1-v3.4b_ECN_2016.08.01\project\realtek_ameba1_va0_example\EWARM-RELEASE\Debug\Obj\ip_addr.o
#        F:\sdk-ameba1-v3.4b_ECN_2016.08.01\project\realtek_ameba1_va0_example\EWARM-RELEASE\Debug\Obj\ip_frag.o
#        F:\sdk-ameba1-v3.4b_ECN_2016.08.01\project\realtek_ameba1_va0_example\EWARM-RELEASE\Debug\Obj\Kalman_Filter.o
#        F:\sdk-ameba1-v3.4b_ECN_2016.08.01\component\soc\realtek\8195a\misc\bsp\lib\common\IAR\lib_mdns.a
#        F:\sdk-ameba1-v3.4b_ECN_2016.08.01\component\soc\realtek\8195a\misc\bsp\lib\common\IAR\lib_platform.a
#        F:\sdk-ameba1-v3.4b_ECN_2016.08.01\component\soc\realtek\8195a\misc\bsp\lib\common\IAR\lib_rtlstd.a
#        F:\sdk-ameba1-v3.4b_ECN_2016.08.01\component\soc\realtek\8195a\misc\bsp\lib\common\IAR\lib_wlan.a
#        F:\sdk-ameba1-v3.4b_ECN_2016.08.01\component\soc\realtek\8195a\misc\bsp\lib\common\IAR\lib_wps.a
#        F:\sdk-ameba1-v3.4b_ECN_2016.08.01\project\realtek_ameba1_va0_example\EWARM-RELEASE\Debug\Obj\list.o
#        F:\sdk-ameba1-v3.4b_ECN_2016.08.01\project\realtek_ameba1_va0_example\EWARM-RELEASE\Debug\Obj\log_service.o
#        F:\sdk-ameba1-v3.4b_ECN_2016.08.01\project\realtek_ameba1_va0_example\EWARM-RELEASE\Debug\Obj\low_level_io.o
#        F:\sdk-ameba1-v3.4b_ECN_2016.08.01\project\realtek_ameba1_va0_example\EWARM-RELEASE\Debug\Obj\lwip_intf.o
#        F:\sdk-ameba1-v3.4b_ECN_2016.08.01\project\realtek_ameba1_va0_example\EWARM-RELEASE\Debug\Obj\lwip_netconf.o
#        F:\sdk-ameba1-v3.4b_ECN_2016.08.01\project\realtek_ameba1_va0_example\EWARM-RELEASE\Debug\Obj\lwip_timers.o
#        F:\sdk-ameba1-v3.4b_ECN_2016.08.01\project\realtek_ameba1_va0_example\EWARM-RELEASE\Debug\Obj\mailbox.o
#        F:\sdk-ameba1-v3.4b_ECN_2016.08.01\project\realtek_ameba1_va0_example\EWARM-RELEASE\Debug\Obj\main.o
#        F:\sdk-ameba1-v3.4b_ECN_2016.08.01\project\realtek_ameba1_va0_example\EWARM-RELEASE\Debug\Obj\md.o
#        F:\sdk-ameba1-v3.4b_ECN_2016.08.01\project\realtek_ameba1_va0_example\EWARM-RELEASE\Debug\Obj\md2.o
#        F:\sdk-ameba1-v3.4b_ECN_2016.08.01\project\realtek_ameba1_va0_example\EWARM-RELEASE\Debug\Obj\md4.o
#        F:\sdk-ameba1-v3.4b_ECN_2016.08.01\project\realtek_ameba1_va0_example\EWARM-RELEASE\Debug\Obj\md5.o
#        F:\sdk-ameba1-v3.4b_ECN_2016.08.01\project\realtek_ameba1_va0_example\EWARM-RELEASE\Debug\Obj\md_wrap.o
#        F:\sdk-ameba1-v3.4b_ECN_2016.08.01\project\realtek_ameba1_va0_example\EWARM-RELEASE\Debug\Obj\mDNSPlatform.o
#        F:\sdk-ameba1-v3.4b_ECN_2016.08.01\project\realtek_ameba1_va0_example\EWARM-RELEASE\Debug\Obj\mem.o
#        F:\sdk-ameba1-v3.4b_ECN_2016.08.01\project\realtek_ameba1_va0_example\EWARM-RELEASE\Debug\Obj\memory_buffer_alloc.o
#        F:\sdk-ameba1-v3.4b_ECN_2016.08.01\project\realtek_ameba1_va0_example\EWARM-RELEASE\Debug\Obj\memp.o
#        F:\sdk-ameba1-v3.4b_ECN_2016.08.01\project\realtek_ameba1_va0_example\EWARM-RELEASE\Debug\Obj\myIIC.o
#        F:\sdk-ameba1-v3.4b_ECN_2016.08.01\project\realtek_ameba1_va0_example\EWARM-RELEASE\Debug\Obj\net.o
#        F:\sdk-ameba1-v3.4b_ECN_2016.08.01\project\realtek_ameba1_va0_example\EWARM-RELEASE\Debug\Obj\netbuf.o
#        F:\sdk-ameba1-v3.4b_ECN_2016.08.01\project\realtek_ameba1_va0_example\EWARM-RELEASE\Debug\Obj\netdb.o
#        F:\sdk-ameba1-v3.4b_ECN_2016.08.01\project\realtek_ameba1_va0_example\EWARM-RELEASE\Debug\Obj\netif.o
#        F:\sdk-ameba1-v3.4b_ECN_2016.08.01\project\realtek_ameba1_va0_example\EWARM-RELEASE\Debug\Obj\netifapi.o
#        F:\sdk-ameba1-v3.4b_ECN_2016.08.01\project\realtek_ameba1_va0_example\EWARM-RELEASE\Debug\Obj\nfc_api.o
#        F:\sdk-ameba1-v3.4b_ECN_2016.08.01\project\realtek_ameba1_va0_example\EWARM-RELEASE\Debug\Obj\oid.o
#        F:\sdk-ameba1-v3.4b_ECN_2016.08.01\project\realtek_ameba1_va0_example\EWARM-RELEASE\Debug\Obj\osdep_api.o
#        F:\sdk-ameba1-v3.4b_ECN_2016.08.01\project\realtek_ameba1_va0_example\EWARM-RELEASE\Debug\Obj\osdep_service.o
#        F:\sdk-ameba1-v3.4b_ECN_2016.08.01\project\realtek_ameba1_va0_example\EWARM-RELEASE\Debug\Obj\padlock.o
#        F:\sdk-ameba1-v3.4b_ECN_2016.08.01\project\realtek_ameba1_va0_example\EWARM-RELEASE\Debug\Obj\pbkdf2.o
#        F:\sdk-ameba1-v3.4b_ECN_2016.08.01\project\realtek_ameba1_va0_example\EWARM-RELEASE\Debug\Obj\pbuf.o
#        F:\sdk-ameba1-v3.4b_ECN_2016.08.01\project\realtek_ameba1_va0_example\EWARM-RELEASE\Debug\Obj\pem.o
#        F:\sdk-ameba1-v3.4b_ECN_2016.08.01\project\realtek_ameba1_va0_example\EWARM-RELEASE\Debug\Obj\ping_test.o
#        F:\sdk-ameba1-v3.4b_ECN_2016.08.01\project\realtek_ameba1_va0_example\EWARM-RELEASE\Debug\Obj\pinmap.o
#        F:\sdk-ameba1-v3.4b_ECN_2016.08.01\project\realtek_ameba1_va0_example\EWARM-RELEASE\Debug\Obj\pinmap_common.o
#        F:\sdk-ameba1-v3.4b_ECN_2016.08.01\project\realtek_ameba1_va0_example\EWARM-RELEASE\Debug\Obj\pk.o
#        F:\sdk-ameba1-v3.4b_ECN_2016.08.01\project\realtek_ameba1_va0_example\EWARM-RELEASE\Debug\Obj\pk_wrap.o
#        F:\sdk-ameba1-v3.4b_ECN_2016.08.01\project\realtek_ameba1_va0_example\EWARM-RELEASE\Debug\Obj\pkcs11.o
#        F:\sdk-ameba1-v3.4b_ECN_2016.08.01\project\realtek_ameba1_va0_example\EWARM-RELEASE\Debug\Obj\pkcs12.o
#        F:\sdk-ameba1-v3.4b_ECN_2016.08.01\project\realtek_ameba1_va0_example\EWARM-RELEASE\Debug\Obj\pkcs5.o
#        F:\sdk-ameba1-v3.4b_ECN_2016.08.01\project\realtek_ameba1_va0_example\EWARM-RELEASE\Debug\Obj\pkparse.o
#        F:\sdk-ameba1-v3.4b_ECN_2016.08.01\project\realtek_ameba1_va0_example\EWARM-RELEASE\Debug\Obj\pkwrite.o
#        F:\sdk-ameba1-v3.4b_ECN_2016.08.01\project\realtek_ameba1_va0_example\EWARM-RELEASE\Debug\Obj\platform.o
#        F:\sdk-ameba1-v3.4b_ECN_2016.08.01\project\realtek_ameba1_va0_example\EWARM-RELEASE\Debug\Obj\port.o
#        F:\sdk-ameba1-v3.4b_ECN_2016.08.01\project\realtek_ameba1_va0_example\EWARM-RELEASE\Debug\Obj\port_api.o
#        F:\sdk-ameba1-v3.4b_ECN_2016.08.01\project\realtek_ameba1_va0_example\EWARM-RELEASE\Debug\Obj\portasm.o
#        F:\sdk-ameba1-v3.4b_ECN_2016.08.01\project\realtek_ameba1_va0_example\EWARM-RELEASE\Debug\Obj\pwmout_api.o
#        F:\sdk-ameba1-v3.4b_ECN_2016.08.01\project\realtek_ameba1_va0_example\EWARM-RELEASE\Debug\Obj\queue.o
#        F:\sdk-ameba1-v3.4b_ECN_2016.08.01\project\realtek_ameba1_va0_example\EWARM-RELEASE\Debug\Obj\raw.o
#        F:\sdk-ameba1-v3.4b_ECN_2016.08.01\project\realtek_ameba1_va0_example\EWARM-RELEASE\Debug\Obj\ripemd160.o
#        F:\sdk-ameba1-v3.4b_ECN_2016.08.01\component\soc\realtek\8195a\misc\bsp\lib\va0\rom.a
#        F:\sdk-ameba1-v3.4b_ECN_2016.08.01\project\realtek_ameba1_va0_example\EWARM-RELEASE\Debug\Obj\rom_ssl_ram_map.o
#        F:\sdk-ameba1-v3.4b_ECN_2016.08.01\project\realtek_ameba1_va0_example\EWARM-RELEASE\Debug\Obj\rsa.o
#        F:\sdk-ameba1-v3.4b_ECN_2016.08.01\project\realtek_ameba1_va0_example\EWARM-RELEASE\Debug\Obj\rtc_api.o
#        F:\sdk-ameba1-v3.4b_ECN_2016.08.01\project\realtek_ameba1_va0_example\EWARM-RELEASE\Debug\Obj\rtl8195a_adc.o
#        F:\sdk-ameba1-v3.4b_ECN_2016.08.01\project\realtek_ameba1_va0_example\EWARM-RELEASE\Debug\Obj\rtl8195a_gdma.o
#        F:\sdk-ameba1-v3.4b_ECN_2016.08.01\project\realtek_ameba1_va0_example\EWARM-RELEASE\Debug\Obj\rtl8195a_gpio.o
#        F:\sdk-ameba1-v3.4b_ECN_2016.08.01\project\realtek_ameba1_va0_example\EWARM-RELEASE\Debug\Obj\rtl8195a_i2c.o
#        F:\sdk-ameba1-v3.4b_ECN_2016.08.01\project\realtek_ameba1_va0_example\EWARM-RELEASE\Debug\Obj\rtl8195a_i2s.o
#        F:\sdk-ameba1-v3.4b_ECN_2016.08.01\project\realtek_ameba1_va0_example\EWARM-RELEASE\Debug\Obj\rtl8195a_it.o
#        F:\sdk-ameba1-v3.4b_ECN_2016.08.01\project\realtek_ameba1_va0_example\EWARM-RELEASE\Debug\Obj\rtl8195a_nfc.o
#        F:\sdk-ameba1-v3.4b_ECN_2016.08.01\project\realtek_ameba1_va0_example\EWARM-RELEASE\Debug\Obj\rtl8195a_pwm.o
#        F:\sdk-ameba1-v3.4b_ECN_2016.08.01\project\realtek_ameba1_va0_example\EWARM-RELEASE\Debug\Obj\rtl8195a_ssi.o
#        F:\sdk-ameba1-v3.4b_ECN_2016.08.01\project\realtek_ameba1_va0_example\EWARM-RELEASE\Debug\Obj\rtl8195a_timer.o
#        F:\sdk-ameba1-v3.4b_ECN_2016.08.01\project\realtek_ameba1_va0_example\EWARM-RELEASE\Debug\Obj\rtl8195a_uart.o
#        F:\sdk-ameba1-v3.4b_ECN_2016.08.01\project\realtek_ameba1_va0_example\EWARM-RELEASE\Debug\Obj\rtl_consol.o
#        F:\sdk-ameba1-v3.4b_ECN_2016.08.01\project\realtek_ameba1_va0_example\EWARM-RELEASE\Debug\Obj\serial_api.o
#        F:\sdk-ameba1-v3.4b_ECN_2016.08.01\project\realtek_ameba1_va0_example\EWARM-RELEASE\Debug\Obj\sha1.o
#        F:\sdk-ameba1-v3.4b_ECN_2016.08.01\project\realtek_ameba1_va0_example\EWARM-RELEASE\Debug\Obj\sha256.o
#        F:\sdk-ameba1-v3.4b_ECN_2016.08.01\project\realtek_ameba1_va0_example\EWARM-RELEASE\Debug\Obj\sha512.o
#        F:\sdk-ameba1-v3.4b_ECN_2016.08.01\project\realtek_ameba1_va0_example\EWARM-RELEASE\Debug\Obj\SHT20.o
#        F:\sdk-ameba1-v3.4b_ECN_2016.08.01\project\realtek_ameba1_va0_example\EWARM-RELEASE\Debug\Obj\shtc1.o
#        F:\sdk-ameba1-v3.4b_ECN_2016.08.01\project\realtek_ameba1_va0_example\EWARM-RELEASE\Debug\Obj\sleep.o
#        F:\sdk-ameba1-v3.4b_ECN_2016.08.01\project\realtek_ameba1_va0_example\EWARM-RELEASE\Debug\Obj\sockets.o
#        F:\sdk-ameba1-v3.4b_ECN_2016.08.01\project\realtek_ameba1_va0_example\EWARM-RELEASE\Debug\Obj\spi_api.o
#        F:\sdk-ameba1-v3.4b_ECN_2016.08.01\project\realtek_ameba1_va0_example\EWARM-RELEASE\Debug\Obj\ssl_cache.o
#        F:\sdk-ameba1-v3.4b_ECN_2016.08.01\project\realtek_ameba1_va0_example\EWARM-RELEASE\Debug\Obj\ssl_ciphersuites.o
#        F:\sdk-ameba1-v3.4b_ECN_2016.08.01\project\realtek_ameba1_va0_example\EWARM-RELEASE\Debug\Obj\ssl_cli.o
#        F:\sdk-ameba1-v3.4b_ECN_2016.08.01\project\realtek_ameba1_va0_example\EWARM-RELEASE\Debug\Obj\ssl_client.o
#        F:\sdk-ameba1-v3.4b_ECN_2016.08.01\project\realtek_ameba1_va0_example\EWARM-RELEASE\Debug\Obj\ssl_ram_map.o
#        F:\sdk-ameba1-v3.4b_ECN_2016.08.01\project\realtek_ameba1_va0_example\EWARM-RELEASE\Debug\Obj\ssl_srv.o
#        F:\sdk-ameba1-v3.4b_ECN_2016.08.01\project\realtek_ameba1_va0_example\EWARM-RELEASE\Debug\Obj\ssl_tls.o
#        F:\sdk-ameba1-v3.4b_ECN_2016.08.01\project\realtek_ameba1_va0_example\EWARM-RELEASE\Debug\Obj\stats.o
#        F:\sdk-ameba1-v3.4b_ECN_2016.08.01\project\realtek_ameba1_va0_example\EWARM-RELEASE\Debug\Obj\stdlib_patch.o
#        F:\sdk-ameba1-v3.4b_ECN_2016.08.01\project\realtek_ameba1_va0_example\EWARM-RELEASE\Debug\Obj\sys.o
#        F:\sdk-ameba1-v3.4b_ECN_2016.08.01\project\realtek_ameba1_va0_example\EWARM-RELEASE\Debug\Obj\sys_api.o
#        F:\sdk-ameba1-v3.4b_ECN_2016.08.01\project\realtek_ameba1_va0_example\EWARM-RELEASE\Debug\Obj\sys_arch.o
#        F:\sdk-ameba1-v3.4b_ECN_2016.08.01\project\realtek_ameba1_va0_example\EWARM-RELEASE\Debug\Obj\system_8195a.o
#        F:\sdk-ameba1-v3.4b_ECN_2016.08.01\project\realtek_ameba1_va0_example\EWARM-RELEASE\Debug\Obj\tasks.o
#        F:\sdk-ameba1-v3.4b_ECN_2016.08.01\project\realtek_ameba1_va0_example\EWARM-RELEASE\Debug\Obj\tcm_heap.o
#        F:\sdk-ameba1-v3.4b_ECN_2016.08.01\project\realtek_ameba1_va0_example\EWARM-RELEASE\Debug\Obj\tcp.o
#        F:\sdk-ameba1-v3.4b_ECN_2016.08.01\project\realtek_ameba1_va0_example\EWARM-RELEASE\Debug\Obj\tcp_in.o
#        F:\sdk-ameba1-v3.4b_ECN_2016.08.01\project\realtek_ameba1_va0_example\EWARM-RELEASE\Debug\Obj\tcp_out.o
#        F:\sdk-ameba1-v3.4b_ECN_2016.08.01\project\realtek_ameba1_va0_example\EWARM-RELEASE\Debug\Obj\tcpip.o
#        F:\sdk-ameba1-v3.4b_ECN_2016.08.01\project\realtek_ameba1_va0_example\EWARM-RELEASE\Debug\Obj\tcptest.o
#        F:\sdk-ameba1-v3.4b_ECN_2016.08.01\project\realtek_ameba1_va0_example\EWARM-RELEASE\Debug\Obj\threading.o
#        F:\sdk-ameba1-v3.4b_ECN_2016.08.01\project\realtek_ameba1_va0_example\EWARM-RELEASE\Debug\Obj\timer_api.o
#        F:\sdk-ameba1-v3.4b_ECN_2016.08.01\project\realtek_ameba1_va0_example\EWARM-RELEASE\Debug\Obj\timers.o
#        F:\sdk-ameba1-v3.4b_ECN_2016.08.01\project\realtek_ameba1_va0_example\EWARM-RELEASE\Debug\Obj\timing.o
#        F:\sdk-ameba1-v3.4b_ECN_2016.08.01\project\realtek_ameba1_va0_example\EWARM-RELEASE\Debug\Obj\uart_adapter.o
#        F:\sdk-ameba1-v3.4b_ECN_2016.08.01\project\realtek_ameba1_va0_example\EWARM-RELEASE\Debug\Obj\uart_socket.o
#        F:\sdk-ameba1-v3.4b_ECN_2016.08.01\project\realtek_ameba1_va0_example\EWARM-RELEASE\Debug\Obj\udp.o
#        F:\sdk-ameba1-v3.4b_ECN_2016.08.01\project\realtek_ameba1_va0_example\EWARM-RELEASE\Debug\Obj\update.o
#        F:\sdk-ameba1-v3.4b_ECN_2016.08.01\project\realtek_ameba1_va0_example\EWARM-RELEASE\Debug\Obj\us_ticker.o
#        F:\sdk-ameba1-v3.4b_ECN_2016.08.01\project\realtek_ameba1_va0_example\EWARM-RELEASE\Debug\Obj\us_ticker_api.o
#        F:\sdk-ameba1-v3.4b_ECN_2016.08.01\project\realtek_ameba1_va0_example\EWARM-RELEASE\Debug\Obj\version.o
#        F:\sdk-ameba1-v3.4b_ECN_2016.08.01\project\realtek_ameba1_va0_example\EWARM-RELEASE\Debug\Obj\version_features.o
#        F:\sdk-ameba1-v3.4b_ECN_2016.08.01\project\realtek_ameba1_va0_example\EWARM-RELEASE\Debug\Obj\wait_api.o
#        F:\sdk-ameba1-v3.4b_ECN_2016.08.01\project\realtek_ameba1_va0_example\EWARM-RELEASE\Debug\Obj\Water.o
#        F:\sdk-ameba1-v3.4b_ECN_2016.08.01\project\realtek_ameba1_va0_example\EWARM-RELEASE\Debug\Obj\wdt_api.o
#        F:\sdk-ameba1-v3.4b_ECN_2016.08.01\project\realtek_ameba1_va0_example\EWARM-RELEASE\Debug\Obj\webserver.o
#        F:\sdk-ameba1-v3.4b_ECN_2016.08.01\project\realtek_ameba1_va0_example\EWARM-RELEASE\Debug\Obj\wifi_conf.o
#        F:\sdk-ameba1-v3.4b_ECN_2016.08.01\project\realtek_ameba1_va0_example\EWARM-RELEASE\Debug\Obj\wifi_ind.o
#        F:\sdk-ameba1-v3.4b_ECN_2016.08.01\project\realtek_ameba1_va0_example\EWARM-RELEASE\Debug\Obj\wifi_interactive_mode.o
#        F:\sdk-ameba1-v3.4b_ECN_2016.08.01\project\realtek_ameba1_va0_example\EWARM-RELEASE\Debug\Obj\wifi_promisc.o
#        F:\sdk-ameba1-v3.4b_ECN_2016.08.01\project\realtek_ameba1_va0_example\EWARM-RELEASE\Debug\Obj\wifi_simple_config.o
#        F:\sdk-ameba1-v3.4b_ECN_2016.08.01\project\realtek_ameba1_va0_example\EWARM-RELEASE\Debug\Obj\wifi_util.o
#        F:\sdk-ameba1-v3.4b_ECN_2016.08.01\project\realtek_ameba1_va0_example\EWARM-RELEASE\Debug\Obj\wifi_wps_config.o
#        F:\sdk-ameba1-v3.4b_ECN_2016.08.01\project\realtek_ameba1_va0_example\EWARM-RELEASE\Debug\Obj\wigadget.o
#        F:\sdk-ameba1-v3.4b_ECN_2016.08.01\project\realtek_ameba1_va0_example\EWARM-RELEASE\Debug\Obj\wlan_network.o
#        F:\sdk-ameba1-v3.4b_ECN_2016.08.01\project\realtek_ameba1_va0_example\EWARM-RELEASE\Debug\Obj\x509.o
#        F:\sdk-ameba1-v3.4b_ECN_2016.08.01\project\realtek_ameba1_va0_example\EWARM-RELEASE\Debug\Obj\x509_create.o
#        F:\sdk-ameba1-v3.4b_ECN_2016.08.01\project\realtek_ameba1_va0_example\EWARM-RELEASE\Debug\Obj\x509_crl.o
#        F:\sdk-ameba1-v3.4b_ECN_2016.08.01\project\realtek_ameba1_va0_example\EWARM-RELEASE\Debug\Obj\x509_crt.o
#        F:\sdk-ameba1-v3.4b_ECN_2016.08.01\project\realtek_ameba1_va0_example\EWARM-RELEASE\Debug\Obj\x509_csr.o
#        F:\sdk-ameba1-v3.4b_ECN_2016.08.01\project\realtek_ameba1_va0_example\EWARM-RELEASE\Debug\Obj\x509write_crt.o
#        F:\sdk-ameba1-v3.4b_ECN_2016.08.01\project\realtek_ameba1_va0_example\EWARM-RELEASE\Debug\Obj\x509write_csr.o
#        F:\sdk-ameba1-v3.4b_ECN_2016.08.01\project\realtek_ameba1_va0_example\EWARM-RELEASE\Debug\Obj\xml.o
#        F:\sdk-ameba1-v3.4b_ECN_2016.08.01\project\realtek_ameba1_va0_example\EWARM-RELEASE\Debug\Obj\xtea.o
#        -o
#        F:\sdk-ameba1-v3.4b_ECN_2016.08.01\project\realtek_ameba1_va0_example\EWARM-RELEASE\Debug\Exe\application.axf
#        --redirect _Printf=_PrintfTiny --redirect _Scanf=_ScanfSmallNoMb
#        --keep bootloader --keep gImage2EntryFun0 --keep RAM_IMG2_VALID_PATTEN
#        --image_input=F:\sdk-ameba1-v3.4b_ECN_2016.08.01\project\realtek_ameba1_va0_example\EWARM-RELEASE\..\..\..\component\soc\realtek\8195a\misc\bsp\image\ram_1.r.bin,bootloader,LOADER,4
#        --map
#        F:\sdk-ameba1-v3.4b_ECN_2016.08.01\project\realtek_ameba1_va0_example\EWARM-RELEASE\Debug\List\application.map
#        --log veneers --log_file
#        F:\sdk-ameba1-v3.4b_ECN_2016.08.01\project\realtek_ameba1_va0_example\EWARM-RELEASE\Debug\List\application.log
#        --config
#        F:\sdk-ameba1-v3.4b_ECN_2016.08.01\project\realtek_ameba1_va0_example\EWARM-RELEASE\image2.icf
#        --diag_suppress Lt009,Lp005,Lp006 --entry Reset_Handler
#        --no_exceptions --no_vfe
#
###############################################################################

*******************************************************************************
*** RUNTIME MODEL ATTRIBUTES
***

CppFlavor       = *
__Heap_Handler  = DLMalloc
__SystemLibrary = DLib


*******************************************************************************
*** PLACEMENT SUMMARY
***

"A1":  place at start of [0x00000000-0x000fffff] { ro, section .rom };
"A2":  place at start of [0x10000000-0x10005fff] {
          rw, block .vector_table, block .user_vector_table,
          block .user_data_table, block .rom.bss, block IMAGE1 };
"A3":  place at start of [0x10006000-0x1006ffff] {
          rw, block IMAGE2, block .ram.bss };
"A4":  place at end of [0x10006000-0x1006ffff] { rw, block .bf_data };
"A6":  place at start of [0x1fff0000-0x1fffffff] { rw, overlay TCM_overlay };

  Section                 Kind        Address     Size  Object
  -------                 ----        -------     ----  ------
"A1":                                          0x43828
  .rom                    ro code  0x00000000  0x43828  rom.o [11]
                                 - 0x00043828  0x43828

"A2":                                           0x4294
  .vector_table                    0x10000000    0x100  <Block>
    .ram_dedecated_vector_table
                          rw data  0x10000000    0x100  rom.o [11]
  .user_vector_table               0x10000100    0x100  <Block>
    .ram_user_define_irq_table
                          rw data  0x10000100    0x100  rom.o [11]
  .user_data_table                 0x10000200    0x100  <Block>
    .ram_user_define_data_table
                          rw data  0x10000200    0x100  rom.o [11]
  .rom.bss                         0x10000300    0x8c8  <Block>
    .hal.ram.bss          rw data  0x10000300     0x58  rom.o [11]
    .timer2_7_vector_table.data
                          rw data  0x10000358     0x18  rom.o [11]
    .infra.ram.bss        rw data  0x10000370     0x14  rom.o [11]
    .mon.ram.bss          zero     0x10000384    0x324  rtl_consol.o [2]
    .mon.ram.bss          zero     0x100006a8      0x4  rtl_consol.o [2]
    .mon.ram.bss          zero     0x100006ac     0x28  rtl_consol.o [2]
    .wlan_ram_map         rw data  0x100006d4      0x8  rom_wlan_ram_map.o [11]
    .wlan_ram_map         rw data  0x100006e0     0x80  rom.o [11]
    .libc.ram.bss         rw data  0x10000760    0x468  rom.o [11]
  IMAGE1                           0x10000bc8   0x36cc  <Block>
    LOADER                const    0x10000bc8   0x36cc  ram_1.r.bin [1]
                                 - 0x10004294   0x4294

"A3":                                          0x4ba84
  IMAGE2                           0x10006000  0x43584  <Block>
    .image2.start.table1           0x10006000      0x4  <Block>
      .image2.ram.data    rw data  0x10006000      0x4  startup.o [6]
    .image2.start.table2           0x10006004     0x34  <Block>
      .image2.validate.rodata
                          const    0x10006004     0x14  startup.o [6]
      .custom.validate.rodata
                          const    0x10006018     0x20  update.o [2]
    .ram_image2.text               0x10006038  0x4057c  <Block>
      Veneer              ro code  0x10006038      0x8  - Linker created -
      Veneer              ro code  0x10006040      0x8  - Linker created -
      Veneer              ro code  0x10006048      0x8  - Linker created -
      .infra.ram.start    ro code  0x10006050    0x12c  startup.o [6]
      .rodata             const    0x1000617c     0x60  atcmd_sys.o [2]
      .rodata             const    0x100061dc     0xd0  atcmd_wifi.o [2]
      .rodata             const    0x100062ac    0x124  freertos_service.o [2]
      .rodata             const    0x100063d0      0x8  ip_addr.o [2]
      .rodata             const    0x100063d8     0x10  log_service.o [2]
      .rodata             const    0x100063e8     0xa4  rtw_mlme_ext.o [8]
      .rodata             const    0x1000648c     0x10  lxbus_hci_intf.o [8]
      .rodata             const    0x1000649c   0x116c  rom_rtw_message.o [8]
      .rodata             const    0x10007608      0x8  rtw_wlan_util.o [8]
      .rodata             const    0x10007610     0xc4  dh_groups.o [9]
      .rodata             const    0x100076d4     0x30  phydm_PowerTracking.o [8]
      .rodata             const    0x10007704     0x86  HalHWImg8195A_RF.o [8]
      .rodata             const    0x1000778a      0x0  zero_init3.o [12]
      CPP_INIT                     0x1000778a      0x0  <Block>
        SHT$$PREINIT_ARRAY
                                   0x1000778a      0x0  <Block>
        SHT$$INIT_ARRAY            0x1000778a      0x0  <Block>
      Veneer              ro code  0x1000778c      0x8  - Linker created -
      Veneer              ro code  0x10007794      0x8  - Linker created -
      Veneer              ro code  0x1000779c      0x8  - Linker created -
      Veneer              ro code  0x100077a4      0x8  - Linker created -
      Veneer              ro code  0x100077ac      0x8  - Linker created -
      Veneer              ro code  0x100077b4      0x8  - Linker created -
      .mon.ram.text       ro code  0x100077bc    0x1b4  rtl_consol.o [2]
      Veneer              ro code  0x10007970      0x8  - Linker created -
      Veneer              ro code  0x10007978      0x8  - Linker created -
      Veneer              ro code  0x10007980      0x8  - Linker created -
      .hal.flash.text     ro code  0x10007988    0xe78  hal_spi_flash_ram.o [6]
      Veneer              ro code  0x10008800      0x8  - Linker created -
      Veneer              ro code  0x10008808      0x8  - Linker created -
      .hal.gpio.text      ro code  0x10008810     0x74  hal_gpio.o [2]
      .text               ro code  0x10008884    0x394  main.o [2]
      .text               ro code  0x10008c18    0x126  analogin_api.o [2]
      .text               ro code  0x10008d3e      0x6  rtl8195a_recv.o [8]
      Veneer              ro code  0x10008d44      0x8  - Linker created -
      Veneer              ro code  0x10008d4c      0x8  - Linker created -
      Veneer              ro code  0x10008d54      0x8  - Linker created -
      Veneer              ro code  0x10008d5c      0x8  - Linker created -
      Veneer              ro code  0x10008d64      0x8  - Linker created -
      Veneer              ro code  0x10008d6c      0x8  - Linker created -
      .text               ro code  0x10008d74    0x7d4  hal_adc.o [2]
      Veneer              ro code  0x10009548      0x8  - Linker created -
      Veneer              ro code  0x10009550      0x8  - Linker created -
      Veneer              ro code  0x10009558      0x8  - Linker created -
      .text               ro code  0x10009560    0x80c  hal_soc_ps_monitor.o [2]
      Veneer              ro code  0x10009d6c      0x8  - Linker created -
      Veneer              ro code  0x10009d74      0x8  - Linker created -
      .text               ro code  0x10009d7c    0x1bc  gpio_api.o [2]
      .text               ro code  0x10009f38      0x2  pinmap.o [2]
      .text               ro code  0x10009f3a     0x1e  xsscin.o [4]
      .text               ro code  0x10009f58     0x38  hal_pinmux.o [6]
      .text               ro code  0x10009f90    0x494  api_lib.o [2]
      .text               ro code  0x1000a424    0xb60  api_msg.o [2]
      .text               ro code  0x1000af84    0x1e6  sys_arch.o [2]
      .text               ro code  0x1000b16a     0x22  zero_init3.o [12]
      .text               ro code  0x1000b18c     0xd0  memp.o [2]
      .text               ro code  0x1000b25c    0x1f8  tcpip.o [2]
      .text               ro code  0x1000b454    0x45e  pbuf.o [2]
      .text               ro code  0x1000b8b2     0x9a  netbuf.o [2]
      .text               ro code  0x1000b94c    0xb2c  tcp.o [2]
      .text               ro code  0x1000c478    0x410  udp.o [2]
      .text               ro code  0x1000c888    0x174  raw.o [2]
      .text               ro code  0x1000c9fc    0xa56  tcp_out.o [2]
      .text               ro code  0x1000d452    0x4a2  queue.o [2]
      .text               ro code  0x1000d8f4    0x860  tasks.o [2]
      .text               ro code  0x1000e154    0x208  port.o [2]
      .text               ro code  0x1000e35c    0x234  lwip_timers.o [2]
      .text               ro code  0x1000e590    0x6c8  etharp.o [2]
      .text               ro code  0x1000ec58    0x358  ip.o [2]
      .text               ro code  0x1000efb0     0x2e  init.o [2]
      .text               ro code  0x1000efe0    0x260  mem.o [2]
      Veneer              ro code  0x1000f240      0x8  - Linker created -
      Veneer              ro code  0x1000f248      0x8  - Linker created -
      Veneer              ro code  0x1000f250      0x8  - Linker created -
      Veneer              ro code  0x1000f258      0x8  - Linker created -
      Veneer              ro code  0x1000f260      0x8  - Linker created -
      Veneer              ro code  0x1000f268      0x8  - Linker created -
      Veneer              ro code  0x1000f270      0x8  - Linker created -
      Veneer              ro code  0x1000f278      0x8  - Linker created -
      Veneer              ro code  0x1000f280      0x8  - Linker created -
      Veneer              ro code  0x1000f288      0x8  - Linker created -
      Veneer              ro code  0x1000f290      0x8  - Linker created -
      Veneer              ro code  0x1000f298      0x8  - Linker created -
      Veneer              ro code  0x1000f2a0      0x8  - Linker created -
      Veneer              ro code  0x1000f2a8      0x8  - Linker created -
      Veneer              ro code  0x1000f2b0      0x8  - Linker created -
      .text               ro code  0x1000f2b8    0x144  ram_libc.o [7]
      .text               ro code  0x1000f3fc    0x1da  ip_addr.o [2]
      .text               ro code  0x1000f5d6     0x26  def.o [2]
      .text               ro code  0x1000f5fc    0x132  inet_chksum.o [2]
      .text               ro code  0x1000f730    0x188  icmp.o [2]
      .text               ro code  0x1000f8b8     0x8e  list.o [2]
      .text               ro code  0x1000f948    0x1c0  heap_5.o [2]
      .text               ro code  0x1000fb08    0x2f4  timers.o [2]
      .text               ro code  0x1000fdfc     0xc4  freertos_pmu.o [2]
      .text               ro code  0x1000fec0    0x4f4  ip_frag.o [2]
      .text               ro code  0x100103b4    0xc16  dhcp.o [2]
      .text               ro code  0x10010fcc    0x2c2  autoip.o [2]
      .text               ro code  0x10011290    0x3b8  igmp.o [2]
      .text               ro code  0x10011648    0x370  dns.o [2]
      .text               ro code  0x100119b8      0x6  ABImemclr.o [12]
      .text               ro code  0x100119c0    0xeac  tcp_in.o [2]
      .text               ro code  0x1001286c    0x142  netif.o [2]
      .text               ro code  0x100129b0    0x7ec  sockets.o [2]
      Veneer              ro code  0x1001319c      0x8  - Linker created -
      .text               ro code  0x100131a4    0x104  ram_libgloss_retarget.o [7]
      .text               ro code  0x100132a8     0x30  us_ticker.o [2]
      .text               ro code  0x100132d8    0x388  sys_api.o [2]
      .text               ro code  0x10013660     0x14  sleep.o [2]
      .text               ro code  0x10013674     0xe0  rand.o [4]
      .text               ro code  0x10013754     0x66  ABImemset.o [12]
      .text               ro code  0x100137bc    0x2e0  flash_api.o [2]
      .text               ro code  0x10013a9c     0x68  osdep_api.o [2]
      .text               ro code  0x10013b04     0xf8  hal_log_uart.o [6]
      .text               ro code  0x10013bfc      0x2  xtls.o [4]
      .text               ro code  0x10013c00     0x76  ABImemcpy_unaligned.o [12]
      Veneer              ro code  0x10013c78      0x8  - Linker created -
      Veneer              ro code  0x10013c80      0x8  - Linker created -
      Veneer              ro code  0x10013c88      0x8  - Linker created -
      Veneer              ro code  0x10013c90      0x8  - Linker created -
      .text               ro code  0x10013c98    0xe0c  atcmd_sys.o [2]
      .text               ro code  0x10014aa4    0x3e0  log_service.o [2]
      .text               ro code  0x10014e84      0x6  ABImemclr4.o [12]
      .text               ro code  0x10014e8c    0xc90  wifi_util.o [2]
      .text               ro code  0x10015b1c   0x1960  atcmd_wifi.o [2]
      .text               ro code  0x1001747c     0x32  ABImemset48.o [12]
      .text               ro code  0x100174b0    0xc84  rtk_wlan_if.o [8]
      .text               ro code  0x10018134    0x56c  osdep_service.o [2]
      .text               ro code  0x100186a0     0xb4  wifi_ind.o [2]
      .text               ro code  0x10018754     0x24  sscanf.o [4]
      .text               ro code  0x10018778   0x1528  webserver.o [2]
      .text               ro code  0x10019ca0    0x65e  dhcps.o [2]
      .text               ro code  0x1001a300   0x158c  wifi_conf.o [2]
      .text               ro code  0x1001b88c    0x340  lwip_netconf.o [2]
      .text               ro code  0x1001bbcc    0x22c  ping_test.o [2]
      .text               ro code  0x1001bdf8    0x480  wifi_promisc.o [2]
      .text               ro code  0x1001c278    0xb50  wifi_simple_config.o [2]
      .text               ro code  0x1001cdc8    0x8c0  wifi_wps_config.o [2]
      .text               ro code  0x1001d688    0x7d8  update.o [2]
      .text               ro code  0x1001de60    0x580  freertos_service.o [2]
      .text               ro code  0x1001e3e0    0x354  freertos_skbuff.o [8]
      .text               ro code  0x1001e734    0xa84  freertos_intfs.o [8]
      .text               ro code  0x1001f1b8    0x268  lwip_intf.o [2]
      .text               ro code  0x1001f420    0x14a  tcm_heap.o [2]
      .text               ro code  0x1001f56c    0x514  xscanfsmall_nomb.o [4]
      Veneer              ro code  0x1001fa80      0x8  - Linker created -
      Veneer              ro code  0x1001fa88      0x8  - Linker created -
      Veneer              ro code  0x1001fa90      0x8  - Linker created -
      Veneer              ro code  0x1001fa98      0x8  - Linker created -
      Veneer              ro code  0x1001faa0      0x8  - Linker created -
      Veneer              ro code  0x1001faa8      0x8  - Linker created -
      .text               ro code  0x1001fab0    0x8a0  rtw_promisc.o [8]
      Veneer              ro code  0x10020350      0x8  - Linker created -
      Veneer              ro code  0x10020358      0x8  - Linker created -
      Veneer              ro code  0x10020360      0x8  - Linker created -
      Veneer              ro code  0x10020368      0x8  - Linker created -
      Veneer              ro code  0x10020370      0x8  - Linker created -
      .text               ro code  0x10020378    0xc34  wifi_simple_config_parser.o [8]
      Veneer              ro code  0x10020fac      0x8  - Linker created -
      .text               ro code  0x10020fb4     0x84  os_freertos.o [9]
      Veneer              ro code  0x10021038      0x8  - Linker created -
      Veneer              ro code  0x10021040      0x8  - Linker created -
      Veneer              ro code  0x10021048      0x8  - Linker created -
      Veneer              ro code  0x10021050      0x8  - Linker created -
      .text               ro code  0x10021058    0x3c8  wps_common.o [9]
      .text               ro code  0x10021420     0x18  cmsis_os.o [2]
      Veneer              ro code  0x10021438      0x8  - Linker created -
      .text               ro code  0x10021440   0x272c  freertos_ioctl.o [8]
      .text               ro code  0x10023b6c    0xf50  rtw_cmd.o [8]
      .text               ro code  0x10024abc     0x60  netdev.o [8]
      .text               ro code  0x10024b1c    0x3d8  hal_intf.o [8]
      .text               ro code  0x10024ef4    0xa88  lxbus_halinit.o [8]
      .text               ro code  0x1002597c    0x370  rtw_intfs.o [8]
      Veneer              ro code  0x10025cec      0x8  - Linker created -
      Veneer              ro code  0x10025cf4      0x8  - Linker created -
      Veneer              ro code  0x10025cfc      0x8  - Linker created -
      Veneer              ro code  0x10025d04      0x8  - Linker created -
      Veneer              ro code  0x10025d0c      0x8  - Linker created -
      Veneer              ro code  0x10025d14      0x8  - Linker created -
      .text               ro code  0x10025d1c   0x159c  rtw_ap.o [8]
      Veneer              ro code  0x100272b8      0x8  - Linker created -
      Veneer              ro code  0x100272c0      0x8  - Linker created -
      Veneer              ro code  0x100272c8      0x8  - Linker created -
      .text               ro code  0x100272d0   0x4704  rtw_mlme_ext.o [8]
      .text               ro code  0x1002b9d4   0x14a4  rtw_mlme.o [8]
      .text               ro code  0x1002ce78    0x1f2  rtw_ieee80211.o [8]
      .text               ro code  0x1002d06c     0x38  hci_intfs.o [8]
      .text               ro code  0x1002d0a4    0x710  rtw_pwrctrl.o [8]
      .text               ro code  0x1002d7b4    0x14c  ethernetif.o [2]
      .text               ro code  0x1002d900     0x16  strchr.o [12]
      .text               ro code  0x1002d916     0x86  xstol.o [4]
      .text               ro code  0x1002d99c    0x19c  xstoul.o [4]
      Veneer              ro code  0x1002db38      0x8  - Linker created -
      .text               ro code  0x1002db40   0x11b8  rtw_recv.o [8]
      .text               ro code  0x1002ecf8     0x36  dh_group5.o [9]
      .text               ro code  0x1002ed30     0xea  wpabuf.o [9]
      Veneer              ro code  0x1002ee1c      0x8  - Linker created -
      .text               ro code  0x1002ee24    0x334  wps_attr_build.o [9]
      .text               ro code  0x1002f158    0x55a  rtw_ioctl_set.o [8]
      Veneer              ro code  0x1002f6b4      0x8  - Linker created -
      Veneer              ro code  0x1002f6bc      0x8  - Linker created -
      Veneer              ro code  0x1002f6c4      0x8  - Linker created -
      Veneer              ro code  0x1002f6cc      0x8  - Linker created -
      Veneer              ro code  0x1002f6d4      0x8  - Linker created -
      Veneer              ro code  0x1002f6dc      0x8  - Linker created -
      Veneer              ro code  0x1002f6e4      0x8  - Linker created -
      .text               ro code  0x1002f6ec   0x19cc  rtw_psk.o [8]
      .text               ro code  0x100310b8     0x54  rtw_io.o [8]
      .text               ro code  0x1003110c    0x5ec  rtw_sta_mgt.o [8]
      .text               ro code  0x100316f8    0xf64  rtw_wlan_util.o [8]
      .text               ro code  0x1003265c    0xb0c  hal_com.o [8]
      .text               ro code  0x10033168    0xce0  hal_com_phycfg.o [8]
      Veneer              ro code  0x10033e48      0x8  - Linker created -
      Veneer              ro code  0x10033e50      0x8  - Linker created -
      .text               ro code  0x10033e58    0x67c  rtw_efuse.o [8]
      .text               ro code  0x100344d4    0x204  HalHWImg8195A_BB.o [8]
      .text               ro code  0x100346d8    0xf38  lxbus_ops.o [8]
      .text               ro code  0x10035610   0x1af4  rtl8195a_pmu_task.o [8]
      Veneer              ro code  0x10037104      0x8  - Linker created -
      .text               ro code  0x1003710c   0x231c  rtl8195a_hal_init.o [8]
      Veneer              ro code  0x10039428      0x8  - Linker created -
      Veneer              ro code  0x10039430      0x8  - Linker created -
      Veneer              ro code  0x10039438      0x8  - Linker created -
      .text               ro code  0x10039440    0x9a8  rtl8195a_phycfg.o [8]
      .text               ro code  0x10039de8    0x502  rtl8195a_dm.o [8]
      Veneer              ro code  0x1003a2ec      0x8  - Linker created -
      .text               ro code  0x1003a2f4   0x14a0  HalPhyRf_8195A.o [8]
      .text               ro code  0x1003b794     0xdc  HalPwrSeqCmd.o [8]
      .text               ro code  0x1003b870     0x18  wlan_ram_map.o [8]
      .text               ro code  0x1003b888    0x3a4  PhyDM_Adaptivity.o [8]
      Veneer              ro code  0x1003bc2c      0x8  - Linker created -
      Veneer              ro code  0x1003bc34      0x8  - Linker created -
      Veneer              ro code  0x1003bc3c      0x8  - Linker created -
      .text               ro code  0x1003bc44   0x1638  rtw_xmit.o [8]
      Veneer              ro code  0x1003d27c      0x8  - Linker created -
      Veneer              ro code  0x1003d284      0x8  - Linker created -
      Veneer              ro code  0x1003d28c      0x8  - Linker created -
      Veneer              ro code  0x1003d294      0x8  - Linker created -
      Veneer              ro code  0x1003d29c      0x8  - Linker created -
      Veneer              ro code  0x1003d2a4      0x8  - Linker created -
      .text               ro code  0x1003d2ac    0x30c  rtw_security.o [8]
      .text               ro code  0x1003d5b8     0xfa  freertos_xmit.o [8]
      .text               ro code  0x1003d6b4      0xc  errno.o [4]
      .text               ro code  0x1003d6c0     0x58  memchr.o [12]
      .text               ro code  0x1003d718    0x1f4  freertos_recv.o [8]
      .text               ro code  0x1003d90c     0xfe  dh_groups.o [9]
      .text               ro code  0x1003da0c    0x158  random.o [9]
      .text               ro code  0x1003db64     0xda  phydm_RegConfig8195A.o [8]
      .text               ro code  0x1003dc40    0x8f4  rtl8195a_xmit.o [8]
      .text               ro code  0x1003e534    0x2ba  rtl8195a_rxdesc.o [8]
      Veneer              ro code  0x1003e7f0      0x8  - Linker created -
      Veneer              ro code  0x1003e7f8      0x8  - Linker created -
      .text               ro code  0x1003e800    0x448  rtl8195a_timer.o [2]
      .text               ro code  0x1003ec48    0x776  Hal8195ARateAdaptive.o [8]
      .text               ro code  0x1003f3c0    0x548  rtl8195a_cmd.o [8]
      .text               ro code  0x1003f908    0x390  phydm_RaInfo.o [8]
      Veneer              ro code  0x1003fc98      0x8  - Linker created -
      .text               ro code  0x1003fca0    0x4b6  phydm_DIG.o [8]
      .text               ro code  0x10040158    0x3e0  phydm.o [8]
      Veneer              ro code  0x10040538      0x8  - Linker created -
      Veneer              ro code  0x10040540      0x8  - Linker created -
      .text               ro code  0x10040548    0x408  phydm_HWConfig.o [8]
      .text               ro code  0x10040950    0x172  rtl8195a_rf6052.o [8]
      .text               ro code  0x10040ac2     0x58  phydm_interface.o [8]
      .text               ro code  0x10040b1c    0x464  HalPhyRf.o [8]
      Veneer              ro code  0x10040f80      0x8  - Linker created -
      Veneer              ro code  0x10040f88      0x8  - Linker created -
      Veneer              ro code  0x10040f90      0x8  - Linker created -
      Veneer              ro code  0x10040f98      0x8  - Linker created -
      Veneer              ro code  0x10040fa0      0x8  - Linker created -
      .text               ro code  0x10040fa8     0x9a  crypto_internal-modexp.o [9]
      .text               ro code  0x10041044    0x17a  rtl8195a_pmu_cmd.o [8]
      Veneer              ro code  0x100411c0      0x8  - Linker created -
      Veneer              ro code  0x100411c8      0x8  - Linker created -
      Veneer              ro code  0x100411d0      0x8  - Linker created -
      .text               ro code  0x100411d8     0x7c  phydm_CfoTracking.o [8]
      .text               ro code  0x10041254    0x228  phydm_PowerTracking.o [8]
      .text               ro code  0x1004147c     0x14  phydm_debug.o [8]
      .text               ro code  0x10041490     0x1e  U64Shr.o [12]
      .text               ro code  0x100414b0    0x21c  HalHWImg8195A_RF.o [8]
      .text               ro code  0x100416cc    0x150  HalHWImg8195A_MAC.o [8]
      .text               ro code  0x1004181c    0x1d4  example_wlan_fast_connect.o [2]
      .text               ro code  0x100419f0     0x90  hal_32k.o [2]
      .text               ro code  0x10041a80     0x68  hal_gdma.o [2]
      .text               ro code  0x10041ae8    0x190  hal_pwm.o [2]
      .text               ro code  0x10041c78    0x1c4  rtl8195a_pwm.o [2]
      .text               ro code  0x10041e3c     0x3c  hal_timer.o [2]
      .text               ro code  0x10041e78    0x37c  IIC.o [2]
      .text               ro code  0x100421f4     0x24  printf.o [4]
      .text               ro code  0x10042218    0x150  xprintftiny.o [4]
      .text               ro code  0x10042368     0x36  strlen.o [12]
      .text               ro code  0x100423a0     0xb8  Kalman_Filter.o [2]
      .text               ro code  0x10042458     0xd8  FltMul.o [10]
      .text               ro code  0x10042530     0x84  FltAdd.o [10]
      .text               ro code  0x100425b4     0xfc  FltDiv.o [10]
      .text               ro code  0x100426b0     0xe6  FltSub.o [10]
      .text               ro code  0x10042798     0x16  myIIC.o [2]
      .text               ro code  0x100427b0     0x94  pinmap_common.o [2]
      .text               ro code  0x10042844    0x298  pwmout_api.o [2]
      .text               ro code  0x10042adc     0x24  FltCmpLe.o [10]
      .text               ro code  0x10042b00     0x24  FltCmpGe.o [10]
      .text               ro code  0x10042b24     0x32  I32ToFlt.o [10]
      .text               ro code  0x10042b58     0x24  FltToU32.o [10]
      .text               ro code  0x10042b7c     0x44  FltToS32.o [10]
      .text               ro code  0x10042bc0    0x318  rtl8195a_adc.o [2]
      Veneer              ro code  0x10042ed8      0x8  - Linker created -
      .text               ro code  0x10042ee0    0x36c  rtl8195a_gdma.o [2]
      Veneer              ro code  0x1004324c      0x8  - Linker created -
      Veneer              ro code  0x10043254      0x8  - Linker created -
      .text               ro code  0x1004325c     0x90  rtl_consol.o [2]
      .text               ro code  0x100432ec     0x6c  strncpy_unaligned.o [12]
      .text               ro code  0x10043358    0x170  SHT20.o [2]
      .text               ro code  0x100434c8      0x8  abs.o [4]
      .text               ro code  0x100434d0     0x14  system_8195a.o [2]
      .text               ro code  0x100434e4    0x1e4  Water.o [2]
      .text               ro code  0x100436c8     0xdc  wlan_network.o [2]
      Veneer              ro code  0x100437a4      0x8  - Linker created -
      Veneer              ro code  0x100437ac      0x8  - Linker created -
      .text               ro code  0x100437b4    0x1f8  startup.o [6]
      Veneer              ro code  0x100439ac      0x8  - Linker created -
      .text               ro code  0x100439b4     0x24  hal_crypto.o [6]
      .text               ro code  0x100439d8     0x78  freertos_isr.o [8]
      .text               ro code  0x10043a50    0x598  wps_protocol_handler.o [9]
      .text               ro code  0x10043fe8    0x3a0  eap_wsc.o [9]
      .text               ro code  0x10044388    0x1a4  wps.o [9]
      .text               ro code  0x1004452c    0x11c  eap_common.o [9]
      .text               ro code  0x10044648     0x3e  eap_wsc_common.o [9]
      .text               ro code  0x10044688    0x2f8  wps_dev_attr.o [9]
      .text               ro code  0x10044980    0xa4e  wps_enrollee.o [9]
      .text               ro code  0x100453ce    0x476  wps_attr_parse.o [9]
      .text               ro code  0x10045844    0x1c6  wps_attr_process.o [9]
      .text               ro code  0x10045a0a    0x838  wps_validate.o [9]
      .text               ro code  0x10046244     0x10  hal_common.o [6]
      .text               ro code  0x10046254     0x24  app_start.o [6]
      .text               ro code  0x10046278    0x124  lxbus_hci_intf.o [8]
      .text               ro code  0x1004639c     0x58  lxbus_intf.o [8]
      .text               ro code  0x100463f4     0x28  data_init.o [12]
      .text               ro code  0x1004641c      0x6  example_entry.o [2]
      .text               ro code  0x10046422     0x2c  low_level_io.o [2]
      .text               ro code  0x1004644e      0x4  rtl8195a_led.o [8]
      .text               ro code  0x10046452     0x16  xprout.o [4]
      .text               ro code  0x10046468     0x28  putchar.o [4]
      CODE                ro code  0x10046490     0x94  portasm.o [2]
      __DLIB_PERTHREAD    rw data  0x10046524     0x8c  rand.o [4]
      __DLIB_PERTHREAD    rw data  0x100465b0      0x4  errno.o [4]
    .ram.data                      0x100465b4   0x2fd0  <Block>
      .data.log_init               0x100465b4      0xc  <Block>
        .data.log_init    rw data  0x100465b4      0x4  atcmd_sys.o [2]
        .data.log_init    rw data  0x100465b8      0x4  atcmd_wifi.o [2]
        .data.log_init    rw data  0x100465bc      0x4  log_service.o [2]
      .data               rw data  0x100465c0      0x8  atcmd_sys.o [2]
      .data               rw data  0x100465c8     0xc0  atcmd_sys.o [2]
      .data               rw data  0x10046688    0x1a0  atcmd_wifi.o [2]
      .data               rw data  0x10046828     0x78  dhcps.o [2]
      .data               rw data  0x100468a0      0x4  freertos_pmu.o [2]
      .data               rw data  0x100468a4      0xc  freertos_pmu.o [2]
      .data               rw data  0x100468b0      0x4  freertos_service.o [2]
      .data               rw data  0x100468b4     0x20  log_service.o [2]
      .data               rw data  0x100468d4     0x10  main.o [2]
      .data               rw data  0x100468e4      0x4  port.o [2]
      .data               rw data  0x100468e8      0x4  system_8195a.o [2]
      .data               rw data  0x100468ec     0x9c  tasks.o [2]
      .data               rw data  0x10046988     0x20  tcp.o [2]
      .data               rw data  0x100469a8      0x8  udp.o [2]
      .data               rw data  0x100469b0      0xc  wifi_conf.o [2]
      .data               rw data  0x100469bc      0x8  rtw_psk.o [8]
      .data               rw data  0x100469c4     0xd4  wifi_simple_config_parser.o [8]
      .data               rw data  0x10046a98      0x8  wifi_simple_config_parser.o [8]
      .data               rw data  0x10046aa0     0xa8  rtw_mlme_ext.o [8]
      .data               rw data  0x10046b48     0x38  freertos_ioctl.o [8]
      .data               rw data  0x10046b80    0x1b0  rom_rtw_message.o [8]
      .data               rw data  0x10046d30      0x8  rtw_xmit.o [8]
      .data               rw data  0x10046d38     0x40  Hal8195ARateAdaptive.o [8]
      .data               rw data  0x10046d78     0x40  Hal8195ARateAdaptive.o [8]
      .data               rw data  0x10046db8     0x14  Hal8195ARateAdaptive.o [8]
      .data               rw data  0x10046dcc    0x210  HalHWImg8195A_BB.o [8]
      .data               rw data  0x10046fdc    0x678  HalHWImg8195A_BB.o [8]
      .data               rw data  0x10047654     0x90  HalHWImg8195A_BB.o [8]
      .data               rw data  0x100476e4     0xa0  Hal8195APwrSeq.o [8]
      .data               rw data  0x10047784     0xa0  Hal8195APwrSeq.o [8]
      .data               rw data  0x10047824     0x14  dh_groups.o [9]
      .data               rw data  0x10047838    0x308  HalHWImg8195A_MAC.o [8]
      .data               rw data  0x10047b40    0x5c8  HalHWImg8195A_RF.o [8]
      .data               rw data  0x10048108     0x80  HalHWImg8195A_RF.o [8]
      .data               rw data  0x10048188     0x80  HalHWImg8195A_RF.o [8]
      .data               rw data  0x10048208     0x80  HalHWImg8195A_RF.o [8]
      .data               rw data  0x10048288   0x1260  HalHWImg8195A_RF.o [8]
      .data               rw data  0x100494e8     0x40  HalHWImg8195A_RF.o [8]
      .data               rw data  0x10049528      0x2  tcp.o [2]
      .iar.init_table     const    0x1004952c     0x58  - Linker created -
  .ram.bss                         0x100495a0   0x8500  <Block>
    .bss                  zero     0x100495a0    0x500  hal_crypto.o [6]
    .bss                  zero     0x10049aa0    0x340  rtw_mlme_ext.o [8]
    .bss                  zero     0x10049de0     0x38  atcmd_wifi.o [2]
    .bss                  zero     0x10049e18     0x78  atcmd_wifi.o [2]
    .bss                  zero     0x10049e90      0x4  atcmd_wifi.o [2]
    .bss                  zero     0x10049e94     0x34  dhcp.o [2]
    .bss                  zero     0x10049ec8      0x4  dhcp.o [2]
    .bss                  zero     0x10049ecc    0x214  dns.o [2]
    .bss                  zero     0x1004a0e0    0x460  dns.o [2]
    .bss                  zero     0x1004a540     0xc8  etharp.o [2]
    .bss                  zero     0x1004a608      0x4  ethernetif.o [2]
    .bss                  zero     0x1004a60c      0x4  example_wlan_fast_connect.o [2]
    .bss                  zero     0x1004a610      0xc  hal_adc.o [2]
    .bss                  zero     0x1004a61c     0x2c  hal_adc.o [2]
    .bss                  zero     0x1004a648     0x40  hal_pwm.o [2]
    .bss                  zero     0x1004a688    0x290  hal_soc_ps_monitor.o [2]
    .bss                  zero     0x1004a918     0x3c  heap_5.o [2]
    .bss                  zero     0x1004a954      0xc  igmp.o [2]
    .bss                  zero     0x1004a960     0x28  IIC.o [2]
    .bss                  zero     0x1004a988     0x10  ip.o [2]
    .bss                  zero     0x1004a998     0x10  ip_addr.o [2]
    .bss                  zero     0x1004a9a8      0x8  ip_frag.o [2]
    .bss                  zero     0x1004a9b0    0x100  log_service.o [2]
    .bss                  zero     0x1004aab0     0x70  log_service.o [2]
    .bss                  zero     0x1004ab20     0x78  lwip_netconf.o [2]
    .bss                  zero     0x1004ab98      0x4  lwip_timers.o [2]
    .bss                  zero     0x1004ab9c      0x4  lwip_timers.o [2]
    .bss                  zero     0x1004aba0     0x14  main.o [2]
    .bss                  zero     0x1004abb4      0xc  netif.o [2]
    .bss                  zero     0x1004abc0      0x4  osdep_service.o [2]
    .bss                  zero     0x1004abc4     0x28  ping_test.o [2]
    .bss                  zero     0x1004abec      0xc  port.o [2]
    .bss                  zero     0x1004abf8      0x4  raw.o [2]
    .bss                  zero     0x1004abfc     0x18  rtl8195a_timer.o [2]
    .bss                  zero     0x1004ac14      0x4  SHT20.o [2]
    .bss                  zero     0x1004ac18      0x8  SHT20.o [2]
    .bss                  zero     0x1004ac20     0x60  sockets.o [2]
    .bss                  zero     0x1004ac80      0x8  sockets.o [2]
    .bss                  zero     0x1004ac88     0x34  sys_arch.o [2]
    .bss                  zero     0x1004acbc     0xdc  tasks.o [2]
    .bss                  zero     0x1004ad98      0xc  tcm_heap.o [2]
    .bss                  zero     0x1004ada4     0x30  tcp_in.o [2]
    .bss                  zero     0x1004add4      0xc  tcpip.o [2]
    .bss                  zero     0x1004ade0     0x38  timers.o [2]
    .bss                  zero     0x1004ae18      0x4  update.o [2]
    .bss                  zero     0x1004ae1c      0x4  Water.o [2]
    .bss                  zero     0x1004ae20     0x20  Water.o [2]
    .bss                  zero     0x1004ae40     0x6c  webserver.o [2]
    .bss                  zero     0x1004aeac    0xe20  webserver.o [2]
    .bss                  zero     0x1004bccc     0x24  wifi_conf.o [2]
    .bss                  zero     0x1004bcf0      0x8  wifi_conf.o [2]
    .bss                  zero     0x1004bcf8     0x18  wifi_conf.o [2]
    .bss                  zero     0x1004bd10    0x150  wifi_ind.o [2]
    .bss                  zero     0x1004be60      0x8  wifi_promisc.o [2]
    .bss                  zero     0x1004be68     0x78  wifi_promisc.o [2]
    .bss                  zero     0x1004bee0     0x40  wifi_simple_config.o [2]
    .bss                  zero     0x1004bf20     0x28  wifi_wps_config.o [2]
    .bss                  zero     0x1004bf48      0x8  startup.o [6]
    .bss                  zero     0x1004bf50      0x4  ram_libc.o [7]
    .bss                  zero     0x1004bf54     0x40  rtk_wlan_if.o [8]
    .bss                  zero     0x1004bf94      0x4  freertos_intfs.o [8]
    .bss                  zero     0x1004bf98      0xc  freertos_intfs.o [8]
    .bss                  zero     0x1004bfa4     0x14  freertos_intfs.o [8]
    .bss                  zero     0x1004bfb8    0x11c  rtw_psk.o [8]
    .bss                  zero     0x1004c0d4     0x44  rtw_psk.o [8]
    .bss                  zero     0x1004c118      0x4  freertos_skbuff.o [8]
    .bss                  zero     0x1004c11c    0x1b8  freertos_skbuff.o [8]
    .bss                  zero     0x1004c2d4     0x18  freertos_skbuff.o [8]
    .bss                  zero     0x1004c2ec      0x4  freertos_isr.o [8]
    .bss                  zero     0x1004c2f0      0x8  rtw_promisc.o [8]
    .bss                  zero     0x1004c2f8      0x4  rtw_mlme.o [8]
    .bss                  zero     0x1004c2fc      0x4  wifi_simple_config_parser.o [8]
    .bss                  zero     0x1004c300     0x10  wps_protocol_handler.o [9]
    .bss                  zero     0x1004c310      0x4  ram_libgloss_retarget.o [7]
    .bss                  zero     0x1004c314      0x4  rtl8195a_pmu_task.o [8]
    .bss                  zero     0x1004c318   0x20e0  lxbus_ops.o [8]
    .bss                  zero     0x1004e3f8     0x1c  eap_wsc.o [9]
    .bss                  zero     0x1004e414     0x80  random.o [9]
    .bss                  zero     0x1004e494     0x20  random.o [9]
    .bss                  zero     0x1004e4b4      0x2  ip.o [2]
    .bss                  zero     0x1004e4b6      0x1  etharp.o [2]
    .bss                  zero     0x1004e4b7      0x1  main.o [2]
    .bss                  zero     0x1004e4b8      0x1  pbuf.o [2]
    .bss                  zero     0x1004e4b9      0x1  tcp.o [2]
    .bss                  zero     0x1004e4ba      0x1  wifi_promisc.o [2]
    .bss                  zero     0x1004e4bb      0x1  rtl8195a_pmu_task.o [8]
    .bss                  zero     0x1004e4bc      0x1  rtw_mlme_ext.o [8]
    .bss                  zero     0x1004e4bd      0x1  lxbus_ops.o [8]
    .hal.flash.data       zero     0x1004e4c0     0x90  hal_spi_flash_ram.o [6]
    .hal.gpio.data        zero     0x1004e550    0x12c  hal_gpio.o [2]
    .bdsram.data          zero     0x1004e67c   0x3400  freertos_skbuff.o [8]
    .bdsram.data          zero     0x10051a7c      0x8  freertos_skbuff.o [8]
                                 - 0x10051a84  0x4ba84

"A4":                                           0xf000
  .bf_data                         0x10061000   0xf000  <Block>
    .bfsram.data          zero     0x10061000   0xf000  heap_5.o [2]
                                 - 0x10070000   0xf000

"A6":                                           0xf338
  TCM_overlay                      0x1fff0000   0xf338  <Overlay>
    part 1:
      .bss                zero     0x1fff0000   0x1424  mem.o [2]
      .bss                zero     0x1fff1424   0x3f10  memp.o [2]
      .tcm.heap           zero     0x1fff5334   0xa000  tcm_heap.o [2]
      .heap                        0x1ffff334      0x4  <Block>
        .heap.stdlib      zero     0x1ffff334      0x1  ram_libgloss_retarget.o [7]
    part 2:
      IMAGE1_DBG                   0x1fff0000   0x24c0  <Block>
        .ram.start.table           0x1fff0000     0x14  <Block>
          .start.ram.data.a
                          rw data  0x1fff0000      0x4  startup.o [6]
          .start.ram.data.b
                          rw data  0x1fff0004      0x4  startup.o [6]
          .start.ram.data.c
                          rw data  0x1fff0008      0x4  startup.o [6]
          .start.ram.data.d
                          rw data  0x1fff000c      0x4  startup.o [6]
          .start.ram.data.e
                          rw data  0x1fff0010      0x4  startup.o [6]
        .ram_image1.data           0x1fff0014   0x14d0  <Block>
          .image1.validate.rodata
                          const    0x1fff0014      0x8  startup.o [6]
          .cutb.ram.data  rw data  0x1fff001c     0x10  hal_sdr_controller.o [2]
          .cutb.ram.data  rw data  0x1fff002c     0x1c  hal_sdr_controller.o [2]
          .cutb.ram.data  rw data  0x1fff0048     0x34  hal_sdr_controller.o [2]
          .cutb.ram.data  rw data  0x1fff007c     0x14  hal_sdr_controller.o [2]
          .cutb.ram.data  rw data  0x1fff0090      0x4  hal_sdr_controller.o [2]
          .cutb.ram.data  zero     0x1fff0094   0x1000  hal_sdr_controller.o [2]
          .hal.ram.data   rw data  0x1fff1098    0x430  rom.o [11]
          .hal.ram.data   rw data  0x1fff14c8      0xc  hal_sdr_controller.o [2]
          .hal.ram.data   zero     0x1fff14d4     0x10  startup.o [6]
        .ram_image1.bss            0x1fff14e4      0x0  <Block>
        .ram_image1.text           0x1fff14e4    0xfdc  <Block>
          Veneer          ro code  0x1fff14e4      0x8  - Linker created -
          Veneer          ro code  0x1fff14ec      0x8  - Linker created -
          Veneer          ro code  0x1fff14f4      0x8  - Linker created -
          Veneer          ro code  0x1fff14fc      0x8  - Linker created -
          Veneer          ro code  0x1fff1504      0x8  - Linker created -
          Veneer          ro code  0x1fff150c      0x8  - Linker created -
          Veneer          ro code  0x1fff1514      0x8  - Linker created -
          Veneer          ro code  0x1fff151c      0x8  - Linker created -
          Veneer          ro code  0x1fff1524      0x8  - Linker created -
          Veneer          ro code  0x1fff152c      0x8  - Linker created -
          Veneer          ro code  0x1fff1534      0x8  - Linker created -
          Veneer          ro code  0x1fff153c      0x8  - Linker created -
          Veneer          ro code  0x1fff1544      0x8  - Linker created -
          Veneer          ro code  0x1fff154c      0x8  - Linker created -
          Veneer          ro code  0x1fff1554      0x8  - Linker created -
          Veneer          ro code  0x1fff155c      0x8  - Linker created -
          Veneer          ro code  0x1fff1564      0x8  - Linker created -
          Veneer          ro code  0x1fff156c      0x8  - Linker created -
          Veneer          ro code  0x1fff1574      0x8  - Linker created -
          Veneer          ro code  0x1fff157c      0x8  - Linker created -
          Veneer          ro code  0x1fff1584      0x8  - Linker created -
          Veneer          ro code  0x1fff158c      0x8  - Linker created -
          Veneer          ro code  0x1fff1594      0x8  - Linker created -
          .hal.ram.text   ro code  0x1fff159c    0x700  startup.o [6]
          Veneer          ro code  0x1fff1c9c      0x8  - Linker created -
          .hal.sdrc.text  ro code  0x1fff1ca4    0x81c  hal_sdr_controller.o [2]
                                 - 0x1ffff338   0xf338


*******************************************************************************
*** INIT TABLE
***

          Address     Size
          -------     ----
Zero (__iar_zero_init3)
    8 destination ranges, total size 0x26b67:
          0x10000384   0x350
          0x100495a0  0x4f1e
          0x1004e4c0    0x90
          0x1004e550   0x12c
          0x1004e67c  0x3408
          0x10061000  0xf000
          0x1fff0000  0xf334
          0x1ffff334     0x1



*******************************************************************************
*** MODULE SUMMARY
***

    Module                       ro code  rw code  ro data  rw data
    ------                       -------  -------  -------  -------
F:\sdk-ameba1-v3.4b_ECN_2016.08.01\project\realtek_ameba1_va0_example\EWARM-RELEASE\..\..\..\component\soc\realtek\8195a\misc\bsp\image: [1]
    ram_1.r.bin                                     14 028
    ---------------------------------------------------------------
    Total:                                          14 028

F:\sdk-ameba1-v3.4b_ECN_2016.08.01\project\realtek_ameba1_va0_example\EWARM-RELEASE\Debug\Obj: [2]
    IIC.o                            892                         40
    Kalman_Filter.o                  184
    SHT20.o                          368                         12
    Water.o                          484                         36
    analogin_api.o                   294
    api_lib.o                      1 172
    api_msg.o                      2 912
    atcmd_sys.o                    3 596                96      204
    atcmd_wifi.o                   6 496               208      600
    autoip.o                         706
    cmsis_os.o                        24
    def.o                             38
    dhcp.o                         3 094                         56
    dhcps.o                        1 630                        120
    dns.o                            880                      1 652
    etharp.o                       1 736                        201
    ethernetif.o                     332                          4
    example_entry.o                    6
    example_wlan_fast_connect.o      468                          4
    flash_api.o                      736
    freertos_pmu.o                   196                         16
    freertos_service.o             1 408               292        4
    gpio_api.o                       444
    hal_32k.o                        144
    hal_adc.o                      2 004                         56
    hal_gdma.o                       104
    hal_gpio.o                       116                        300
    hal_pwm.o                        400                         64
    hal_soc_ps_monitor.o           2 060                        656
    hal_timer.o                       60
    heap_5.o                         448                     61 500
    icmp.o                           392
    igmp.o                           952                         12
    inet_chksum.o                    306
    init.o                            46
    ip.o                             856                         18
    ip_addr.o                        474                 8       16
    ip_frag.o                      1 268                          8
    list.o                           142
    log_service.o                    992                16      404
    low_level_io.o                    44
    lwip_intf.o                      616
    lwip_netconf.o                   832                        120
    lwip_timers.o                    564                          8
    main.o                           916                         37
    mem.o                            608
    memp.o                           208
    myIIC.o                           22
    netbuf.o                         154
    netif.o                          322                         12
    osdep_api.o                      104
    osdep_service.o                1 388                          4
    pbuf.o                         1 118                          1
    ping_test.o                      556                         40
    pinmap.o                           2
    pinmap_common.o                  148
    port.o                           520                         16
    portasm.o                        148
    pwmout_api.o                     664
    queue.o                        1 186
    raw.o                            372                          4
    rtl8195a_adc.o                   792
    rtl8195a_gdma.o                  876
    rtl8195a_pwm.o                   452
    rtl8195a_timer.o               1 096                         24
    rtl_consol.o                     580                        848
    sleep.o                           20
    sockets.o                      2 028                        104
    sys_api.o                        904
    sys_arch.o                       486                         52
    system_8195a.o                    20                          4
    tasks.o                        2 144                        376
    tcm_heap.o                       330                         12
    tcp.o                          2 860                         35
    tcp_in.o                       3 756                         48
    tcp_out.o                      2 646
    tcpip.o                          504                         12
    timers.o                         756                         56
    udp.o                          1 040                          8
    update.o                       2 008                32        4
    us_ticker.o                       48
    webserver.o                    5 416                      3 724
    wifi_conf.o                    5 516                         80
    wifi_ind.o                       180                        336
    wifi_promisc.o                 1 152                        129
    wifi_simple_config.o           2 896                         64
    wifi_util.o                    3 216
    wifi_wps_config.o              2 240                         40
    wlan_network.o                   220
    ---------------------------------------------------------------
    Total:                        93 534               652   72 181

command line: [3]
    ---------------------------------------------------------------
    Total:

dl7M_tln.a: [4]
    abs.o                              8
    errno.o                           12                          4
    printf.o                          36
    putchar.o                         40
    rand.o                           224                        140
    sscanf.o                          36
    xprintftiny.o                    336
    xprout.o                          22
    xscanfsmall_nomb.o             1 300
    xsscin.o                          30
    xstol.o                          134
    xstoul.o                         412
    xtls.o                             2
    ---------------------------------------------------------------
    Total:                         2 592                        144

lib_mdns.a: [5]
    ---------------------------------------------------------------
    Total:

lib_platform.a: [6]
    app_start.o                       36
    hal_common.o                      16
    hal_crypto.o                      36                      1 280
    hal_log_uart.o                   248
    hal_pinmux.o                      56
    hal_spi_flash_ram.o            3 704                        144
    startup.o                        804                20       12
    ---------------------------------------------------------------
    Total:                         4 900                20    1 436

lib_rtlstd.a: [7]
    ram_libc.o                       324                          4
    ram_libgloss_retarget.o          260                          4
    ---------------------------------------------------------------
    Total:                           584                          8

lib_wlan.a: [8]
    Hal8195APwrSeq.o                                            320
    Hal8195ARateAdaptive.o         1 910                        148
    HalHWImg8195A_BB.o               516                      2 328
    HalHWImg8195A_MAC.o              336                        776
    HalHWImg8195A_RF.o               540               134    6 632
    HalPhyRf.o                     1 124
    HalPhyRf_8195A.o               5 280
    HalPwrSeqCmd.o                   220
    PhyDM_Adaptivity.o               932
    freertos_intfs.o               2 692                         36
    freertos_ioctl.o              10 028                         56
    freertos_isr.o                   120                          4
    freertos_recv.o                  500
    freertos_skbuff.o                852                     13 788
    freertos_xmit.o                  250
    hal_com.o                      2 828
    hal_com_phycfg.o               3 296
    hal_intf.o                       984
    hci_intfs.o                       56
    lxbus_halinit.o                2 696
    lxbus_hci_intf.o                 292                16
    lxbus_intf.o                      88
[...]
wifi_mac_hash           0x1003110d    0x2a  Code  Lc  rtw_sta_mgt.o [8]
wifi_mode               0x1004bcf0     0x4  Data  Lc  wifi_conf.o [2]
wifi_no_network_hdl     0x1001a57f     0xe  Code  Lc  wifi_conf.o [2]
wifi_off                0x1001ad3b    0x6a  Code  Gb  wifi_conf.o [2]
wifi_on                 0x1001acad    0x8e  Code  Gb  wifi_conf.o [2]
wifi_reg_event_handler  0x100186db    0x3a  Code  Gb  wifi_ind.o [2]
wifi_remove_packet_filter
                        0x1001b541     0x4  Code  Gb  wifi_conf.o [2]
wifi_restart_ap         0x1001b331    0xfe  Code  Gb  wifi_conf.o [2]
wifi_rx_beacon_hdl      0x1001a57d     0x2  Code  Gb  wifi_conf.o [2]
wifi_scan               0x1001b043    0x56  Code  Gb  wifi_conf.o [2]
wifi_scan_done_hdl      0x1001afdf    0x64  Code  Lc  wifi_conf.o [2]
wifi_scan_each_report_hdl
                        0x1001aeb5   0x12a  Code  Lc  wifi_conf.o [2]
wifi_scan_networks      0x1001b0b9    0x92  Code  Gb  wifi_conf.o [2]
wifi_set_autoreconnect  0x1001b4e3     0xc  Code  Gb  wifi_conf.o [2]
wifi_set_channel        0x1001aca3     0xa  Code  Gb  wifi_conf.o [2]
wifi_set_lps_dtim       0x1001adc5     0xa  Code  Gb  wifi_conf.o [2]
wifi_set_power_mode     0x1001ada5     0x4  Code  Gb  wifi_conf.o [2]
wifi_set_promisc        0x1001b2d5     0x4  Code  Gb  wifi_conf.o [2]
wifi_set_pscan_chan     0x1001b159    0x12  Code  Gb  wifi_conf.o [2]
wifi_set_tdma_param     0x1001adb1    0x14  Code  Gb  wifi_conf.o [2]
wifi_set_wps_phase      0x1001b2d1     0x4  Code  Gb  wifi_conf.o [2]
wifi_setting            0x1004ae40    0x6c  Data  Gb  webserver.o [2]
wifi_show_setting       0x1001b225    0x9e  Code  Gb  wifi_conf.o [2]
wifi_start_ap           0x1001ade5    0xcc  Code  Gb  wifi_conf.o [2]
wifi_unreg_event_handler
                        0x10018715    0x30  Code  Gb  wifi_ind.o [2]
wifirate2_ratetbl_inx   0x10032241    0x60  Code  Gb  rtw_wlan_util.o [8]
wireless_send_event     0x1002144b     0xa  Code  Gb  freertos_ioctl.o [8]
wlan_init_done_callback
                        0x10041879    0xd0  Code  Gb  example_wlan_fast_connect.o [2]
wlan_network            0x100436f9    0x3a  Code  Gb  wlan_network.o [2]
wlan_wrtie_reconnect_data_to_flash
                        0x1004181d    0x5c  Code  Gb  example_wlan_fast_connect.o [2]
wlancmds                0x100248c4   0x1f8  Data  Gb  rtw_cmd.o [8]
wlanevents              0x1002b90c    0xc0  Data  Lc  rtw_mlme_ext.o [8]
wlanhdr_to_ethhdr       0x1002e921   0x138  Code  Gb  rtw_recv.o [8]
wpa_global_PSK          0x1004c084    0x50  Data  Gb  rtw_psk.o [8]
wpa_set_encryption      0x1002160f   0x176  Code  Lc  freertos_ioctl.o [8]
wpabuf_alloc            0x1002ed5d    0x18  Code  Gb  wpabuf.o [9]
wpabuf_alloc_copy       0x1002ed75    0x1c  Code  Gb  wpabuf.o [9]
wpabuf_dup              0x1002ed91    0x1a  Code  Gb  wpabuf.o [9]
wpabuf_free             0x1002edab    0x24  Code  Gb  wpabuf.o [9]
wpabuf_put              0x1002edd5     0xc  Code  Gb  wpabuf.o [9]
wpabuf_put_be16         0x1002ee35    0x14  Code  Lc  wps_attr_build.o [9]
wpabuf_put_be16         0x10044689    0x14  Code  Lc  wps_dev_attr.o [9]
wpabuf_put_be16         0x10044981    0x14  Code  Lc  wps_enrollee.o [9]
wpabuf_put_buf          0x1002ed53     0xa  Code  Lc  wpabuf.o [9]
wpabuf_put_buf          0x1002ee6b     0xa  Code  Lc  wps_attr_build.o [9]
wpabuf_put_data         0x10043ff9    0x22  Code  Lc  eap_wsc.o [9]
wpabuf_put_data         0x1002ed31    0x22  Code  Lc  wpabuf.o [9]
wpabuf_put_data         0x1002ee49    0x22  Code  Lc  wps_attr_build.o [9]
wpabuf_put_data         0x1004469d    0x22  Code  Lc  wps_dev_attr.o [9]
wpabuf_put_data         0x10044995    0x22  Code  Lc  wps_enrollee.o [9]
wpabuf_put_u8           0x10043fe9    0x10  Code  Lc  eap_wsc.o [9]
wpabuf_put_u8           0x1002ee25    0x10  Code  Lc  wps_attr_build.o [9]
wpabuf_put_u8           0x1004452d    0x10  Code  Lc  eap_common.o [9]
wpabuf_put_u8           0x10044649    0x10  Code  Lc  eap_wsc_common.o [9]
wpabuf_zeropad          0x1002ede1    0x3a  Code  Gb  wpabuf.o [9]
wpas_eap_wsc_init       0x10043a51    0x12  Code  Gb  wps_protocol_handler.o [9]
wpas_swith_to_wps_auth  0x10043a63    0x14  Code  Gb  wps_protocol_handler.o [9]
wpas_swith_to_wps_encr  0x10043a77    0x20  Code  Gb  wps_protocol_handler.o [9]
wpas_wps_dev_config     0x10043a97    0xd0  Code  Gb  wps_protocol_handler.o [9]
wpas_wps_init           0x10043b67    0x7e  Code  Gb  wps_protocol_handler.o [9]
wpas_wps_notify_wps_finish
                        0x10043d0d    0x34  Code  Gb  wps_protocol_handler.o [9]
wpas_wps_notify_wps_finish_hdl
                        0x10043d41     0x2  Code  Gb  wps_protocol_handler.o [9]
wpas_wsc_eapol_recvd    0x10043eef    0x66  Code  Gb  wps_protocol_handler.o [9]
wpas_wsc_eapol_recvd_hdl
                        0x10043f65    0x24  Code  Gb  wps_protocol_handler.o [9]
wpas_wsc_enrollee_handle_eap_fail
                        0x10043d43    0x48  Code  Gb  wps_protocol_handler.o [9]
wpas_wsc_enrollee_handle_recvd
                        0x10043e77    0x78  Code  Gb  wps_protocol_handler.o [9]
wpas_wsc_send_eap_rspidentity
                        0x10043c4b    0x78  Code  Gb  wps_protocol_handler.o [9]
wpas_wsc_send_eapol     0x10043d9b    0xcc  Code  Gb  wps_protocol_handler.o [9]
wpas_wsc_send_packet    0x10043be5    0x66  Code  Gb  wps_protocol_handler.o [9]
wps_build_ap_settings   0x10044bf3    0xdc  Code  Lc  wps_enrollee.o [9]
wps_build_assoc_state   0x1002f07b    0x14  Code  Gb  wps_attr_build.o [9]
wps_build_auth_type_flags
                        0x1002f021    0x14  Code  Gb  wps_attr_build.o [9]
wps_build_authenticator
                        0x1002ef67    0x52  Code  Gb  wps_attr_build.o [9]
wps_build_config_error  0x1002ef5b     0xc  Code  Gb  wps_attr_build.o [9]
wps_build_config_methods
                        0x1002ef15     0xc  Code  Gb  wps_attr_build.o [9]
wps_build_conn_type_flags
                        0x1002f05d    0x14  Code  Gb  wps_attr_build.o [9]
wps_build_dev_name      0x1004475f    0x24  Code  Gb  wps_dev_attr.o [9]
wps_build_dev_password_id
                        0x1002ef39     0xa  Code  Gb  wps_attr_build.o [9]
wps_build_device_attrs  0x10044783    0x5e  Code  Gb  wps_dev_attr.o [9]
wps_build_e_hash        0x100449b7    0x9e  Code  Lc  wps_enrollee.o [9]
wps_build_encr_settings
                        0x1002f0c1    0x76  Code  Gb  wps_attr_build.o [9]
wps_build_encr_type_flags
                        0x1002f035    0x12  Code  Gb  wps_attr_build.o [9]
wps_build_enrollee_nonce
                        0x1002efdf    0x1e  Code  Gb  wps_attr_build.o [9]
wps_build_key_wrap_auth
                        0x1002f08f    0x32  Code  Gb  wps_attr_build.o [9]
wps_build_m1            0x10044a6b   0x100  Code  Gb  wps_enrollee.o [9]
wps_build_m5            0x10044b6b    0x82  Code  Lc  wps_enrollee.o [9]
wps_build_m7            0x10044cd5    0x96  Code  Lc  wps_enrollee.o [9]
wps_build_mac_addr      0x1002f137    0x16  Code  Gb  wps_attr_build.o [9]
wps_build_manufacturer  0x100446bf    0x24  Code  Gb  wps_dev_attr.o [9]
wps_build_model_name    0x100446e3    0x22  Code  Gb  wps_dev_attr.o [9]
wps_build_model_number  0x10044711    0x24  Code  Gb  wps_dev_attr.o [9]
wps_build_msg_type      0x1002efd3     0xc  Code  Gb  wps_attr_build.o [9]
wps_build_os_version    0x100447e1    0x30  Code  Gb  wps_dev_attr.o [9]
wps_build_primary_dev_type
                        0x10044735    0x24  Code  Gb  wps_dev_attr.o [9]
wps_build_public_key    0x1002ee75    0x88  Code  Gb  wps_attr_build.o [9]
wps_build_registrar_nonce
                        0x1002effd    0x1e  Code  Gb  wps_attr_build.o [9]
wps_build_rf_bands      0x10044815    0x24  Code  Gb  wps_dev_attr.o [9]
wps_build_uuid_e        0x1002ef21    0x18  Code  Gb  wps_attr_build.o [9]
wps_build_version       0x1002efb9    0x16  Code  Gb  wps_attr_build.o [9]
wps_build_wfa_ext       0x1002efcf     0x4  Code  Gb  wps_attr_build.o [9]
wps_build_wsc_ack       0x10021351    0x42  Code  Gb  wps_common.o [9]
wps_build_wsc_nack      0x10021393    0x4e  Code  Gb  wps_common.o [9]
wps_check_and_show_connection_info
                        0x1001cdc9    0x24  Code  Gb  wifi_wps_config.o [2]
wps_decrypt_encr_settings
                        0x1002122d    0x7e  Code  Gb  wps_common.o [9]
wps_deinit              0x100444a7    0x58  Code  Gb  wps.o [9]
wps_derive_keys         0x100210fd    0xde  Code  Gb  wps_common.o [9]
wps_derive_psk          0x100211db    0x52  Code  Gb  wps_common.o [9]
wps_device_data_free    0x10044937    0x44  Code  Gb  wps_dev_attr.o [9]
wps_enrollee_get_msg    0x10044d9b   0x11e  Code  Gb  wps_enrollee.o [9]
wps_enrollee_process_msg
                        0x10045307    0xb4  Code  Gb  wps_enrollee.o [9]
wps_generate_pin        0x1002130b    0x3a  Code  Gb  wps_common.o [9]
wps_get_msg             0x10044509     0x4  Code  Gb  wps.o [9]
wps_init                0x10044389   0x106  Code  Gb  wps.o [9]
wps_judge_staion_disconnect
                        0x1001d167    0x46  Code  Gb  wifi_wps_config.o [2]
wps_kdf                 0x10021059    0xa4  Code  Gb  wps_common.o [9]
wps_oui                 0x00035440     0x4  Data  Lc  rom.o [11]
wps_parse_msg           0x100457b9    0x8c  Code  Gb  wps_attr_parse.o [9]
wps_parse_vendor_ext_wfa
                        0x100453cf    0x5c  Code  Lc  wps_attr_parse.o [9]
wps_password_id         0x1004bf20     0x1  Data  Gb  wifi_wps_config.o [2]
wps_pin_checksum        0x100212ab    0x3e  Code  Gb  wps_common.o [9]
wps_pin_code            0x1004bf28    0x20  Data  Gb  wifi_wps_config.o [2]
wps_pin_valid           0x100212e9    0x22  Code  Gb  wps_common.o [9]
wps_process_authenticator
                        0x10045845    0x4e  Code  Gb  wps_attr_process.o [9]
wps_process_cred        0x10045997    0x54  Code  Gb  wps_attr_process.o [9]
wps_process_cred_auth_type
                        0x100458f9    0x12  Code  Lc  wps_attr_process.o [9]
wps_process_cred_e      0x10044f77    0x42  Code  Lc  wps_enrollee.o [9]
wps_process_cred_encr_type
                        0x1004590b    0x12  Code  Lc  wps_attr_process.o [9]
wps_process_cred_mac_addr
                        0x1004595d    0x16  Code  Lc  wps_attr_process.o [9]
wps_process_cred_network_key
                        0x1004592f    0x28  Code  Lc  wps_attr_process.o [9]
wps_process_cred_network_key_idx
                        0x10045923     0xc  Code  Lc  wps_attr_process.o [9]
wps_process_cred_ssid   0x100458cf    0x2a  Code  Lc  wps_attr_process.o [9]
wps_process_creds       0x10044fb9    0x40  Code  Lc  wps_enrollee.o [9]
wps_process_device_attrs
                        0x10044839    0xea  Code  Gb  wps_dev_attr.o [9]
wps_process_enrollee_nonce
                        0x10044eb9    0x18  Code  Lc  wps_enrollee.o [9]
wps_process_key_wrap_auth
                        0x10045893    0x3c  Code  Gb  wps_attr_process.o [9]
wps_process_m2          0x10044ff9    0x90  Code  Lc  wps_enrollee.o [9]
wps_process_m4          0x10045089    0x86  Code  Lc  wps_enrollee.o [9]
wps_process_m8          0x1004511f    0x7a  Code  Lc  wps_enrollee.o [9]
wps_process_msg         0x10044505     0x4  Code  Gb  wps.o [9]
wps_process_r_snonce1   0x10044ed1    0x38  Code  Lc  wps_enrollee.o [9]
wps_process_r_snonce2   0x10044f09    0x38  Code  Lc  wps_enrollee.o [9]
wps_process_wsc_msg     0x100451b9   0x14e  Code  Lc  wps_enrollee.o [9]
wps_scan_result_handler
                        0x1001cded    0x82  Code  Lc  wifi_wps_config.o [2]
wps_set_attr            0x1004542b   0x38e  Code  Lc  wps_attr_parse.o [9]
wps_start               0x1001ce7b   0x2e2  Code  Gb  wifi_wps_config.o [2]
wps_validate_assoc_state
                        0x10045ab5    0x18  Code  Lc  wps_validate.o [9]
wps_validate_auth_type  0x10045be5    0x2c  Code  Lc  wps_validate.o [9]
wps_validate_auth_type_flags
                        0x10045bc9    0x1c  Code  Lc  wps_validate.o [9]
wps_validate_authenticator
                        0x10045c7f     0xa  Code  Lc  wps_validate.o [9]
wps_validate_config_error
                        0x10045acd    0x18  Code  Lc  wps_validate.o [9]
wps_validate_config_methods
                        0x10045a69    0x20  Code  Lc  wps_validate.o [9]
wps_validate_conn_type_flags
                        0x10045c5f    0x16  Code  Lc  wps_validate.o [9]
wps_validate_cred       0x10045cf5    0x82  Code  Lc  wps_validate.o [9]
wps_validate_dev_name   0x10045b57    0x16  Code  Lc  wps_validate.o [9]
wps_validate_dev_password_id
                        0x10045ae5    0x1a  Code  Lc  wps_validate.o [9]
wps_validate_encr_settings
                        0x10045c89    0x10  Code  Lc  wps_validate.o [9]
wps_validate_encr_type  0x10045c2d    0x2c  Code  Lc  wps_validate.o [9]
wps_validate_encr_type_flags
                        0x10045c11    0x1c  Code  Lc  wps_validate.o [9]
wps_validate_enrollee_nonce
                        0x10045b93     0xa  Code  Lc  wps_validate.o [9]
wps_validate_key_wrap_auth
                        0x10045c99     0xa  Code  Lc  wps_validate.o [9]
wps_validate_m2         0x10045db3   0x10e  Code  Gb  wps_validate.o [9]
wps_validate_m2d        0x10045ec1    0xda  Code  Gb  wps_validate.o [9]
wps_validate_m4         0x10045fa9    0x56  Code  Gb  wps_validate.o [9]
wps_validate_m4_encr    0x10045fff    0x28  Code  Gb  wps_validate.o [9]
wps_validate_m6         0x1004604b    0x4a  Code  Gb  wps_validate.o [9]
wps_validate_m6_encr    0x100460ab    0x28  Code  Gb  wps_validate.o [9]
wps_validate_m8         0x100460d3    0x4a  Code  Gb  wps_validate.o [9]
wps_validate_m8_encr    0x1004611d    0x8a  Code  Gb  wps_validate.o [9]
wps_validate_mac_addr   0x10045b81    0x12  Code  Lc  wps_validate.o [9]
wps_validate_manufacturer
                        0x10045aff    0x16  Code  Lc  wps_validate.o [9]
wps_validate_model_name
                        0x10045b15    0x16  Code  Lc  wps_validate.o [9]
wps_validate_model_number
                        0x10045b2b    0x16  Code  Lc  wps_validate.o [9]
wps_validate_msg_type   0x10045b6d    0x14  Code  Lc  wps_validate.o [9]
wps_validate_network_key
                        0x10045cc7    0x2e  Code  Lc  wps_validate.o [9]
wps_validate_network_key_index
                        0x10045cbd     0xa  Code  Lc  wps_validate.o [9]
wps_validate_os_version
                        0x10045c75     0xa  Code  Lc  wps_validate.o [9]
wps_validate_primary_dev_type
                        0x10045a93     0xa  Code  Lc  wps_validate.o [9]
wps_validate_public_key
                        0x10045ba7    0x10  Code  Lc  wps_validate.o [9]
wps_validate_registrar_nonce
                        0x10045b9d     0xa  Code  Lc  wps_validate.o [9]
wps_validate_rf_bands   0x10045a9d    0x18  Code  Lc  wps_validate.o [9]
wps_validate_serial_number
                        0x10045b41    0x16  Code  Lc  wps_validate.o [9]
wps_validate_ssid       0x10045ca3    0x1a  Code  Lc  wps_validate.o [9]
wps_validate_uuid_r     0x10045a89     0xa  Code  Lc  wps_validate.o [9]
wps_validate_version    0x10045a0b    0x12  Code  Lc  wps_validate.o [9]
wps_validate_version2   0x10045a1d    0x12  Code  Lc  wps_validate.o [9]
wps_validate_wsc_ack    0x100461a7    0x46  Code  Gb  wps_validate.o [9]
wps_validate_wsc_nack   0x100461ed    0x4e  Code  Gb  wps_validate.o [9]
wps_workaround_cred_key
                        0x10045973    0x24  Code  Lc  wps_attr_process.o [9]
wrapper_skbbuf_list     0x1004c2d4     0x8  Data  Lc  freertos_skbuff.o [8]
write_cam               0x10031b4d    0x6a  Code  Gb  rtw_wlan_util.o [8]
wsc_eap                 0x1004e3f8    0x1c  Data  Gb  eap_wsc.o [9]
xActiveTimerList1       0x1004adf0    0x14  Data  Lc  timers.o [2]
xActiveTimerList2       0x1004ae04    0x14  Data  Lc  timers.o [2]
xBlockAllocatedBit      0x1004a944     0x4  Data  Lc  heap_5.o [2]
xDelayedTaskList1       0x10046960    0x14  Data  Lc  tasks.o [2]
xDelayedTaskList2       0x10046974    0x14  Data  Lc  tasks.o [2]
xFreeBytesRemaining     0x1004a93c     0x4  Data  Lc  heap_5.o [2]
xHeapRegions            0x1004a918    0x18  Data  Gb  heap_5.o [2]
xMaximumPossibleSuppressedTicks
                        0x1004abf0     0x4  Data  Lc  port.o [2]
xMinimumEverFreeBytesRemaining
                        0x1004a940     0x4  Data  Lc  heap_5.o [2]
xNextTaskUnblockTime    0x10046958     0x4  Data  Lc  tasks.o [2]
xNumOfOverflows         0x10046950     0x4  Data  Lc  tasks.o [2]
xPendingReadyList       0x100468ec    0x14  Data  Lc  tasks.o [2]
xPortGetFreeHeapSize    0x1000fa4f     0x6  Code  Gb  heap_5.o [2]
xPortPendSVHandler      0x10046491          Code  Gb  portasm.o [2]
xPortStartScheduler     0x1000e179    0x26  Code  Gb  port.o [2]
xPortSysTickHandler     0x1000e1db    0x1e  Code  Gb  port.o [2]
xQueueCreateCountingSemaphore
                        0x1000d539    0x12  Code  Gb  queue.o [2]
xQueueCreateMutex       0x1000d4ef    0x40  Code  Gb  queue.o [2]
xQueueGenericCreate     0x1000d4b3    0x3c  Code  Gb  queue.o [2]
xQueueGenericReceive    0x1000d67b    0xfa  Code  Gb  queue.o [2]
xQueueGenericReset      0x1000d453    0x60  Code  Gb  queue.o [2]
xQueueGenericSend       0x1000d54b    0xc4  Code  Gb  queue.o [2]
xQueueGenericSendFromISR
                        0x1000d60f    0x6c  Code  Gb  queue.o [2]
xSchedulerRunning       0x10046944     0x4  Data  Lc  tasks.o [2]
xStart                  0x1004a930     0x8  Data  Lc  heap_5.o [2]
xSuspendedTaskList      0x10046924    0x14  Data  Lc  tasks.o [2]
xTaskCheckForTimeOut    0x1000deb7    0x3c  Code  Gb  tasks.o [2]
xTaskGenericCreate      0x1000d8f5   0x118  Code  Gb  tasks.o [2]
xTaskGetSchedulerState  0x1000e01f    0x16  Code  Gb  tasks.o [2]
xTaskGetTickCount       0x1000dc7d     0xc  Code  Gb  tasks.o [2]
xTaskIncrementTick      0x1000dca9    0xb0  Code  Gb  tasks.o [2]
xTaskPriorityDisinherit
                        0x1000e0b5    0x6a  Code  Gb  tasks.o [2]
xTaskRemoveFromEventList
                        0x1000de4d    0x38  Code  Gb  tasks.o [2]
xTaskResumeAll          0x1000dbf1    0x8c  Code  Gb  tasks.o [2]
xTasksWaitingTermination
                        0x10046900    0x14  Data  Lc  tasks.o [2]
xTickCount              0x1004693c     0x4  Data  Lc  tasks.o [2]
xTimerCreate            0x1000fb3b    0x3a  Code  Gb  timers.o [2]
xTimerCreateTimerTask   0x1000fb09    0x32  Code  Gb  timers.o [2]
xTimerGenericCommand    0x1000fb75    0x46  Code  Gb  timers.o [2]
xTimerIsTimerActive     0x1000fdd7    0x1a  Code  Gb  timers.o [2]
xTimerQueue             0x1004ade8     0x4  Data  Lc  timers.o [2]
xYieldPending           0x1004694c     0x4  Data  Lc  tasks.o [2]
xmit_delivery_enabled_frames
                        0x1003d08f   0x102  Code  Gb  rtw_xmit.o [8]
xmitframe_addmic        0x1003c2a7   0x182  Code  Gb  rtw_xmit.o [8]
xmitframe_enqueue_for_sleeping_sta
                        0x1003cc1f   0x154  Code  Gb  rtw_xmit.o [8]
xmitframe_swencrypt     0x1003c42f    0x30  Code  Gb  rtw_xmit.o [8]
xnetif                  0x1004ab20    0x78  Data  Gb  lwip_netconf.o [2]
z1                      0x10000374     0x4  Data  Lc  rom.o [11]
z2                      0x10000378     0x4  Data  Lc  rom.o [11]
z3                      0x1000037c     0x4  Data  Lc  rom.o [11]
z4                      0x10000380     0x4  Data  Lc  rom.o [11]
zero_bssid              0x10020348     0x8  Data  Gb  rtw_promisc.o [8]
zeroes                  0x0003ec14    0x10  Data  Lc  rom.o [11]


[1] = F:\sdk-ameba1-v3.4b_ECN_2016.08.01\project\realtek_ameba1_va0_example\EWARM-RELEASE\..\..\..\component\soc\realtek\8195a\misc\bsp\image
[2] = F:\sdk-ameba1-v3.4b_ECN_2016.08.01\project\realtek_ameba1_va0_example\EWARM-RELEASE\Debug\Obj
[3] = command line
[4] = dl7M_tln.a
[5] = lib_mdns.a
[6] = lib_platform.a
[7] = lib_rtlstd.a
[8] = lib_wlan.a
[9] = lib_wps.a
[10] = m7M_tl.a
[11] = rom.a
[12] = rt7M_tl.a

  257 758 bytes of readonly  code memory
  276 520 bytes of readwrite code memory
   19 816 bytes of readonly  data memory
  173 038 bytes of readwrite data memory

Errors: none
Warnings: none
